Archive member included to satisfy reference by file (symbol)

D:/S32/s32_2_2/S32DS/build_tools/gcc_v6.3/gcc-6.3-arm32-eabi/arm-none-eabi/newlib/lib/thumb/v7e-m/fpv4-sp/hard\libm.a(lib_a-w_log.o)
                              ./Sources/main.o (log)
D:/S32/s32_2_2/S32DS/build_tools/gcc_v6.3/gcc-6.3-arm32-eabi/arm-none-eabi/newlib/lib/thumb/v7e-m/fpv4-sp/hard\libm.a(lib_a-e_log.o)
                              D:/S32/s32_2_2/S32DS/build_tools/gcc_v6.3/gcc-6.3-arm32-eabi/arm-none-eabi/newlib/lib/thumb/v7e-m/fpv4-sp/hard\libm.a(lib_a-w_log.o) (__ieee754_log)
D:/S32/s32_2_2/S32DS/build_tools/gcc_v6.3/gcc-6.3-arm32-eabi/arm-none-eabi/newlib/lib/thumb/v7e-m/fpv4-sp/hard\libm.a(lib_a-s_lib_ver.o)
                              D:/S32/s32_2_2/S32DS/build_tools/gcc_v6.3/gcc-6.3-arm32-eabi/arm-none-eabi/newlib/lib/thumb/v7e-m/fpv4-sp/hard\libm.a(lib_a-w_log.o) (__fdlib_version)
D:/S32/s32_2_2/S32DS/build_tools/gcc_v6.3/gcc-6.3-arm32-eabi/arm-none-eabi/newlib/lib/thumb/v7e-m/fpv4-sp/hard\libm.a(lib_a-s_matherr.o)
                              D:/S32/s32_2_2/S32DS/build_tools/gcc_v6.3/gcc-6.3-arm32-eabi/arm-none-eabi/newlib/lib/thumb/v7e-m/fpv4-sp/hard\libm.a(lib_a-w_log.o) (matherr)
D:/S32/s32_2_2/S32DS/build_tools/gcc_v6.3/gcc-6.3-arm32-eabi/arm-none-eabi/newlib/lib/thumb/v7e-m/fpv4-sp/hard\libm.a(lib_a-s_nan.o)
                              D:/S32/s32_2_2/S32DS/build_tools/gcc_v6.3/gcc-6.3-arm32-eabi/arm-none-eabi/newlib/lib/thumb/v7e-m/fpv4-sp/hard\libm.a(lib_a-w_log.o) (nan)
d:/s32/s32_2_2/s32ds/build_tools/gcc_v6.3/gcc-6.3-arm32-eabi/bin/../lib/gcc/arm-none-eabi/6.3.1/thumb/v7e-m/fpv4-sp/hard\libgcc.a(_arm_addsubdf3.o)
                              D:/S32/s32_2_2/S32DS/build_tools/gcc_v6.3/gcc-6.3-arm32-eabi/arm-none-eabi/newlib/lib/thumb/v7e-m/fpv4-sp/hard\libm.a(lib_a-e_log.o) (__aeabi_dsub)
d:/s32/s32_2_2/s32ds/build_tools/gcc_v6.3/gcc-6.3-arm32-eabi/bin/../lib/gcc/arm-none-eabi/6.3.1/thumb/v7e-m/fpv4-sp/hard\libgcc.a(_arm_muldivdf3.o)
                              D:/S32/s32_2_2/S32DS/build_tools/gcc_v6.3/gcc-6.3-arm32-eabi/arm-none-eabi/newlib/lib/thumb/v7e-m/fpv4-sp/hard\libm.a(lib_a-e_log.o) (__aeabi_dmul)
d:/s32/s32_2_2/s32ds/build_tools/gcc_v6.3/gcc-6.3-arm32-eabi/bin/../lib/gcc/arm-none-eabi/6.3.1/thumb/v7e-m/fpv4-sp/hard\libgcc.a(_arm_cmpdf2.o)
                              D:/S32/s32_2_2/S32DS/build_tools/gcc_v6.3/gcc-6.3-arm32-eabi/arm-none-eabi/newlib/lib/thumb/v7e-m/fpv4-sp/hard\libm.a(lib_a-w_log.o) (__aeabi_dcmpeq)
d:/s32/s32_2_2/s32ds/build_tools/gcc_v6.3/gcc-6.3-arm32-eabi/bin/../lib/gcc/arm-none-eabi/6.3.1/thumb/v7e-m/fpv4-sp/hard\libgcc.a(_arm_unorddf2.o)
                              D:/S32/s32_2_2/S32DS/build_tools/gcc_v6.3/gcc-6.3-arm32-eabi/arm-none-eabi/newlib/lib/thumb/v7e-m/fpv4-sp/hard\libm.a(lib_a-w_log.o) (__aeabi_dcmpun)
d:/s32/s32_2_2/s32ds/build_tools/gcc_v6.3/gcc-6.3-arm32-eabi/bin/../lib/gcc/arm-none-eabi/6.3.1/thumb/v7e-m/fpv4-sp/hard\libgcc.a(_arm_truncdfsf2.o)
                              ./Sources/main.o (__aeabi_d2f)
d:/s32/s32_2_2/s32ds/build_tools/gcc_v6.3/gcc-6.3-arm32-eabi/bin/../lib/gcc/arm-none-eabi/6.3.1/thumb/v7e-m/fpv4-sp/hard\libgcc.a(_aeabi_uldivmod.o)
                              ./SDK/platform/drivers/src/lpit/lpit_driver.o (__aeabi_uldivmod)
d:/s32/s32_2_2/s32ds/build_tools/gcc_v6.3/gcc-6.3-arm32-eabi/bin/../lib/gcc/arm-none-eabi/6.3.1/thumb/v7e-m/fpv4-sp/hard\libgcc.a(_udivmoddi4.o)
                              d:/s32/s32_2_2/s32ds/build_tools/gcc_v6.3/gcc-6.3-arm32-eabi/bin/../lib/gcc/arm-none-eabi/6.3.1/thumb/v7e-m/fpv4-sp/hard\libgcc.a(_aeabi_uldivmod.o) (__udivmoddi4)
d:/s32/s32_2_2/s32ds/build_tools/gcc_v6.3/gcc-6.3-arm32-eabi/bin/../lib/gcc/arm-none-eabi/6.3.1/thumb/v7e-m/fpv4-sp/hard\libgcc.a(_dvmd_tls.o)
                              d:/s32/s32_2_2/s32ds/build_tools/gcc_v6.3/gcc-6.3-arm32-eabi/bin/../lib/gcc/arm-none-eabi/6.3.1/thumb/v7e-m/fpv4-sp/hard\libgcc.a(_aeabi_uldivmod.o) (__aeabi_ldiv0)
D:/S32/s32_2_2/S32DS/build_tools/gcc_v6.3/gcc-6.3-arm32-eabi/arm-none-eabi/newlib/lib/thumb/v7e-m/fpv4-sp/hard\libc_nano.a(lib_a-errno.o)
                              D:/S32/s32_2_2/S32DS/build_tools/gcc_v6.3/gcc-6.3-arm32-eabi/arm-none-eabi/newlib/lib/thumb/v7e-m/fpv4-sp/hard\libm.a(lib_a-w_log.o) (__errno)
D:/S32/s32_2_2/S32DS/build_tools/gcc_v6.3/gcc-6.3-arm32-eabi/arm-none-eabi/newlib/lib/thumb/v7e-m/fpv4-sp/hard\libc_nano.a(lib_a-exit.o)
                              D:/S32/s32_2_2/S32DS/build_tools/gcc_v6.3/gcc-6.3-arm32-eabi/arm-none-eabi/newlib/lib/thumb/v7e-m/fpv4-sp/hard/crt0.o (exit)
D:/S32/s32_2_2/S32DS/build_tools/gcc_v6.3/gcc-6.3-arm32-eabi/arm-none-eabi/newlib/lib/thumb/v7e-m/fpv4-sp/hard\libc_nano.a(lib_a-impure.o)
                              D:/S32/s32_2_2/S32DS/build_tools/gcc_v6.3/gcc-6.3-arm32-eabi/arm-none-eabi/newlib/lib/thumb/v7e-m/fpv4-sp/hard\libc_nano.a(lib_a-exit.o) (_global_impure_ptr)
D:/S32/s32_2_2/S32DS/build_tools/gcc_v6.3/gcc-6.3-arm32-eabi/arm-none-eabi/newlib/lib/thumb/v7e-m/fpv4-sp/hard\libc_nano.a(lib_a-init.o)
[...]
Memory Configuration

Name             Origin             Length             Attributes
m_interrupts     0x00000000         0x00000400         xr
m_flash_config   0x00000400         0x00000010         xr
m_text           0x00000410         0x0007fbf0         xr
m_data           0x1fff8000         0x00008000         rw
m_data_2         0x20000000         0x00007000         rw
*default*        0x00000000         0xffffffff

Linker script and memory map

LOAD d:/s32/s32_2_2/s32ds/build_tools/gcc_v6.3/gcc-6.3-arm32-eabi/bin/../lib/gcc/arm-none-eabi/6.3.1/thumb/v7e-m/fpv4-sp/hard/crti.o
LOAD d:/s32/s32_2_2/s32ds/build_tools/gcc_v6.3/gcc-6.3-arm32-eabi/bin/../lib/gcc/arm-none-eabi/6.3.1/thumb/v7e-m/fpv4-sp/hard/crtbegin.o
LOAD D:/S32/s32_2_2/S32DS/build_tools/gcc_v6.3/gcc-6.3-arm32-eabi/arm-none-eabi/newlib/lib/thumb/v7e-m/fpv4-sp/hard/crt0.o
LOAD ./Generated_Code/Cpu.o
LOAD ./Generated_Code/adConv1.o
LOAD ./Generated_Code/canCom1.o
LOAD ./Generated_Code/clockMan1.o
LOAD ./Generated_Code/csec1.o
LOAD ./Generated_Code/dmaController1.o
LOAD ./Generated_Code/lpi2c1.o
LOAD ./Generated_Code/lpit1.o
LOAD ./Generated_Code/lpuart1.o
LOAD ./Generated_Code/pin_mux.o
LOAD ./Project_Settings/Startup_Code/startup_S32K144.o
LOAD ./SDK/platform/devices/S32K144/startup/system_S32K144.o
LOAD ./SDK/platform/devices/startup.o
LOAD ./SDK/platform/drivers/src/adc/adc_driver.o
LOAD ./SDK/platform/drivers/src/clock/S32K1xx/clock_S32K1xx.o
LOAD ./SDK/platform/drivers/src/csec/csec_driver.o
LOAD ./SDK/platform/drivers/src/csec/csec_hw_access.o
LOAD ./SDK/platform/drivers/src/edma/edma_driver.o
LOAD ./SDK/platform/drivers/src/edma/edma_hw_access.o
LOAD ./SDK/platform/drivers/src/edma/edma_irq.o
LOAD ./SDK/platform/drivers/src/flexcan/flexcan_driver.o
LOAD ./SDK/platform/drivers/src/flexcan/flexcan_hw_access.o
LOAD ./SDK/platform/drivers/src/flexcan/flexcan_irq.o
LOAD ./SDK/platform/drivers/src/interrupt/interrupt_manager.o
LOAD ./SDK/platform/drivers/src/lpi2c/lpi2c_driver.o
LOAD ./SDK/platform/drivers/src/lpi2c/lpi2c_hw_access.o
LOAD ./SDK/platform/drivers/src/lpi2c/lpi2c_irq.o
LOAD ./SDK/platform/drivers/src/lpit/lpit_driver.o
LOAD ./SDK/platform/drivers/src/lpuart/lpuart_driver.o
LOAD ./SDK/platform/drivers/src/lpuart/lpuart_hw_access.o
LOAD ./SDK/platform/drivers/src/lpuart/lpuart_irq.o
LOAD ./SDK/platform/drivers/src/pins/pins_driver.o
LOAD ./SDK/platform/drivers/src/pins/pins_port_hw_access.o
LOAD ./SDK/rtos/osif/osif_baremetal.o
LOAD ./Sources/main.o
LOAD D:/S32/s32_2_2/S32DS/build_tools/gcc_v6.3/gcc-6.3-arm32-eabi/arm-none-eabi/newlib/lib/thumb/v7e-m/fpv4-sp/hard\libm.a
START GROUP
LOAD d:/s32/s32_2_2/s32ds/build_tools/gcc_v6.3/gcc-6.3-arm32-eabi/bin/../lib/gcc/arm-none-eabi/6.3.1/thumb/v7e-m/fpv4-sp/hard\libgcc.a
LOAD D:/S32/s32_2_2/S32DS/build_tools/gcc_v6.3/gcc-6.3-arm32-eabi/arm-none-eabi/newlib/lib/thumb/v7e-m/fpv4-sp/hard\libc_nano.a
END GROUP
START GROUP
LOAD d:/s32/s32_2_2/s32ds/build_tools/gcc_v6.3/gcc-6.3-arm32-eabi/bin/../lib/gcc/arm-none-eabi/6.3.1/thumb/v7e-m/fpv4-sp/hard\libgcc.a
LOAD D:/S32/s32_2_2/S32DS/build_tools/gcc_v6.3/gcc-6.3-arm32-eabi/arm-none-eabi/newlib/lib/thumb/v7e-m/fpv4-sp/hard\libc_nano.a
LOAD D:/S32/s32_2_2/S32DS/build_tools/gcc_v6.3/gcc-6.3-arm32-eabi/arm-none-eabi/newlib/lib/thumb/v7e-m/fpv4-sp/hard\libnosys.a
END GROUP
START GROUP
LOAD d:/s32/s32_2_2/s32ds/build_tools/gcc_v6.3/gcc-6.3-arm32-eabi/bin/../lib/gcc/arm-none-eabi/6.3.1/thumb/v7e-m/fpv4-sp/hard\libgcc.a
LOAD D:/S32/s32_2_2/S32DS/build_tools/gcc_v6.3/gcc-6.3-arm32-eabi/arm-none-eabi/newlib/lib/thumb/v7e-m/fpv4-sp/hard\libc_nano.a
LOAD D:/S32/s32_2_2/S32DS/build_tools/gcc_v6.3/gcc-6.3-arm32-eabi/arm-none-eabi/newlib/lib/thumb/v7e-m/fpv4-sp/hard\libnosys.a
END GROUP
LOAD d:/s32/s32_2_2/s32ds/build_tools/gcc_v6.3/gcc-6.3-arm32-eabi/bin/../lib/gcc/arm-none-eabi/6.3.1/thumb/v7e-m/fpv4-sp/hard/crtend.o
LOAD d:/s32/s32_2_2/s32ds/build_tools/gcc_v6.3/gcc-6.3-arm32-eabi/bin/../lib/gcc/arm-none-eabi/6.3.1/thumb/v7e-m/fpv4-sp/hard/crtn.o
                0x00000400                HEAP_SIZE = DEFINED (__heap_size__)?__heap_size__:0x400
                0x00000400                STACK_SIZE = DEFINED (__stack_size__)?__stack_size__:0x400
                0x00000400                M_VECTOR_RAM_SIZE = DEFINED (__flash_vector_table__)?0x0:0x400

.interrupts     0x00000000      0x400
                0x00000000                __VECTOR_TABLE = .
                0x00000000                __interrupts_start__ = .
                0x00000000                . = ALIGN (0x4)
 *(.isr_vector)
 .isr_vector    0x00000000      0x400 ./Project_Settings/Startup_Code/startup_S32K144.o
                0x00000000                __isr_vector
                0x00000400                __interrupts_end__ = .
                0x00000400                . = ALIGN (0x4)

.flash_config   0x00000400       0x10
                0x00000400                . = ALIGN (0x4)
 *(.FlashConfig)
 .FlashConfig   0x00000400       0x10 ./Project_Settings/Startup_Code/startup_S32K144.o
                0x00000410                . = ALIGN (0x4)

.text           0x00000410     0x68d8
                0x00000410                . = ALIGN (0x4)
 *(.text)
 .text          0x00000410       0x6c ./Project_Settings/Startup_Code/startup_S32K144.o
                0x00000410                Reset_Handler
                0x00000478                DebugMon_Handler
                0x00000478                Reserved88_IRQHandler
                0x00000478                HardFault_Handler
                0x00000478                Reserved86_IRQHandler
                0x00000478                Reserved103_IRQHandler
                0x00000478                FTM2_Ovf_Reload_IRQHandler
                0x00000478                Reserved50_IRQHandler
                0x00000478                FTFC_Fault_IRQHandler
                0x00000478                FTM0_Ch6_Ch7_IRQHandler
                0x00000478                Reserved114_IRQHandler
                0x00000478                PendSV_Handler
                0x00000478                NMI_Handler
                0x00000478                Reserved89_IRQHandler
                0x00000478                ERM_double_fault_IRQHandler
                0x00000478                Reserved59_IRQHandler
                0x00000478                Reserved99_IRQHandler
                0x00000478                FTM3_Ch6_Ch7_IRQHandler
                0x00000478                LPIT0_Ch3_IRQHandler
                0x00000478                Reserved92_IRQHandler
                0x00000478                FTM0_Ch4_Ch5_IRQHandler
                0x00000478                FTM3_Ch0_Ch1_IRQHandler
                0x00000478                SWI_IRQHandler
                0x00000478                ADC0_IRQHandler
                0x00000478                FTM2_Ch4_Ch5_IRQHandler
                0x00000478                UsageFault_Handler
                0x00000478                FTM0_Ovf_Reload_IRQHandler
                0x00000478                DefaultISR
                0x00000478                Reserved58_IRQHandler
                0x00000478                FTM1_Ch2_Ch3_IRQHandler
                0x00000478                Reserved82_IRQHandler
                0x00000478                Reserved71_IRQHandler
                0x00000478                PORTD_IRQHandler
                0x00000478                Reserved69_IRQHandler
                0x00000478                PORTB_IRQHandler
                0x00000478                Reserved70_IRQHandler
                0x00000478                ADC1_IRQHandler
                0x00000478                FTM2_Ch2_Ch3_IRQHandler
                0x00000478                Reserved53_IRQHandler
                0x00000478                RTC_IRQHandler
                0x00000478                PDB0_IRQHandler
                0x00000478                Reserved54_IRQHandler
                0x00000478                FTM2_Ch6_Ch7_IRQHandler
                0x00000478                FTM3_Ch2_Ch3_IRQHandler
                0x00000478                FTM2_Ch0_Ch1_IRQHandler
                0x00000478                LPSPI1_IRQHandler
                0x00000478                LPUART1_RxTx_IRQHandler
                0x00000478                RTC_Seconds_IRQHandler
                0x00000478                Reserved72_IRQHandler
                0x00000478                Reserved110_IRQHandler
                0x00000478                Reserved107_IRQHandler
                0x00000478                Read_Collision_IRQHandler
                0x00000478                FTM1_Ch6_Ch7_IRQHandler
                0x00000478                Reserved105_IRQHandler
                0x00000478                LPIT0_Ch1_IRQHandler
                0x00000478                FTM1_Ch4_Ch5_IRQHandler
                0x00000478                FTM3_Ovf_Reload_IRQHandler
                0x00000478                LPUART2_RxTx_IRQHandler
                0x00000478                LPSPI0_IRQHandler
                0x00000478                WDOG_EWM_IRQHandler
                0x00000478                MemManage_Handler
                0x00000478                Reserved90_IRQHandler
                0x00000478                Reserved83_IRQHandler
                0x00000478                FTM0_Fault_IRQHandler
                0x00000478                Reserved48_IRQHandler
                0x00000478                SVC_Handler
                0x00000478                ERM_single_fault_IRQHandler
                0x00000478                FTM2_Fault_IRQHandler
                0x00000478                FTM0_Ch2_Ch3_IRQHandler
                0x00000478                FTM0_Ch0_Ch1_IRQHandler
                0x00000478                FTM3_Fault_IRQHandler
                0x00000478                RCM_IRQHandler
                0x00000478                Reserved100_IRQHandler
                0x00000478                Reserved91_IRQHandler
                0x00000478                SCG_IRQHandler
                0x00000478                PDB1_IRQHandler
                0x00000478                Reserved81_IRQHandler
                0x00000478                Reserved46_IRQHandler
                0x00000478                Reserved45_IRQHandler
                0x00000478                Reserved112_IRQHandler
                0x00000478                FTM1_Fault_IRQHandler
                0x00000478                Reserved106_IRQHandler
                0x00000478                LVD_LVW_IRQHandler
                0x00000478                LPIT0_Ch2_IRQHandler
                0x00000478                PORTA_IRQHandler
                0x00000478                MCM_IRQHandler
                0x00000478                LPSPI2_IRQHandler
                0x00000478                FTM3_Ch4_Ch5_IRQHandler
                0x00000478                PORTE_IRQHandler
                0x00000478                LPUART0_RxTx_IRQHandler
                0x00000478                LPTMR0_IRQHandler
                0x00000478                BusFault_Handler
                0x00000478                Reserved87_IRQHandler
                0x00000478                FTM1_Ovf_Reload_IRQHandler
                0x00000478                Reserved93_IRQHandler
                0x00000478                CMP0_IRQHandler
                0x00000478                Reserved52_IRQHandler
                0x00000478                PORTC_IRQHandler
                0x00000478                FTM1_Ch0_Ch1_IRQHandler
                0x00000478                FLEXIO_IRQHandler
                0x00000478                Reserved113_IRQHandler
 .text          0x0000047c      0x378 d:/s32/s32_2_2/s32ds/build_tools/gcc_v6.3/gcc-6.3-arm32-eabi/bin/../lib/gcc/arm-none-eabi/6.3.1/thumb/v7e-m/fpv4-sp/hard\libgcc.a(_arm_addsubdf3.o)
                0x0000047c                __aeabi_drsub
                0x00000484                __aeabi_dsub
                0x00000484                __subdf3
                0x00000488                __aeabi_dadd
                0x00000488                __adddf3
                0x00000700                __floatunsidf
                0x00000700                __aeabi_ui2d
                0x00000720                __floatsidf
                0x00000720                __aeabi_i2d
                0x00000744                __aeabi_f2d
                0x00000744                __extendsfdf2
                0x00000788                __floatundidf
                0x00000788                __aeabi_ul2d
                0x00000798                __floatdidf
                0x00000798                __aeabi_l2d
 .text          0x000007f4      0x424 d:/s32/s32_2_2/s32ds/build_tools/gcc_v6.3/gcc-6.3-arm32-eabi/bin/../lib/gcc/arm-none-eabi/6.3.1/thumb/v7e-m/fpv4-sp/hard\libgcc.a(_arm_muldivdf3.o)
                0x000007f4                __aeabi_dmul
                0x000007f4                __muldf3
                0x00000a48                __divdf3
                0x00000a48                __aeabi_ddiv
 .text          0x00000c18      0x110 d:/s32/s32_2_2/s32ds/build_tools/gcc_v6.3/gcc-6.3-arm32-eabi/bin/../lib/gcc/arm-none-eabi/6.3.1/thumb/v7e-m/fpv4-sp/hard\libgcc.a(_arm_cmpdf2.o)
                0x00000c18                __gtdf2
                0x00000c18                __gedf2
                0x00000c20                __ltdf2
                0x00000c20                __ledf2
                0x00000c28                __nedf2
                0x00000c28                __eqdf2
                0x00000c28                __cmpdf2
                0x00000ca4                __aeabi_cdrcmple
                0x00000cb4                __aeabi_cdcmpeq
                0x00000cb4                __aeabi_cdcmple
                0x00000cc4                __aeabi_dcmpeq
                0x00000cd8                __aeabi_dcmplt
                0x00000cec                __aeabi_dcmple
                0x00000d00                __aeabi_dcmpge
                0x00000d14                __aeabi_dcmpgt
 .text          0x00000d28       0x2c d:/s32/s32_2_2/s32ds/build_tools/gcc_v6.3/gcc-6.3-arm32-eabi/bin/../lib/gcc/arm-none-eabi/6.3.1/thumb/v7e-m/fpv4-sp/hard\libgcc.a(_arm_unorddf2.o)
                0x00000d28                __unorddf2
                0x00000d28                __aeabi_dcmpun
 .text          0x00000d54       0xa0 d:/s32/s32_2_2/s32ds/build_tools/gcc_v6.3/gcc-6.3-arm32-eabi/bin/../lib/gcc/arm-none-eabi/6.3.1/thumb/v7e-m/fpv4-sp/hard\libgcc.a(_arm_truncdfsf2.o)
                0x00000d54                __truncdfsf2
                0x00000d54                __aeabi_d2f
 .text          0x00000df4       0x30 d:/s32/s32_2_2/s32ds/build_tools/gcc_v6.3/gcc-6.3-arm32-eabi/bin/../lib/gcc/arm-none-eabi/6.3.1/thumb/v7e-m/fpv4-sp/hard\libgcc.a(_aeabi_uldivmod.o)
                0x00000df4                __aeabi_uldivmod
 .text          0x00000e24      0x2e4 d:/s32/s32_2_2/s32ds/build_tools/gcc_v6.3/gcc-6.3-arm32-eabi/bin/../lib/gcc/arm-none-eabi/6.3.1/thumb/v7e-m/fpv4-sp/hard\libgcc.a(_udivmoddi4.o)
                0x00000e24                __udivmoddi4
 .text          0x00001108        0x4 d:/s32/s32_2_2/s32ds/build_tools/gcc_v6.3/gcc-6.3-arm32-eabi/bin/../lib/gcc/arm-none-eabi/6.3.1/thumb/v7e-m/fpv4-sp/hard\libgcc.a(_dvmd_tls.o)
                0x00001108                __aeabi_idiv0
                0x00001108                __aeabi_ldiv0
 .text          0x0000110c       0x10 D:/S32/s32_2_2/S32DS/build_tools/gcc_v6.3/gcc-6.3-arm32-eabi/arm-none-eabi/newlib/lib/thumb/v7e-m/fpv4-sp/hard\libc_nano.a(lib_a-strlen.o)
                0x0000110c                strlen
 *fill*         0x0000111c        0x4 
 .text          0x00001120       0xa0 D:/S32/s32_2_2/S32DS/build_tools/gcc_v6.3/gcc-6.3-arm32-eabi/arm-none-eabi/newlib/lib/thumb/v7e-m/fpv4-sp/hard\libc_nano.a(lib_a-memchr.o)
                0x00001120                memchr
 *(.text*)
 .text.SystemInit
                0x000011c0       0x3c ./SDK/platform/devices/S32K144/startup/system_S32K144.o
                0x000011c0                SystemInit
 .text.init_data_bss
                0x000011fc       0xd8 ./SDK/platform/devices/startup.o
                0x000011fc                init_data_bss
 .text.ADC_DRV_ConfigConverter
                0x000012d4      0x1a8 ./SDK/platform/drivers/src/adc/adc_driver.o
                0x000012d4                ADC_DRV_ConfigConverter
 .text.ADC_DRV_ConfigChan
                0x0000147c       0x98 ./SDK/platform/drivers/src/adc/adc_driver.o
                0x0000147c                ADC_DRV_ConfigChan
 .text.ADC_DRV_WaitConvDone
                0x00001514       0x20 ./SDK/platform/drivers/src/adc/adc_driver.o
                0x00001514                ADC_DRV_WaitConvDone
 .text.ADC_DRV_GetChanResult
                0x00001534       0x30 ./SDK/platform/drivers/src/adc/adc_driver.o
                0x00001534                ADC_DRV_GetChanResult
 .text.CLOCK_SYS_GetCurrentRunMode
                0x00001564       0x24 ./SDK/platform/drivers/src/clock/S32K1xx/clock_S32K1xx.o
 .text.CLOCK_SYS_GetSysOscFreq
                0x00001588       0x1c ./SDK/platform/drivers/src/clock/S32K1xx/clock_S32K1xx.o
 .text.CLOCK_SYS_ConfigureSOSC
                0x000015a4      0x12c ./SDK/platform/drivers/src/clock/S32K1xx/clock_S32K1xx.o
 .text.CLOCK_SYS_GetSircFreq
                0x000016d0       0x2c ./SDK/platform/drivers/src/clock/S32K1xx/clock_S32K1xx.o
 .text.CLOCK_SYS_ConfigureSIRC
                0x000016fc       0xc4 ./SDK/platform/drivers/src/clock/S32K1xx/clock_S32K1xx.o
 .text.CLOCK_SYS_GetFircFreq
                0x000017c0       0x20 ./SDK/platform/drivers/src/clock/S32K1xx/clock_S32K1xx.o
 .text.CLOCK_SYS_ConfigureFIRC
                0x000017e0       0xb4 ./SDK/platform/drivers/src/clock/S32K1xx/clock_S32K1xx.o
 .text.CLOCK_SYS_GetSysPllFreq
                0x00001894       0x44 ./SDK/platform/drivers/src/clock/S32K1xx/clock_S32K1xx.o
 .text.CLOCK_SYS_ConfigureSPLL
                0x000018d8      0x12c ./SDK/platform/drivers/src/clock/S32K1xx/clock_S32K1xx.o
 .text.CLOCK_SYS_SetSystemClockConfig
                0x00001a04      0x204 ./SDK/platform/drivers/src/clock/S32K1xx/clock_S32K1xx.o
 .text.CLOCK_SYS_TransitionSystemClock
                0x00001c08       0x54 ./SDK/platform/drivers/src/clock/S32K1xx/clock_S32K1xx.o
 .text.CLOCK_SYS_GetSystemClockFreq
                0x00001c5c       0x80 ./SDK/platform/drivers/src/clock/S32K1xx/clock_S32K1xx.o
 .text.CLOCK_SYS_GetScgClkOutFreq
                0x00001cdc       0x44 ./SDK/platform/drivers/src/clock/S32K1xx/clock_S32K1xx.o
 .text.CLOCK_SYS_GetSysAsyncFreq
                0x00001d20       0xc0 ./SDK/platform/drivers/src/clock/S32K1xx/clock_S32K1xx.o
 .text.CLOCK_SYS_GetSimRtcClkFreq
                0x00001de0       0x50 ./SDK/platform/drivers/src/clock/S32K1xx/clock_S32K1xx.o
 .text.CLOCK_SYS_GetPeripheralClock
                0x00001e30       0x78 ./SDK/platform/drivers/src/clock/S32K1xx/clock_S32K1xx.o
 .text.CLOCK_SYS_GetLpoFreq
                0x00001ea8       0x4c ./SDK/platform/drivers/src/clock/S32K1xx/clock_S32K1xx.o
 .text.CLOCK_SYS_GetSimClkOutFreq
                0x00001ef4       0x98 ./SDK/platform/drivers/src/clock/S32K1xx/clock_S32K1xx.o
 .text.CLOCK_DRV_Init
                0x00001f8c      0x590 ./SDK/platform/drivers/src/clock/S32K1xx/clock_S32K1xx.o
                0x00001f8c                CLOCK_DRV_Init
 .text.CLOCK_DRV_GetFreq
                0x0000251c      0x370 ./SDK/platform/drivers/src/clock/S32K1xx/clock_S32K1xx.o
                0x0000251c                CLOCK_DRV_GetFreq
 .text.CLOCK_SYS_Init
                0x0000288c       0x28 ./SDK/platform/drivers/src/clock/S32K1xx/clock_S32K1xx.o
                0x0000288c                CLOCK_SYS_Init
 .text.CLOCK_SYS_UpdateConfiguration
                0x000028b4       0xf4 ./SDK/platform/drivers/src/clock/S32K1xx/clock_S32K1xx.o
                0x000028b4                CLOCK_SYS_UpdateConfiguration
 .text.CLOCK_SYS_GetFreq
                0x000029a8        0x8 ./SDK/platform/drivers/src/clock/S32K1xx/clock_S32K1xx.o
                0x000029a8                CLOCK_SYS_GetFreq
 .text.CSEC_DRV_StartEncDecECBCmd
                0x000029b0       0x50 ./SDK/platform/drivers/src/csec/csec_driver.o
 .text.CSEC_DRV_StartEncDecCBCCmd
                0x00002a00       0x88 ./SDK/platform/drivers/src/csec/csec_driver.o
 .text.CSEC_DRV_StartGenMACCmd
                0x00002a88       0x54 ./SDK/platform/drivers/src/csec/csec_driver.o
 .text.CSEC_DRV_StartVerifMACCmd
                0x00002adc       0x8c ./SDK/platform/drivers/src/csec/csec_driver.o
 .text.CSEC_DRV_ContinueGenMACCmd
                0x00002b68       0xc8 ./SDK/platform/drivers/src/csec/csec_driver.o
 .text.CSEC_DRV_ContinueEncDecECBCmd
                0x00002c30       0xc4 ./SDK/platform/drivers/src/csec/csec_driver.o
 .text.CSEC_DRV_ContinueVerifMACCmd
                0x00002cf4       0xd0 ./SDK/platform/drivers/src/csec/csec_driver.o
 .text.CSEC_DRV_ContinueEncDecCBCCmd
                0x00002dc4       0xe4 ./SDK/platform/drivers/src/csec/csec_driver.o
 .text.FTFC_IRQHandler
                0x00002ea8       0x70 ./SDK/platform/drivers/src/csec/csec_driver.o
                0x00002ea8                FTFC_IRQHandler
 .text.CSEC_WriteCommandHalfWord
                0x00002f18       0x26 ./SDK/platform/drivers/src/csec/csec_hw_access.o
                0x00002f18                CSEC_WriteCommandHalfWord
 *fill*         0x00002f3e        0x2 
 .text.CSEC_WriteCommandByte
                0x00002f40       0x50 ./SDK/platform/drivers/src/csec/csec_hw_access.o
                0x00002f40                CSEC_WriteCommandByte
 .text.CSEC_WriteCommandBytes
                0x00002f90       0x74 ./SDK/platform/drivers/src/csec/csec_hw_access.o
                0x00002f90                CSEC_WriteCommandBytes
 .text.CSEC_WriteCommandWords
                0x00003004       0x34 ./SDK/platform/drivers/src/csec/csec_hw_access.o
                0x00003004                CSEC_WriteCommandWords
 .text.CSEC_ReadCommandByte
                0x00003038       0x5c ./SDK/platform/drivers/src/csec/csec_hw_access.o
                0x00003038                CSEC_ReadCommandByte
 .text.CSEC_ReadCommandBytes
                0x00003094       0x78 ./SDK/platform/drivers/src/csec/csec_hw_access.o
                0x00003094                CSEC_ReadCommandBytes
 .text.EDMA_DRV_ClearIntStatus
                0x0000310c       0x20 ./SDK/platform/drivers/src/edma/edma_driver.o
 .text.EDMA_DRV_InstallCallback
                0x0000312c       0x30 ./SDK/platform/drivers/src/edma/edma_driver.o
                0x0000312c                EDMA_DRV_InstallCallback
 .text.EDMA_DRV_IRQHandler
                0x0000315c       0x20 ./SDK/platform/drivers/src/edma/edma_driver.o
                0x0000315c                EDMA_DRV_IRQHandler
 .text.EDMA_DRV_ErrorIRQHandler
                0x0000317c       0x40 ./SDK/platform/drivers/src/edma/edma_driver.o
                0x0000317c                EDMA_DRV_ErrorIRQHandler
 .text.EDMA_DRV_ConfigSingleBlockTransfer
                0x000031bc      0x1d4 ./SDK/platform/drivers/src/edma/edma_driver.o
                0x000031bc                EDMA_DRV_ConfigSingleBlockTransfer
 .text.EDMA_DRV_ConfigMultiBlockTransfer
                0x00003390       0x7c ./SDK/platform/drivers/src/edma/edma_driver.o
                0x00003390                EDMA_DRV_ConfigMultiBlockTransfer
 .text.EDMA_DRV_StartChannel
                0x0000340c       0x38 ./SDK/platform/drivers/src/edma/edma_driver.o
                0x0000340c                EDMA_DRV_StartChannel
 .text.EDMA_DRV_StopChannel
                0x00003444       0x38 ./SDK/platform/drivers/src/edma/edma_driver.o
                0x00003444                EDMA_DRV_StopChannel
 .text.EDMA_DRV_SetChannelRequestAndTrigger
                0x0000347c       0x7c ./SDK/platform/drivers/src/edma/edma_driver.o
                0x0000347c                EDMA_DRV_SetChannelRequestAndTrigger
 .text.EDMA_DRV_SetSrcAddr
                0x000034f8       0x34 ./SDK/platform/drivers/src/edma/edma_driver.o
                0x000034f8                EDMA_DRV_SetSrcAddr
 .text.EDMA_DRV_SetSrcLastAddrAdjustment
                0x0000352c       0x38 ./SDK/platform/drivers/src/edma/edma_driver.o
                0x0000352c                EDMA_DRV_SetSrcLastAddrAdjustment
 .text.EDMA_DRV_SetMajorLoopIterationCount
                0x00003564       0x34 ./SDK/platform/drivers/src/edma/edma_driver.o
                0x00003564                EDMA_DRV_SetMajorLoopIterationCount
 .text.EDMA_DRV_GetDmaRegBaseAddr
                0x00003598       0x10 ./SDK/platform/drivers/src/edma/edma_driver.o
                0x00003598                EDMA_DRV_GetDmaRegBaseAddr
 .text.EDMA_SetDmaRequestCmd
                0x000035a8        0xa ./SDK/platform/drivers/src/edma/edma_hw_access.o
                0x000035a8                EDMA_SetDmaRequestCmd
 .text.EDMA_TCDClearReg
                0x000035b2       0x4a ./SDK/platform/drivers/src/edma/edma_hw_access.o
                0x000035b2                EDMA_TCDClearReg
 .text.EDMA_TCDSetAttribute
                0x000035fc       0x38 ./SDK/platform/drivers/src/edma/edma_hw_access.o
                0x000035fc                EDMA_TCDSetAttribute
 .text.EDMA_TCDSetNbytes
                0x00003634       0x64 ./SDK/platform/drivers/src/edma/edma_hw_access.o
                0x00003634                EDMA_TCDSetNbytes
 .text.EDMA_TCDSetMajorCount
                0x00003698       0x68 ./SDK/platform/drivers/src/edma/edma_hw_access.o
                0x00003698                EDMA_TCDSetMajorCount
 .text.DMA0_IRQHandler
                0x00003700        0xa ./SDK/platform/drivers/src/edma/edma_irq.o
                0x00003700                DMA0_IRQHandler
 .text.DMA1_IRQHandler
                0x0000370a        0xa ./SDK/platform/drivers/src/edma/edma_irq.o
                0x0000370a                DMA1_IRQHandler
 .text.DMA2_IRQHandler
                0x00003714        0xa ./SDK/platform/drivers/src/edma/edma_irq.o
                0x00003714                DMA2_IRQHandler
 .text.DMA3_IRQHandler
                0x0000371e        0xa ./SDK/platform/drivers/src/edma/edma_irq.o
                0x0000371e                DMA3_IRQHandler
 .text.DMA4_IRQHandler
                0x00003728        0xa ./SDK/platform/drivers/src/edma/edma_irq.o
                0x00003728                DMA4_IRQHandler
 .text.DMA5_IRQHandler
                0x00003732        0xa ./SDK/platform/drivers/src/edma/edma_irq.o
                0x00003732                DMA5_IRQHandler
 .text.DMA6_IRQHandler
                0x0000373c        0xa ./SDK/platform/drivers/src/edma/edma_irq.o
                0x0000373c                DMA6_IRQHandler
 .text.DMA7_IRQHandler
                0x00003746        0xa ./SDK/platform/drivers/src/edma/edma_irq.o
                0x00003746                DMA7_IRQHandler
 .text.DMA8_IRQHandler
                0x00003750        0xa ./SDK/platform/drivers/src/edma/edma_irq.o
                0x00003750                DMA8_IRQHandler
 .text.DMA9_IRQHandler
                0x0000375a        0xa ./SDK/platform/drivers/src/edma/edma_irq.o
                0x0000375a                DMA9_IRQHandler
 .text.DMA10_IRQHandler
                0x00003764        0xa ./SDK/platform/drivers/src/edma/edma_irq.o
                0x00003764                DMA10_IRQHandler
 .text.DMA11_IRQHandler
                0x0000376e        0xa ./SDK/platform/drivers/src/edma/edma_irq.o
                0x0000376e                DMA11_IRQHandler
 .text.DMA12_IRQHandler
                0x00003778        0xa ./SDK/platform/drivers/src/edma/edma_irq.o
                0x00003778                DMA12_IRQHandler
 .text.DMA13_IRQHandler
                0x00003782        0xa ./SDK/platform/drivers/src/edma/edma_irq.o
                0x00003782                DMA13_IRQHandler
 .text.DMA14_IRQHandler
                0x0000378c        0xa ./SDK/platform/drivers/src/edma/edma_irq.o
                0x0000378c                DMA14_IRQHandler
 .text.DMA15_IRQHandler
                0x00003796        0xa ./SDK/platform/drivers/src/edma/edma_irq.o
                0x00003796                DMA15_IRQHandler
 .text.DMA_Error_IRQHandler
                0x000037a0       0x28 ./SDK/platform/drivers/src/edma/edma_irq.o
                0x000037a0                DMA_Error_IRQHandler
 .text.FLEXCAN_CompleteRxMessageFifoData
                0x000037c8       0xb0 ./SDK/platform/drivers/src/flexcan/flexcan_driver.o
 .text.FLEXCAN_CompleteTransfer
                0x00003878       0x3c ./SDK/platform/drivers/src/flexcan/flexcan_driver.o
 .text.FLEXCAN_Error_IRQHandler
                0x000038b4       0x30 ./SDK/platform/drivers/src/flexcan/flexcan_driver.o
                0x000038b4                FLEXCAN_Error_IRQHandler
 .text.FLEXCAN_WakeUpHandler
                0x000038e4       0x74 ./SDK/platform/drivers/src/flexcan/flexcan_driver.o
                0x000038e4                FLEXCAN_WakeUpHandler
 .text.FLEXCAN_IRQHandler
                0x00003958      0x1bc ./SDK/platform/drivers/src/flexcan/flexcan_driver.o
                0x00003958                FLEXCAN_IRQHandler
 .text.FLEXCAN_ComputePayloadSize
                0x00003b14       0x36 ./SDK/platform/drivers/src/flexcan/flexcan_hw_access.o
 .text.FLEXCAN_SetMsgBuffIntCmd
                0x00003b4a       0x3c ./SDK/platform/drivers/src/flexcan/flexcan_hw_access.o
                0x00003b4a                FLEXCAN_SetMsgBuffIntCmd
 *fill*         0x00003b86        0x2 
 .text.FLEXCAN_ClearErrIntStatusFlag
                0x00003b88       0x14 ./SDK/platform/drivers/src/flexcan/flexcan_hw_access.o
                0x00003b88                FLEXCAN_ClearErrIntStatusFlag
 .text.FLEXCAN_ReadRxFifo
                0x00003b9c       0x58 ./SDK/platform/drivers/src/flexcan/flexcan_hw_access.o
                0x00003b9c                FLEXCAN_ReadRxFifo
 .text.FLEXCAN_GetPayloadSize
                0x00003bf4       0x20 ./SDK/platform/drivers/src/flexcan/flexcan_hw_access.o
                0x00003bf4                FLEXCAN_GetPayloadSize
 .text.FLEXCAN_GetMsgBuffRegion
                0x00003c14       0x30 ./SDK/platform/drivers/src/flexcan/flexcan_hw_access.o
                0x00003c14                FLEXCAN_GetMsgBuffRegion
 .text.FLEXCAN_GetMsgBuff
                0x00003c44       0xaa ./SDK/platform/drivers/src/flexcan/flexcan_hw_access.o
                0x00003c44                FLEXCAN_GetMsgBuff
 .text.FLEXCAN_LockRxMsgBuff
                0x00003cee        0xa ./SDK/platform/drivers/src/flexcan/flexcan_hw_access.o
                0x00003cee                FLEXCAN_LockRxMsgBuff
 .text.CAN0_ORed_IRQHandler
                0x00003cf8        0xa ./SDK/platform/drivers/src/flexcan/flexcan_irq.o
                0x00003cf8                CAN0_ORed_IRQHandler
 .text.CAN0_Error_IRQHandler
                0x00003d02        0xa ./SDK/platform/drivers/src/flexcan/flexcan_irq.o
                0x00003d02                CAN0_Error_IRQHandler
 .text.CAN0_Wake_Up_IRQHandler
                0x00003d0c        0xa ./SDK/platform/drivers/src/flexcan/flexcan_irq.o
                0x00003d0c                CAN0_Wake_Up_IRQHandler
 .text.CAN0_ORed_0_15_MB_IRQHandler
                0x00003d16        0xa ./SDK/platform/drivers/src/flexcan/flexcan_irq.o
                0x00003d16                CAN0_ORed_0_15_MB_IRQHandler
 .text.CAN0_ORed_16_31_MB_IRQHandler
                0x00003d20        0xa ./SDK/platform/drivers/src/flexcan/flexcan_irq.o
                0x00003d20                CAN0_ORed_16_31_MB_IRQHandler
 .text.CAN1_ORed_IRQHandler
                0x00003d2a        0xa ./SDK/platform/drivers/src/flexcan/flexcan_irq.o
                0x00003d2a                CAN1_ORed_IRQHandler
 .text.CAN1_Error_IRQHandler
                0x00003d34        0xa ./SDK/platform/drivers/src/flexcan/flexcan_irq.o
                0x00003d34                CAN1_Error_IRQHandler
 .text.CAN1_ORed_0_15_MB_IRQHandler
                0x00003d3e        0xa ./SDK/platform/drivers/src/flexcan/flexcan_irq.o
                0x00003d3e                CAN1_ORed_0_15_MB_IRQHandler
 .text.CAN2_ORed_IRQHandler
                0x00003d48        0xa ./SDK/platform/drivers/src/flexcan/flexcan_irq.o
                0x00003d48                CAN2_ORed_IRQHandler
 .text.CAN2_Error_IRQHandler
                0x00003d52        0xa ./SDK/platform/drivers/src/flexcan/flexcan_irq.o
                0x00003d52                CAN2_Error_IRQHandler
 .text.CAN2_ORed_0_15_MB_IRQHandler
                0x00003d5c        0xa ./SDK/platform/drivers/src/flexcan/flexcan_irq.o
                0x00003d5c                CAN2_ORed_0_15_MB_IRQHandler
 *fill*         0x00003d66        0x2 
 .text.INT_SYS_InstallHandler
                0x00003d68       0x48 ./SDK/platform/drivers/src/interrupt/interrupt_manager.o
                0x00003d68                INT_SYS_InstallHandler
 .text.INT_SYS_EnableIRQ
                0x00003db0       0x28 ./SDK/platform/drivers/src/interrupt/interrupt_manager.o
                0x00003db0                INT_SYS_EnableIRQ
 .text.INT_SYS_DisableIRQ
                0x00003dd8       0x2c ./SDK/platform/drivers/src/interrupt/interrupt_manager.o
                0x00003dd8                INT_SYS_DisableIRQ
 .text.INT_SYS_EnableIRQGlobal
                0x00003e04       0x1c ./SDK/platform/drivers/src/interrupt/interrupt_manager.o
                0x00003e04                INT_SYS_EnableIRQGlobal
 .text.INT_SYS_DisableIRQGlobal
                0x00003e20       0x10 ./SDK/platform/drivers/src/interrupt/interrupt_manager.o
                0x00003e20                INT_SYS_DisableIRQGlobal
 .text.LPI2C_DRV_MasterQueueData
                0x00003e30       0x5c ./SDK/platform/drivers/src/lpi2c/lpi2c_driver.o
 .text.LPI2C_DRV_SlaveEndTransfer
                0x00003e8c       0x5c ./SDK/platform/drivers/src/lpi2c/lpi2c_driver.o
 .text.LPI2C_DRV_MasterEndTransfer
                0x00003ee8       0x72 ./SDK/platform/drivers/src/lpi2c/lpi2c_driver.o
 .text.LPI2C_DRV_SlaveEndTransferHandler
                0x00003f5a       0x3a ./SDK/platform/drivers/src/lpi2c/lpi2c_driver.o
 .text.LPI2C_DRV_ConfigureDmaTransfer
                0x00003f94       0x60 ./SDK/platform/drivers/src/lpi2c/lpi2c_driver.o
 .text.LPI2C_DRV_SlaveStartDmaTransfer
                0x00003ff4       0x9c ./SDK/platform/drivers/src/lpi2c/lpi2c_driver.o
 .text.LPI2C_DRV_MasterSetBaudRate
                0x00004090      0x160 ./SDK/platform/drivers/src/lpi2c/lpi2c_driver.o
                0x00004090                LPI2C_DRV_MasterSetBaudRate
 .text.LPI2C_DRV_MasterSetSlaveAddr
                0x000041f0       0x24 ./SDK/platform/drivers/src/lpi2c/lpi2c_driver.o
                0x000041f0                LPI2C_DRV_MasterSetSlaveAddr
 .text.LPI2C_DRV_MasterReinit
                0x00004214       0x5c ./SDK/platform/drivers/src/lpi2c/lpi2c_driver.o
 .text.LPI2C_DRV_MasterIRQHandler
                0x00004270      0x268 ./SDK/platform/drivers/src/lpi2c/lpi2c_driver.o
                0x00004270                LPI2C_DRV_MasterIRQHandler
 .text.LPI2C_DRV_SlaveIRQHandler
                0x000044d8      0x1dc ./SDK/platform/drivers/src/lpi2c/lpi2c_driver.o
                0x000044d8                LPI2C_DRV_SlaveIRQHandler
 .text.LPI2C_Init
                0x000046b4       0x1e ./SDK/platform/drivers/src/lpi2c/lpi2c_hw_access.o
                0x000046b4                LPI2C_Init
 .text.LPI2C0_Master_IRQHandler
                0x000046d2        0xa ./SDK/platform/drivers/src/lpi2c/lpi2c_irq.o
                0x000046d2                LPI2C0_Master_IRQHandler
 .text.LPI2C0_Slave_IRQHandler
                0x000046dc        0xa ./SDK/platform/drivers/src/lpi2c/lpi2c_irq.o
                0x000046dc                LPI2C0_Slave_IRQHandler
 *fill*         0x000046e6        0x2 
 .text.LPIT_DRV_Init
                0x000046e8       0xcc ./SDK/platform/drivers/src/lpit/lpit_driver.o
                0x000046e8                LPIT_DRV_Init
 .text.LPIT_DRV_StartTimerChannels
                0x000047b4       0x1c ./SDK/platform/drivers/src/lpit/lpit_driver.o
                0x000047b4                LPIT_DRV_StartTimerChannels
 .text.LPIT_DRV_SetTimerPeriodByUs
                0x000047d0       0xc8 ./SDK/platform/drivers/src/lpit/lpit_driver.o
                0x000047d0                LPIT_DRV_SetTimerPeriodByUs
 .text.LPIT_DRV_SetTimerPeriodByCount
                0x00004898       0x1c ./SDK/platform/drivers/src/lpit/lpit_driver.o
                0x00004898                LPIT_DRV_SetTimerPeriodByCount
 .text.LPIT_DRV_InitChannel
                0x000048b4      0x19c ./SDK/platform/drivers/src/lpit/lpit_driver.o
                0x000048b4                LPIT_DRV_InitChannel
 .text.LPIT_DRV_ClearInterruptFlagTimerChannels
                0x00004a50       0x1c ./SDK/platform/drivers/src/lpit/lpit_driver.o
                0x00004a50                LPIT_DRV_ClearInterruptFlagTimerChannels
 .text.LPUART_DRV_StartSendDataUsingInt
                0x00004a6c       0x7c ./SDK/platform/drivers/src/lpuart/lpuart_driver.o
 .text.LPUART_DRV_StartSendDataUsingDma
                0x00004ae8       0x94 ./SDK/platform/drivers/src/lpuart/lpuart_driver.o
 .text.LPUART_DRV_CompleteSendDataUsingInt
                0x00004b7c       0x6c ./SDK/platform/drivers/src/lpuart/lpuart_driver.o
 .text.LPUART_DRV_StopTxDma
                0x00004be8       0x64 ./SDK/platform/drivers/src/lpuart/lpuart_driver.o
 .text.LPUART_DRV_TxDmaCallback
                0x00004c4c       0x74 ./SDK/platform/drivers/src/lpuart/lpuart_driver.o
 .text.LPUART_DRV_PutData
                0x00004cc0       0x44 ./SDK/platform/drivers/src/lpuart/lpuart_driver.o
 .text.LPUART_DRV_CompleteReceiveDataUsingInt
                0x00004d04       0x68 ./SDK/platform/drivers/src/lpuart/lpuart_driver.o
 .text.LPUART_DRV_StopRxDma
                0x00004d6c       0x64 ./SDK/platform/drivers/src/lpuart/lpuart_driver.o
 .text.LPUART_DRV_GetData
                0x00004dd0       0x60 ./SDK/platform/drivers/src/lpuart/lpuart_driver.o
 .text.LPUART_DRV_SendDataBlocking
                0x00004e30       0x70 ./SDK/platform/drivers/src/lpuart/lpuart_driver.o
                0x00004e30                LPUART_DRV_SendDataBlocking
 .text.LPUART_DRV_SetBaudRate
                0x00004ea0       0xf0 ./SDK/platform/drivers/src/lpuart/lpuart_driver.o
                0x00004ea0                LPUART_DRV_SetBaudRate
 .text.LPUART_DRV_Init
                0x00004f90      0x138 ./SDK/platform/drivers/src/lpuart/lpuart_driver.o
                0x00004f90                LPUART_DRV_Init
 .text.LPUART_DRV_IRQHandler
                0x000050c8      0x288 ./SDK/platform/drivers/src/lpuart/lpuart_driver.o
                0x000050c8                LPUART_DRV_IRQHandler
 .text.LPUART_Init
                0x00005350       0x24 ./SDK/platform/drivers/src/lpuart/lpuart_hw_access.o
                0x00005350                LPUART_Init
 .text.LPUART_SetBitCountPerChar
                0x00005374       0x30 ./SDK/platform/drivers/src/lpuart/lpuart_hw_access.o
                0x00005374                LPUART_SetBitCountPerChar
 .text.LPUART_SetParityMode
                0x000053a4       0x1e ./SDK/platform/drivers/src/lpuart/lpuart_hw_access.o
                0x000053a4                LPUART_SetParityMode
 .text.LPUART_Putchar9
                0x000053c2       0x16 ./SDK/platform/drivers/src/lpuart/lpuart_hw_access.o
                0x000053c2                LPUART_Putchar9
 .text.LPUART_Putchar10
                0x000053d8       0x22 ./SDK/platform/drivers/src/lpuart/lpuart_hw_access.o
                0x000053d8                LPUART_Putchar10
 .text.LPUART_Getchar9
                0x000053fa       0x1e ./SDK/platform/drivers/src/lpuart/lpuart_hw_access.o
                0x000053fa                LPUART_Getchar9
 .text.LPUART_Getchar10
                0x00005418       0x26 ./SDK/platform/drivers/src/lpuart/lpuart_hw_access.o
                0x00005418                LPUART_Getchar10
 .text.LPUART_SetIntMode
                0x0000543e       0x70 ./SDK/platform/drivers/src/lpuart/lpuart_hw_access.o
                0x0000543e                LPUART_SetIntMode
 .text.LPUART_GetIntMode
                0x000054ae       0x4a ./SDK/platform/drivers/src/lpuart/lpuart_hw_access.o
                0x000054ae                LPUART_GetIntMode
 .text.LPUART_GetStatusFlag
                0x000054f8       0x48 ./SDK/platform/drivers/src/lpuart/lpuart_hw_access.o
                0x000054f8                LPUART_GetStatusFlag
 .text.LPUART_SetErrorInterrupts
                0x00005540       0x40 ./SDK/platform/drivers/src/lpuart/lpuart_hw_access.o
                0x00005540                LPUART_SetErrorInterrupts
 .text.LPUART0_IrqHandler
                0x00005580        0xa ./SDK/platform/drivers/src/lpuart/lpuart_irq.o
                0x00005580                LPUART0_IrqHandler
 .text.LPUART1_IrqHandler
                0x0000558a        0xa ./SDK/platform/drivers/src/lpuart/lpuart_irq.o
                0x0000558a                LPUART1_IrqHandler
 .text.LPUART2_IrqHandler
                0x00005594        0xa ./SDK/platform/drivers/src/lpuart/lpuart_irq.o
                0x00005594                LPUART2_IrqHandler
 .text.PINS_DRV_Init
                0x0000559e       0x20 ./SDK/platform/drivers/src/pins/pins_driver.o
                0x0000559e                PINS_DRV_Init
 .text.PINS_DRV_WritePin
                0x000055be       0x18 ./SDK/platform/drivers/src/pins/pins_driver.o
                0x000055be                PINS_DRV_WritePin
 *fill*         0x000055d6        0x2 
 .text.PINS_GetAdcInterleaveVal
                0x000055d8       0x70 ./SDK/platform/drivers/src/pins/pins_port_hw_access.o
 .text.PINS_Init
                0x00005648      0x138 ./SDK/platform/drivers/src/pins/pins_port_hw_access.o
                0x00005648                PINS_Init
 .text.SysTick_Handler
                0x00005780       0x10 ./SDK/rtos/osif/osif_baremetal.o
                0x00005780                SysTick_Handler
 .text.OSIF_SemaWait
                0x00005790       0x90 ./SDK/rtos/osif/osif_baremetal.o
                0x00005790                OSIF_SemaWait
 .text.OSIF_SemaPost
                0x00005820       0x2c ./SDK/rtos/osif/osif_baremetal.o
                0x00005820                OSIF_SemaPost
 .text.OSIF_SemaCreate
                0x0000584c       0x1a ./SDK/rtos/osif/osif_baremetal.o
                0x0000584c                OSIF_SemaCreate
 *fill*         0x00005866        0x2 
 .text.LPIT0_Ch0_IRQHandler
                0x00005868       0x18 ./Sources/main.o
                0x00005868                LPIT0_Ch0_IRQHandler
 .text.Read_Battery_Voltage
                0x00005880      0x108 ./Sources/main.o
                0x00005880                Read_Battery_Voltage
 .text.Read_Battery_Temperature
                0x00005988       0xc4 ./Sources/main.o
                0x00005988                Read_Battery_Temperature
 .text.Manage_Charging
                0x00005a4c       0x80 ./Sources/main.o
                0x00005a4c                Manage_Charging
 .text.Calculate_SOC
                0x00005acc       0x70 ./Sources/main.o
                0x00005acc                Calculate_SOC
 .text.Print_BMS_Data
                0x00005b3c       0x70 ./Sources/main.o
                0x00005b3c                Print_BMS_Data
 .text.main     0x00005bac      0x120 ./Sources/main.o
                0x00005bac                main
 .text.log      0x00005ccc      0x100 D:/S32/s32_2_2/S32DS/build_tools/gcc_v6.3/gcc-6.3-arm32-eabi/arm-none-eabi/newlib/lib/thumb/v7e-m/fpv4-sp/hard\libm.a(lib_a-w_log.o)
                0x00005ccc                log
 *fill*         0x00005dcc        0x4 
 .text.__ieee754_log
                0x00005dd0      0x3b0 D:/S32/s32_2_2/S32DS/build_tools/gcc_v6.3/gcc-6.3-arm32-eabi/arm-none-eabi/newlib/lib/thumb/v7e-m/fpv4-sp/hard\libm.a(lib_a-e_log.o)
                0x00005dd0                __ieee754_log
 .text.matherr  0x00006180        0x4 D:/S32/s32_2_2/S32DS/build_tools/gcc_v6.3/gcc-6.3-arm32-eabi/arm-none-eabi/newlib/lib/thumb/v7e-m/fpv4-sp/hard\libm.a(lib_a-s_matherr.o)
                0x00006180                matherr
 *fill*         0x00006184        0x4 
 .text.nan      0x00006188       0x10 D:/S32/s32_2_2/S32DS/build_tools/gcc_v6.3/gcc-6.3-arm32-eabi/arm-none-eabi/newlib/lib/thumb/v7e-m/fpv4-sp/hard\libm.a(lib_a-s_nan.o)
                0x00006188                nan
 .text.__errno  0x00006198        0xc D:/S32/s32_2_2/S32DS/build_tools/gcc_v6.3/gcc-6.3-arm32-eabi/arm-none-eabi/newlib/lib/thumb/v7e-m/fpv4-sp/hard\libc_nano.a(lib_a-errno.o)
                0x00006198                __errno
 .text.sprintf  0x000061a4       0x48 D:/S32/s32_2_2/S32DS/build_tools/gcc_v6.3/gcc-6.3-arm32-eabi/arm-none-eabi/newlib/lib/thumb/v7e-m/fpv4-sp/hard\libc_nano.a(lib_a-sprintf.o)
                0x000061a4                siprintf
                0x000061a4                sprintf
 .text.__ssputs_r
                0x000061ec       0xb6 D:/S32/s32_2_2/S32DS/build_tools/gcc_v6.3/gcc-6.3-arm32-eabi/arm-none-eabi/newlib/lib/thumb/v7e-m/fpv4-sp/hard\libc_nano.a(lib_a-nano-svfprintf.o)
                0x000061ec                __ssputs_r
 *fill*         0x000062a2        0x2 
 .text._svfprintf_r
                0x000062a4      0x1e8 D:/S32/s32_2_2/S32DS/build_tools/gcc_v6.3/gcc-6.3-arm32-eabi/arm-none-eabi/newlib/lib/thumb/v7e-m/fpv4-sp/hard\libc_nano.a(lib_a-nano-svfprintf.o)
                0x000062a4                _svfiprintf_r
                0x000062a4                _svfprintf_r
 .text._printf_common
                0x0000648c       0xec D:/S32/s32_2_2/S32DS/build_tools/gcc_v6.3/gcc-6.3-arm32-eabi/arm-none-eabi/newlib/lib/thumb/v7e-m/fpv4-sp/hard\libc_nano.a(lib_a-nano-vfprintf_i.o)
                0x0000648c                _printf_common
 .text._printf_i
                0x00006578      0x240 D:/S32/s32_2_2/S32DS/build_tools/gcc_v6.3/gcc-6.3-arm32-eabi/arm-none-eabi/newlib/lib/thumb/v7e-m/fpv4-sp/hard\libc_nano.a(lib_a-nano-vfprintf_i.o)
                0x00006578                _printf_i
 .text.memcpy   0x000067b8       0x16 D:/S32/s32_2_2/S32DS/build_tools/gcc_v6.3/gcc-6.3-arm32-eabi/arm-none-eabi/newlib/lib/thumb/v7e-m/fpv4-sp/hard\libc_nano.a(lib_a-memcpy-stub.o)
                0x000067b8                memcpy
 .text.memmove  0x000067ce       0x34 D:/S32/s32_2_2/S32DS/build_tools/gcc_v6.3/gcc-6.3-arm32-eabi/arm-none-eabi/newlib/lib/thumb/v7e-m/fpv4-sp/hard\libc_nano.a(lib_a-memmove.o)
                0x000067ce                memmove
 *fill*         0x00006802        0x2 
 .text._free_r  0x00006804       0x9c D:/S32/s32_2_2/S32DS/build_tools/gcc_v6.3/gcc-6.3-arm32-eabi/arm-none-eabi/newlib/lib/thumb/v7e-m/fpv4-sp/hard\libc_nano.a(lib_a-nano-freer.o)
                0x00006804                _free_r
 .text._malloc_r
                0x000068a0       0xbc D:/S32/s32_2_2/S32DS/build_tools/gcc_v6.3/gcc-6.3-arm32-eabi/arm-none-eabi/newlib/lib/thumb/v7e-m/fpv4-sp/hard\libc_nano.a(lib_a-nano-mallocr.o)
                0x000068a0                _malloc_r
 .text._realloc_r
                0x0000695c       0x4c D:/S32/s32_2_2/S32DS/build_tools/gcc_v6.3/gcc-6.3-arm32-eabi/arm-none-eabi/newlib/lib/thumb/v7e-m/fpv4-sp/hard\libc_nano.a(lib_a-nano-reallocr.o)
                0x0000695c                _realloc_r
 .text._sbrk_r  0x000069a8       0x20 D:/S32/s32_2_2/S32DS/build_tools/gcc_v6.3/gcc-6.3-arm32-eabi/arm-none-eabi/newlib/lib/thumb/v7e-m/fpv4-sp/hard\libc_nano.a(lib_a-sbrkr.o)
                0x000069a8                _sbrk_r
 .text.__malloc_lock
                0x000069c8        0x2 D:/S32/s32_2_2/S32DS/build_tools/gcc_v6.3/gcc-6.3-arm32-eabi/arm-none-eabi/newlib/lib/thumb/v7e-m/fpv4-sp/hard\libc_nano.a(lib_a-mlock.o)
                0x000069c8                __malloc_lock
 .text.__malloc_unlock
                0x000069ca        0x2 D:/S32/s32_2_2/S32DS/build_tools/gcc_v6.3/gcc-6.3-arm32-eabi/arm-none-eabi/newlib/lib/thumb/v7e-m/fpv4-sp/hard\libc_nano.a(lib_a-mlock.o)
                0x000069ca                __malloc_unlock
 .text._malloc_usable_size_r
                0x000069cc       0x12 D:/S32/s32_2_2/S32DS/build_tools/gcc_v6.3/gcc-6.3-arm32-eabi/arm-none-eabi/newlib/lib/thumb/v7e-m/fpv4-sp/hard\libc_nano.a(lib_a-nano-msizer.o)
                0x000069cc                _malloc_usable_size_r
 *fill*         0x000069de        0x2 
 .text._sbrk    0x000069e0       0x1c D:/S32/s32_2_2/S32DS/build_tools/gcc_v6.3/gcc-6.3-arm32-eabi/arm-none-eabi/newlib/lib/thumb/v7e-m/fpv4-sp/hard\libnosys.a(sbrk.o)
                0x000069e0                _sbrk
 *(.rodata)
 *(.rodata*)
 .rodata.adConv1_ChnConfig0
                0x000069fc        0x4 ./Generated_Code/adConv1.o
                0x000069fc                adConv1_ChnConfig0
 .rodata.adConv1_ChnConfig1
                0x00006a00        0x4 ./Generated_Code/adConv1.o
                0x00006a00                adConv1_ChnConfig1
 .rodata.adConv1_ChnConfig2
                0x00006a04        0x4 ./Generated_Code/adConv1.o
                0x00006a04                adConv1_ChnConfig2
 .rodata.adConv1_ChnConfig3
                0x00006a08        0x4 ./Generated_Code/adConv1.o
                0x00006a08                adConv1_ChnConfig3
 .rodata.adConv1_ChnConfig4
                0x00006a0c        0x4 ./Generated_Code/adConv1.o
                0x00006a0c                adConv1_ChnConfig4
 .rodata.adConv1_ConvConfig0
                0x00006a10        0xb ./Generated_Code/adConv1.o
                0x00006a10                adConv1_ConvConfig0
 *fill*         0x00006a1b        0x1 
 .rodata.lpit1_InitConfig
                0x00006a1c        0x2 ./Generated_Code/lpit1.o
                0x00006a1c                lpit1_InitConfig
 *fill*         0x00006a1e        0x2 
 .rodata.lpuart1_InitConfig0
                0x00006a20        0xc ./Generated_Code/lpuart1.o
                0x00006a20                lpuart1_InitConfig0
 .rodata.s_adcBase
                0x00006a2c        0x8 ./SDK/platform/drivers/src/adc/adc_driver.o
 .rodata.clockNameMappings
                0x00006a34       0x9e ./SDK/platform/drivers/src/clock/S32K1xx/clock_S32K1xx.o
                0x00006a34                clockNameMappings
 *fill*         0x00006ad2        0x2 
 .rodata.maxSysClksInHSRUN.7602
                0x00006ad4       0x54 ./SDK/platform/drivers/src/clock/S32K1xx/clock_S32K1xx.o
 .rodata.maxSysClksInRUN.7601
                0x00006b28       0x54 ./SDK/platform/drivers/src/clock/S32K1xx/clock_S32K1xx.o
 .rodata.maxSysClksInVLPR.7600
                0x00006b7c       0x54 ./SDK/platform/drivers/src/clock/S32K1xx/clock_S32K1xx.o
 .rodata.peripheralFeaturesList
                0x00006bd0       0x4f ./SDK/platform/drivers/src/clock/S32K1xx/clock_S32K1xx.o
                0x00006bd0                peripheralFeaturesList
 *fill*         0x00006c1f        0x1 
 .rodata.g_flexcanBase
                0x00006c20        0xc ./SDK/platform/drivers/src/flexcan/flexcan_driver.o
 .rodata.g_lpi2cDMASrc
                0x00006c2c        0x2 ./SDK/platform/drivers/src/lpi2c/lpi2c_driver.o
 *fill*         0x00006c2e        0x2 
 .rodata.s_lpuartBase
                0x00006c30        0xc ./SDK/platform/drivers/src/lpuart/lpuart_driver.o
 .rodata.s_lpuartClkNames
                0x00006c3c        0x3 ./SDK/platform/drivers/src/lpuart/lpuart_driver.o
 *fill*         0x00006c3f        0x1 
 .rodata.s_lpuartRxTxIrqId
                0x00006c40        0x3 ./SDK/platform/drivers/src/lpuart/lpuart_driver.o
 *fill*         0x00006c43        0x1 
 .rodata.Print_BMS_Data.str1.4
                0x00006c44       0x64 ./Sources/main.o
                                 0x63 (size before relaxing)
 .rodata.log.str1.1
                0x00006ca8        0x4 D:/S32/s32_2_2/S32DS/build_tools/gcc_v6.3/gcc-6.3-arm32-eabi/arm-none-eabi/newlib/lib/thumb/v7e-m/fpv4-sp/hard\libm.a(lib_a-w_log.o)
                                  0x5 (size before relaxing)
 .rodata._svfprintf_r.str1.1
                0x00006cac       0x11 D:/S32/s32_2_2/S32DS/build_tools/gcc_v6.3/gcc-6.3-arm32-eabi/arm-none-eabi/newlib/lib/thumb/v7e-m/fpv4-sp/hard\libc_nano.a(lib_a-nano-svfprintf.o)
 .rodata._printf_i.str1.1
                0x00006cbd       0x22 D:/S32/s32_2_2/S32DS/build_tools/gcc_v6.3/gcc-6.3-arm32-eabi/arm-none-eabi/newlib/lib/thumb/v7e-m/fpv4-sp/hard\libc_nano.a(lib_a-nano-vfprintf_i.o)
 *(.init)
 *fill*         0x00006cdf        0x1 
 .init          0x00006ce0        0x4 d:/s32/s32_2_2/s32ds/build_tools/gcc_v6.3/gcc-6.3-arm32-eabi/bin/../lib/gcc/arm-none-eabi/6.3.1/thumb/v7e-m/fpv4-sp/hard/crti.o
                0x00006ce0                _init
 *(.fini)
 .fini          0x00006ce4        0x4 d:/s32/s32_2_2/s32ds/build_tools/gcc_v6.3/gcc-6.3-arm32-eabi/bin/../lib/gcc/arm-none-eabi/6.3.1/thumb/v7e-m/fpv4-sp/hard/crti.o
                0x00006ce4                _fini
 *(.eh_frame)
                0x00006ce8                . = ALIGN (0x4)

.glue_7         0x00006ce8        0x0
 .glue_7        0x00006ce8        0x0 linker stubs

.glue_7t        0x00006ce8        0x0
 .glue_7t       0x00006ce8        0x0 linker stubs

.vfp11_veneer   0x00006ce8        0x0
 .vfp11_veneer  0x00006ce8        0x0 linker stubs

.v4_bx          0x00006ce8        0x0
 .v4_bx         0x00006ce8        0x0 linker stubs

.iplt           0x00006ce8        0x0
 .iplt          0x00006ce8        0x0 d:/s32/s32_2_2/s32ds/build_tools/gcc_v6.3/gcc-6.3-arm32-eabi/bin/../lib/gcc/arm-none-eabi/6.3.1/thumb/v7e-m/fpv4-sp/hard/crtbegin.o

.ARM            0x00006ce8        0x8
                0x00006ce8                __exidx_start = .
 *(.ARM.exidx*)
 .ARM.exidx     0x00006ce8        0x8 d:/s32/s32_2_2/s32ds/build_tools/gcc_v6.3/gcc-6.3-arm32-eabi/bin/../lib/gcc/arm-none-eabi/6.3.1/thumb/v7e-m/fpv4-sp/hard\libgcc.a(_udivmoddi4.o)
                0x00006cf0                __exidx_end = .
                0x00006cf0                __etext = .
                0x00006cf0                __DATA_ROM = .

.rel.dyn        0x00006cf0        0x0
 .rel.iplt      0x00006cf0        0x0 d:/s32/s32_2_2/s32ds/build_tools/gcc_v6.3/gcc-6.3-arm32-eabi/bin/../lib/gcc/arm-none-eabi/6.3.1/thumb/v7e-m/fpv4-sp/hard/crtbegin.o

.interrupts_ram
                0x1fff8000      0x400
                0x1fff8000                . = ALIGN (0x4)
                0x1fff8000                __VECTOR_RAM__ = .
                0x1fff8000                __RAM_START = .
                0x1fff8000                __interrupts_ram_start__ = .
 *(.m_interrupts_ram)
                0x1fff8400                . = (. + M_VECTOR_RAM_SIZE)
 *fill*         0x1fff8000      0x400 
                0x1fff8400                . = ALIGN (0x4)
                0x1fff8400                __interrupts_ram_end__ = .
                0x1fff8000                __VECTOR_RAM = DEFINED (__flash_vector_table__)?ORIGIN (m_interrupts):__VECTOR_RAM__
                0x00000400                __RAM_VECTOR_TABLE_SIZE = DEFINED (__flash_vector_table__)?0x0:(__interrupts_ram_end__ - __interrupts_ram_start__)

.data           0x1fff8400      0x3a4 load address 0x00006cf0
                0x1fff8400                . = ALIGN (0x4)
                0x1fff8400                __DATA_RAM = .
                0x1fff8400                __data_start__ = .
 *(.data)
 *(.data*)
 .data.clockMan1_InitConfig0
                0x1fff8400       0x78 ./Generated_Code/clockMan1.o
                0x1fff8400                clockMan1_InitConfig0
 .data.g_clockManConfigsArr
                0x1fff8478        0x4 ./Generated_Code/clockMan1.o
                0x1fff8478                g_clockManConfigsArr
 .data.peripheralClockConfig0
                0x1fff847c       0x5f ./Generated_Code/clockMan1.o
                0x1fff847c                peripheralClockConfig0
 *fill*         0x1fff84db        0x1 
 .data.lpit1_ChnConfig0
                0x1fff84dc       0x18 ./Generated_Code/lpit1.o
                0x1fff84dc                lpit1_ChnConfig0
 .data.g_pin_mux_InitConfigArr
                0x1fff84f4      0x198 ./Generated_Code/pin_mux.o
                0x1fff84f4                g_pin_mux_InitConfigArr
 .data.peripheralClockConfig.7364
                0x1fff868c       0xa0 ./SDK/platform/drivers/src/clock/S32K1xx/clock_S32K1xx.o
 .data.g_lpuartIsr
                0x1fff872c        0xc ./SDK/platform/drivers/src/lpuart/lpuart_irq.o
                0x1fff872c                g_lpuartIsr
 .data.Remaining_Capacity_mAs
                0x1fff8738        0x4 ./Sources/main.o
                0x1fff8738                Remaining_Capacity_mAs
 .data.SOC_Percent
                0x1fff873c        0x1 ./Sources/main.o
                0x1fff873c                SOC_Percent
 .data.__fdlib_version
                0x1fff873d        0x1 D:/S32/s32_2_2/S32DS/build_tools/gcc_v6.3/gcc-6.3-arm32-eabi/arm-none-eabi/newlib/lib/thumb/v7e-m/fpv4-sp/hard\libm.a(lib_a-s_lib_ver.o)
                0x1fff873d                __fdlib_version
 *fill*         0x1fff873e        0x2 
 .data._impure_ptr
                0x1fff8740        0x4 D:/S32/s32_2_2/S32DS/build_tools/gcc_v6.3/gcc-6.3-arm32-eabi/arm-none-eabi/newlib/lib/thumb/v7e-m/fpv4-sp/hard\libc_nano.a(lib_a-impure.o)
                0x1fff8740                _impure_ptr
 .data.impure_data
                0x1fff8744       0x60 D:/S32/s32_2_2/S32DS/build_tools/gcc_v6.3/gcc-6.3-arm32-eabi/arm-none-eabi/newlib/lib/thumb/v7e-m/fpv4-sp/hard\libc_nano.a(lib_a-impure.o)
                0x1fff87a4                . = ALIGN (0x4)
                0x1fff87a4                __data_end__ = .
                0x00007094                __DATA_END = (__DATA_ROM + (__data_end__ - __data_start__))
                0x00007094                __CODE_ROM = __DATA_END

.igot.plt       0x1fff87a4        0x0 load address 0x00007094
 .igot.plt      0x1fff87a4        0x0 d:/s32/s32_2_2/s32ds/build_tools/gcc_v6.3/gcc-6.3-arm32-eabi/bin/../lib/gcc/arm-none-eabi/6.3.1/thumb/v7e-m/fpv4-sp/hard/crtbegin.o

.code           0x1fff87a4        0x0 load address 0x00007094
                0x1fff87a4                . = ALIGN (0x4)
                0x1fff87a4                __CODE_RAM = .
                0x1fff87a4                __code_start__ = .
                0x1fff87a4                __code_ram_start__ = .
 *(.code_ram)
                0x1fff87a4                . = ALIGN (0x4)
                0x1fff87a4                __code_end__ = .
                0x1fff87a4                __code_ram_end__ = .
                0x00007094                __CODE_END = (__CODE_ROM + (__code_end__ - __code_start__))
                0x00007094                __CUSTOM_ROM = __CODE_END

.customSectionBlock
                0x20000000        0x0 load address 0x00007094
                0x20000000                __customSection_start__ = .
 *(.customSection)
                0x20000000                __customSection_end__ = .
                0x00007094                __CUSTOM_END = (__CUSTOM_ROM + (__customSection_end__ - __customSection_start__))

.bss            0x20000000      0x1a0
                0x20000000                . = ALIGN (0x4)
                0x20000000                __BSS_START = .
                0x20000000                __bss_start__ = .
 *(.bss)
 *(.bss*)
 .bss.g_clockManCallbacksArr
                0x20000000        0x4 ./Generated_Code/clockMan1.o
                0x20000000                g_clockManCallbacksArr
 .bss.g_clockState
                0x20000004       0x10 ./SDK/platform/drivers/src/clock/S32K1xx/clock_S32K1xx.o
 .bss.g_csecStatePtr
                0x20000014        0x4 ./SDK/platform/drivers/src/csec/csec_driver.o
 .bss.s_virtEdmaState
                0x20000018        0x4 ./SDK/platform/drivers/src/edma/edma_driver.o
 .bss.g_flexcanStatePtr
                0x2000001c        0xc ./SDK/platform/drivers/src/flexcan/flexcan_driver.o
 .bss.g_interruptDisableCount
                0x20000028        0x4 ./SDK/platform/drivers/src/interrupt/interrupt_manager.o
 .bss.g_lpi2cMasterStatePtr
                0x2000002c        0x4 ./SDK/platform/drivers/src/lpi2c/lpi2c_driver.o
 .bss.g_lpi2cSlaveStatePtr
                0x20000030        0x4 ./SDK/platform/drivers/src/lpi2c/lpi2c_driver.o
 .bss.s_lpitSourceClockFrequency
                0x20000034        0x4 ./SDK/platform/drivers/src/lpit/lpit_driver.o
 .bss.s_lpuartStatePtr
                0x20000038        0xc ./SDK/platform/drivers/src/lpuart/lpuart_driver.o
 .bss.s_osif_tick_cnt
                0x20000044        0x4 ./SDK/rtos/osif/osif_baremetal.o
 .bss.ADC_Raw   0x20000048        0x8 ./Sources/main.o
                0x20000048                ADC_Raw
 .bss.Cell_Voltage
                0x20000050        0x8 ./Sources/main.o
                0x20000050                Cell_Voltage
 .bss.Current_mA
                0x20000058        0x4 ./Sources/main.o
                0x20000058                Current_mA
 .bss.Flag_100ms
                0x2000005c        0x1 ./Sources/main.o
                0x2000005c                Flag_100ms
 *fill*         0x2000005d        0x3 
 .bss.Node_Voltage
                0x20000060        0x8 ./Sources/main.o
                0x20000060                Node_Voltage
 .bss.Target_Charge_Current_mA
                0x20000068        0x2 ./Sources/main.o
                0x20000068                Target_Charge_Current_mA
 *fill*         0x2000006a        0x2 
 .bss.Temperature_C
                0x2000006c        0x4 ./Sources/main.o
                0x2000006c                Temperature_C
 .bss.is_Charging
                0x20000070        0x1 ./Sources/main.o
                0x20000070                is_Charging
 .bss.uart_counter
                0x20000071        0x1 ./Sources/main.o
                0x20000071                uart_counter
 *fill*         0x20000072        0x2 
 .bss.__malloc_free_list
                0x20000074        0x4 D:/S32/s32_2_2/S32DS/build_tools/gcc_v6.3/gcc-6.3-arm32-eabi/arm-none-eabi/newlib/lib/thumb/v7e-m/fpv4-sp/hard\libc_nano.a(lib_a-nano-mallocr.o)
                0x20000074                __malloc_free_list
 .bss.__malloc_sbrk_start
                0x20000078        0x4 D:/S32/s32_2_2/S32DS/build_tools/gcc_v6.3/gcc-6.3-arm32-eabi/arm-none-eabi/newlib/lib/thumb/v7e-m/fpv4-sp/hard\libc_nano.a(lib_a-nano-mallocr.o)
                0x20000078                __malloc_sbrk_start
 .bss.heap_end.5365
                0x2000007c        0x4 D:/S32/s32_2_2/S32DS/build_tools/gcc_v6.3/gcc-6.3-arm32-eabi/arm-none-eabi/newlib/lib/thumb/v7e-m/fpv4-sp/hard\libnosys.a(sbrk.o)
 *(COMMON)
 COMMON         0x20000080       0x34 ./Generated_Code/lpuart1.o
                0x20000080                lpuart1_State
 COMMON         0x200000b4       0x14 ./SDK/platform/drivers/src/clock/S32K1xx/clock_S32K1xx.o
                0x200000b4                g_xtal0ClkFreq
                0x200000b8                g_RtcClkInFreq
                0x200000bc                g_TClkFreq
 COMMON         0x200000c8       0xd4 ./Sources/main.o
                0x200000c8                uart_buffer
                0x20000160                lpi2c1State
 COMMON         0x2000019c        0x4 D:/S32/s32_2_2/S32DS/build_tools/gcc_v6.3/gcc-6.3-arm32-eabi/arm-none-eabi/newlib/lib/thumb/v7e-m/fpv4-sp/hard\libc_nano.a(lib_a-reent.o)
                0x2000019c                errno
                0x200001a0                . = ALIGN (0x4)
                0x200001a0                __bss_end__ = .
                0x200001a0                __BSS_END = .

.heap           0x200001a0      0x400
                0x200001a0                . = ALIGN (0x8)
                0x200001a0                __end__ = .
                0x200001a0                __heap_start__ = .
                0x200001a0                PROVIDE (end, .)
                [!provide]                PROVIDE (_end, .)
                [!provide]                PROVIDE (__end, .)
                0x200001a0                __HeapBase = .
                0x200005a0                . = (. + HEAP_SIZE)
 *fill*         0x200001a0      0x400 
                0x200005a0                __HeapLimit = .
                0x200005a0                __heap_limit = .
                0x200005a0                __heap_end__ = .
                0x20007000                __StackTop = (ORIGIN (m_data_2) + LENGTH (m_data_2))
                0x20006c00                __StackLimit = (__StackTop - STACK_SIZE)
                0x20007000                PROVIDE (__stack, __StackTop)
                0x20007000                __RAM_END = __StackTop

.stack          0x20006c00      0x400
                0x20006c00                . = ALIGN (0x8)
                0x20006c00                __stack_start__ = .
                0x20007000                . = (. + STACK_SIZE)
 *fill*         0x20006c00      0x400 
                0x20007000                __stack_end__ = .

.ARM.attributes
                0x00000000       0x30
 *(.ARM.attributes)
 .ARM.attributes
                0x00000000       0x22 d:/s32/s32_2_2/s32ds/build_tools/gcc_v6.3/gcc-6.3-arm32-eabi/bin/../lib/gcc/arm-none-eabi/6.3.1/thumb/v7e-m/fpv4-sp/hard/crti.o
 .ARM.attributes
                0x00000022       0x39 ./Generated_Code/adConv1.o
 .ARM.attributes
                0x0000005b       0x39 ./Generated_Code/clockMan1.o
 .ARM.attributes
                0x00000094       0x39 ./Generated_Code/lpit1.o
 .ARM.attributes
                0x000000cd       0x39 ./Generated_Code/lpuart1.o
 .ARM.attributes
                0x00000106       0x39 ./Generated_Code/pin_mux.o
 .ARM.attributes
                0x0000013f       0x1f ./Project_Settings/Startup_Code/startup_S32K144.o
 .ARM.attributes
                0x0000015e       0x39 ./SDK/platform/devices/S32K144/startup/system_S32K144.o
 .ARM.attributes
                0x00000197       0x39 ./SDK/platform/devices/startup.o
 .ARM.attributes
                0x000001d0       0x39 ./SDK/platform/drivers/src/adc/adc_driver.o
 .ARM.attributes
                0x00000209       0x39 ./SDK/platform/drivers/src/clock/S32K1xx/clock_S32K1xx.o
 .ARM.attributes
                0x00000242       0x39 ./SDK/platform/drivers/src/csec/csec_driver.o
 .ARM.attributes
                0x0000027b       0x39 ./SDK/platform/drivers/src/csec/csec_hw_access.o
 .ARM.attributes
                0x000002b4       0x39 ./SDK/platform/drivers/src/edma/edma_driver.o
 .ARM.attributes
                0x000002ed       0x39 ./SDK/platform/drivers/src/edma/edma_hw_access.o
 .ARM.attributes
                0x00000326       0x39 ./SDK/platform/drivers/src/edma/edma_irq.o
 .ARM.attributes
                0x0000035f       0x39 ./SDK/platform/drivers/src/flexcan/flexcan_driver.o
 .ARM.attributes
                0x00000398       0x39 ./SDK/platform/drivers/src/flexcan/flexcan_hw_access.o
 .ARM.attributes
                0x000003d1       0x39 ./SDK/platform/drivers/src/flexcan/flexcan_irq.o
 .ARM.attributes
                0x0000040a       0x39 ./SDK/platform/drivers/src/interrupt/interrupt_manager.o
 .ARM.attributes
                0x00000443       0x39 ./SDK/platform/drivers/src/lpi2c/lpi2c_driver.o
 .ARM.attributes
                0x0000047c       0x39 ./SDK/platform/drivers/src/lpi2c/lpi2c_hw_access.o
 .ARM.attributes
                0x000004b5       0x39 ./SDK/platform/drivers/src/lpi2c/lpi2c_irq.o
 .ARM.attributes
                0x000004ee       0x39 ./SDK/platform/drivers/src/lpit/lpit_driver.o
 .ARM.attributes
                0x00000527       0x39 ./SDK/platform/drivers/src/lpuart/lpuart_driver.o
 .ARM.attributes
                0x00000560       0x39 ./SDK/platform/drivers/src/lpuart/lpuart_hw_access.o
 .ARM.attributes
                0x00000599       0x39 ./SDK/platform/drivers/src/lpuart/lpuart_irq.o
 .ARM.attributes
                0x000005d2       0x39 ./SDK/platform/drivers/src/pins/pins_driver.o
 .ARM.attributes
                0x0000060b       0x39 ./SDK/platform/drivers/src/pins/pins_port_hw_access.o
 .ARM.attributes
                0x00000644       0x39 ./SDK/rtos/osif/osif_baremetal.o
 .ARM.attributes
                0x0000067d       0x39 ./Sources/main.o
 .ARM.attributes
                0x000006b6       0x34 D:/S32/s32_2_2/S32DS/build_tools/gcc_v6.3/gcc-6.3-arm32-eabi/arm-none-eabi/newlib/lib/thumb/v7e-m/fpv4-sp/hard\libm.a(lib_a-w_log.o)
 .ARM.attributes
                0x000006ea       0x34 D:/S32/s32_2_2/S32DS/build_tools/gcc_v6.3/gcc-6.3-arm32-eabi/arm-none-eabi/newlib/lib/thumb/v7e-m/fpv4-sp/hard\libm.a(lib_a-e_log.o)
 .ARM.attributes
                0x0000071e       0x34 D:/S32/s32_2_2/S32DS/build_tools/gcc_v6.3/gcc-6.3-arm32-eabi/arm-none-eabi/newlib/lib/thumb/v7e-m/fpv4-sp/hard\libm.a(lib_a-s_lib_ver.o)
 .ARM.attributes
                0x00000752       0x34 D:/S32/s32_2_2/S32DS/build_tools/gcc_v6.3/gcc-6.3-arm32-eabi/arm-none-eabi/newlib/lib/thumb/v7e-m/fpv4-sp/hard\libm.a(lib_a-s_matherr.o)
 .ARM.attributes
                0x00000786       0x34 D:/S32/s32_2_2/S32DS/build_tools/gcc_v6.3/gcc-6.3-arm32-eabi/arm-none-eabi/newlib/lib/thumb/v7e-m/fpv4-sp/hard\libm.a(lib_a-s_nan.o)
 .ARM.attributes
                0x000007ba       0x22 d:/s32/s32_2_2/s32ds/build_tools/gcc_v6.3/gcc-6.3-arm32-eabi/bin/../lib/gcc/arm-none-eabi/6.3.1/thumb/v7e-m/fpv4-sp/hard\libgcc.a(_arm_addsubdf3.o)
 .ARM.attributes
                0x000007dc       0x22 d:/s32/s32_2_2/s32ds/build_tools/gcc_v6.3/gcc-6.3-arm32-eabi/bin/../lib/gcc/arm-none-eabi/6.3.1/thumb/v7e-m/fpv4-sp/hard\libgcc.a(_arm_muldivdf3.o)
 .ARM.attributes
                0x000007fe       0x22 d:/s32/s32_2_2/s32ds/build_tools/gcc_v6.3/gcc-6.3-arm32-eabi/bin/../lib/gcc/arm-none-eabi/6.3.1/thumb/v7e-m/fpv4-sp/hard\libgcc.a(_arm_cmpdf2.o)
 .ARM.attributes
                0x00000820       0x22 d:/s32/s32_2_2/s32ds/build_tools/gcc_v6.3/gcc-6.3-arm32-eabi/bin/../lib/gcc/arm-none-eabi/6.3.1/thumb/v7e-m/fpv4-sp/hard\libgcc.a(_arm_unorddf2.o)
 .ARM.attributes
                0x00000842       0x22 d:/s32/s32_2_2/s32ds/build_tools/gcc_v6.3/gcc-6.3-arm32-eabi/bin/../lib/gcc/arm-none-eabi/6.3.1/thumb/v7e-m/fpv4-sp/hard\libgcc.a(_arm_truncdfsf2.o)
 .ARM.attributes
                0x00000864       0x22 d:/s32/s32_2_2/s32ds/build_tools/gcc_v6.3/gcc-6.3-arm32-eabi/bin/../lib/gcc/arm-none-eabi/6.3.1/thumb/v7e-m/fpv4-sp/hard\libgcc.a(_aeabi_uldivmod.o)
 .ARM.attributes
                0x00000886       0x34 d:/s32/s32_2_2/s32ds/build_tools/gcc_v6.3/gcc-6.3-arm32-eabi/bin/../lib/gcc/arm-none-eabi/6.3.1/thumb/v7e-m/fpv4-sp/hard\libgcc.a(_udivmoddi4.o)
 .ARM.attributes
                0x000008ba       0x22 d:/s32/s32_2_2/s32ds/build_tools/gcc_v6.3/gcc-6.3-arm32-eabi/bin/../lib/gcc/arm-none-eabi/6.3.1/thumb/v7e-m/fpv4-sp/hard\libgcc.a(_dvmd_tls.o)
 .ARM.attributes
                0x000008dc       0x34 D:/S32/s32_2_2/S32DS/build_tools/gcc_v6.3/gcc-6.3-arm32-eabi/arm-none-eabi/newlib/lib/thumb/v7e-m/fpv4-sp/hard\libc_nano.a(lib_a-errno.o)
 .ARM.attributes
                0x00000910       0x34 D:/S32/s32_2_2/S32DS/build_tools/gcc_v6.3/gcc-6.3-arm32-eabi/arm-none-eabi/newlib/lib/thumb/v7e-m/fpv4-sp/hard\libc_nano.a(lib_a-impure.o)
 .ARM.attributes
                0x00000944       0x34 D:/S32/s32_2_2/S32DS/build_tools/gcc_v6.3/gcc-6.3-arm32-eabi/arm-none-eabi/newlib/lib/thumb/v7e-m/fpv4-sp/hard\libc_nano.a(lib_a-sprintf.o)
 .ARM.attributes
                0x00000978       0x1b D:/S32/s32_2_2/S32DS/build_tools/gcc_v6.3/gcc-6.3-arm32-eabi/arm-none-eabi/newlib/lib/thumb/v7e-m/fpv4-sp/hard\libc_nano.a(lib_a-strlen.o)
 .ARM.attributes
                0x00000993       0x34 D:/S32/s32_2_2/S32DS/build_tools/gcc_v6.3/gcc-6.3-arm32-eabi/arm-none-eabi/newlib/lib/thumb/v7e-m/fpv4-sp/hard\libc_nano.a(lib_a-nano-svfprintf.o)
 .ARM.attributes
                0x000009c7       0x34 D:/S32/s32_2_2/S32DS/build_tools/gcc_v6.3/gcc-6.3-arm32-eabi/arm-none-eabi/newlib/lib/thumb/v7e-m/fpv4-sp/hard\libc_nano.a(lib_a-nano-vfprintf_i.o)
 .ARM.attributes
                0x000009fb       0x20 D:/S32/s32_2_2/S32DS/build_tools/gcc_v6.3/gcc-6.3-arm32-eabi/arm-none-eabi/newlib/lib/thumb/v7e-m/fpv4-sp/hard\libc_nano.a(lib_a-memchr.o)
 .ARM.attributes
                0x00000a1b       0x34 D:/S32/s32_2_2/S32DS/build_tools/gcc_v6.3/gcc-6.3-arm32-eabi/arm-none-eabi/newlib/lib/thumb/v7e-m/fpv4-sp/hard\libc_nano.a(lib_a-memcpy-stub.o)
 .ARM.attributes
                0x00000a4f       0x34 D:/S32/s32_2_2/S32DS/build_tools/gcc_v6.3/gcc-6.3-arm32-eabi/arm-none-eabi/newlib/lib/thumb/v7e-m/fpv4-sp/hard\libc_nano.a(lib_a-memmove.o)
 .ARM.attributes
                0x00000a83       0x34 D:/S32/s32_2_2/S32DS/build_tools/gcc_v6.3/gcc-6.3-arm32-eabi/arm-none-eabi/newlib/lib/thumb/v7e-m/fpv4-sp/hard\libc_nano.a(lib_a-nano-freer.o)
 .ARM.attributes
                0x00000ab7       0x34 D:/S32/s32_2_2/S32DS/build_tools/gcc_v6.3/gcc-6.3-arm32-eabi/arm-none-eabi/newlib/lib/thumb/v7e-m/fpv4-sp/hard\libc_nano.a(lib_a-nano-mallocr.o)
 .ARM.attributes
                0x00000aeb       0x34 D:/S32/s32_2_2/S32DS/build_tools/gcc_v6.3/gcc-6.3-arm32-eabi/arm-none-eabi/newlib/lib/thumb/v7e-m/fpv4-sp/hard\libc_nano.a(lib_a-nano-reallocr.o)
 .ARM.attributes
                0x00000b1f       0x34 D:/S32/s32_2_2/S32DS/build_tools/gcc_v6.3/gcc-6.3-arm32-eabi/arm-none-eabi/newlib/lib/thumb/v7e-m/fpv4-sp/hard\libc_nano.a(lib_a-sbrkr.o)
 .ARM.attributes
                0x00000b53       0x34 D:/S32/s32_2_2/S32DS/build_tools/gcc_v6.3/gcc-6.3-arm32-eabi/arm-none-eabi/newlib/lib/thumb/v7e-m/fpv4-sp/hard\libc_nano.a(lib_a-mlock.o)
 .ARM.attributes
                0x00000b87       0x34 D:/S32/s32_2_2/S32DS/build_tools/gcc_v6.3/gcc-6.3-arm32-eabi/arm-none-eabi/newlib/lib/thumb/v7e-m/fpv4-sp/hard\libc_nano.a(lib_a-nano-msizer.o)
 .ARM.attributes
                0x00000bbb       0x34 D:/S32/s32_2_2/S32DS/build_tools/gcc_v6.3/gcc-6.3-arm32-eabi/arm-none-eabi/newlib/lib/thumb/v7e-m/fpv4-sp/hard\libc_nano.a(lib_a-reent.o)
 .ARM.attributes
                0x00000bef       0x34 D:/S32/s32_2_2/S32DS/build_tools/gcc_v6.3/gcc-6.3-arm32-eabi/arm-none-eabi/newlib/lib/thumb/v7e-m/fpv4-sp/hard\libnosys.a(sbrk.o)
                0x00000001                ASSERT ((__StackLimit >= __HeapLimit), region m_data_2 overflowed with stack and heap)
OUTPUT(S32K144_Smart_BMS.elf elf32-littlearm)

.debug_info     0x00000000    0x3bb12
 .debug_info    0x00000000     0x30db ./Generated_Code/adConv1.o
 .debug_info    0x000030db     0x31b5 ./Generated_Code/clockMan1.o
 .debug_info    0x00006290     0x308d ./Generated_Code/lpit1.o
 .debug_info    0x0000931d     0x308d ./Generated_Code/lpuart1.o
 .debug_info    0x0000c3aa      0x40a ./Generated_Code/pin_mux.o
 .debug_info    0x0000c7b4       0x26 ./Project_Settings/Startup_Code/startup_S32K144.o
 .debug_info    0x0000c7da      0x521 ./SDK/platform/devices/S32K144/startup/system_S32K144.o
 .debug_info    0x0000ccfb      0x2ad ./SDK/platform/devices/startup.o
 .debug_info    0x0000cfa8     0x3545 ./SDK/platform/drivers/src/adc/adc_driver.o
 .debug_info    0x000104ed     0x606d ./SDK/platform/drivers/src/clock/S32K1xx/clock_S32K1xx.o
 .debug_info    0x0001655a     0x3d8c ./SDK/platform/drivers/src/csec/csec_driver.o
 .debug_info    0x0001a2e6      0xecf ./SDK/platform/drivers/src/csec/csec_hw_access.o
 .debug_info    0x0001b1b5     0x479e ./SDK/platform/drivers/src/edma/edma_driver.o
 .debug_info    0x0001f953      0xa55 ./SDK/platform/drivers/src/edma/edma_hw_access.o
 .debug_info    0x000203a8      0x6db ./SDK/platform/drivers/src/edma/edma_irq.o
 .debug_info    0x00020a83     0x55e6 ./SDK/platform/drivers/src/flexcan/flexcan_driver.o
 .debug_info    0x00026069     0x1e9c ./SDK/platform/drivers/src/flexcan/flexcan_hw_access.o
 .debug_info    0x00027f05      0x275 ./SDK/platform/drivers/src/flexcan/flexcan_irq.o
 .debug_info    0x0002817a      0xb9d ./SDK/platform/drivers/src/interrupt/interrupt_manager.o
 .debug_info    0x00028d17     0x5f14 ./SDK/platform/drivers/src/lpi2c/lpi2c_driver.o
 .debug_info    0x0002ec2b      0x433 ./SDK/platform/drivers/src/lpi2c/lpi2c_hw_access.o
 .debug_info    0x0002f05e       0xdc ./SDK/platform/drivers/src/lpi2c/lpi2c_irq.o
 .debug_info    0x0002f13a     0x217b ./SDK/platform/drivers/src/lpit/lpit_driver.o
 .debug_info    0x000312b5     0x3750 ./SDK/platform/drivers/src/lpuart/lpuart_driver.o
 .debug_info    0x00034a05      0x9bb ./SDK/platform/drivers/src/lpuart/lpuart_hw_access.o
 .debug_info    0x000353c0      0x127 ./SDK/platform/drivers/src/lpuart/lpuart_irq.o
 .debug_info    0x000354e7     0x14ba ./SDK/platform/drivers/src/pins/pins_driver.o
 .debug_info    0x000369a1      0x9a5 ./SDK/platform/drivers/src/pins/pins_port_hw_access.o
 .debug_info    0x00037346      0xba7 ./SDK/rtos/osif/osif_baremetal.o
 .debug_info    0x00037eed     0x3c25 ./Sources/main.o

.debug_abbrev   0x00000000     0x45f7
 .debug_abbrev  0x00000000      0x1ae ./Generated_Code/adConv1.o
 .debug_abbrev  0x000001ae      0x1bb ./Generated_Code/clockMan1.o
 .debug_abbrev  0x00000369      0x1ae ./Generated_Code/lpit1.o
 .debug_abbrev  0x00000517      0x1ae ./Generated_Code/lpuart1.o
 .debug_abbrev  0x000006c5       0xcd ./Generated_Code/pin_mux.o
 .debug_abbrev  0x00000792       0x14 ./Project_Settings/Startup_Code/startup_S32K144.o
 .debug_abbrev  0x000007a6      0x141 ./SDK/platform/devices/S32K144/startup/system_S32K144.o
 .debug_abbrev  0x000008e7       0xe1 ./SDK/platform/devices/startup.o
 .debug_abbrev  0x000009c8      0x39f ./SDK/platform/drivers/src/adc/adc_driver.o
 .debug_abbrev  0x00000d67      0x409 ./SDK/platform/drivers/src/clock/S32K1xx/clock_S32K1xx.o
 .debug_abbrev  0x00001170      0x495 ./SDK/platform/drivers/src/csec/csec_driver.o
 .debug_abbrev  0x00001605      0x268 ./SDK/platform/drivers/src/csec/csec_hw_access.o
 .debug_abbrev  0x0000186d      0x412 ./SDK/platform/drivers/src/edma/edma_driver.o
 .debug_abbrev  0x00001c7f      0x240 ./SDK/platform/drivers/src/edma/edma_hw_access.o
 .debug_abbrev  0x00001ebf      0x1b9 ./SDK/platform/drivers/src/edma/edma_irq.o
 .debug_abbrev  0x00002078      0x43e ./SDK/platform/drivers/src/flexcan/flexcan_driver.o
 .debug_abbrev  0x000024b6      0x396 ./SDK/platform/drivers/src/flexcan/flexcan_hw_access.o
 .debug_abbrev  0x0000284c       0x6d ./SDK/platform/drivers/src/flexcan/flexcan_irq.o
 .debug_abbrev  0x000028b9      0x24e ./SDK/platform/drivers/src/interrupt/interrupt_manager.o
 .debug_abbrev  0x00002b07      0x455 ./SDK/platform/drivers/src/lpi2c/lpi2c_driver.o
 .debug_abbrev  0x00002f5c      0x162 ./SDK/platform/drivers/src/lpi2c/lpi2c_hw_access.o
 .debug_abbrev  0x000030be       0x6d ./SDK/platform/drivers/src/lpi2c/lpi2c_irq.o
 .debug_abbrev  0x0000312b      0x38e ./SDK/platform/drivers/src/lpit/lpit_driver.o
 .debug_abbrev  0x000034b9      0x3ab ./SDK/platform/drivers/src/lpuart/lpuart_driver.o
 .debug_abbrev  0x00003864      0x1ed ./SDK/platform/drivers/src/lpuart/lpuart_hw_access.o
 .debug_abbrev  0x00003a51       0xba ./SDK/platform/drivers/src/lpuart/lpuart_irq.o
 .debug_abbrev  0x00003b0b      0x2f6 ./SDK/platform/drivers/src/pins/pins_driver.o
 .debug_abbrev  0x00003e01      0x232 ./SDK/platform/drivers/src/pins/pins_port_hw_access.o
 .debug_abbrev  0x00004033      0x2df ./SDK/rtos/osif/osif_baremetal.o
 .debug_abbrev  0x00004312      0x2e5 ./Sources/main.o

.debug_aranges  0x00000000     0x1068
 .debug_aranges
                0x00000000       0x18 ./Generated_Code/adConv1.o
 .debug_aranges
                0x00000018       0x18 ./Generated_Code/clockMan1.o
 .debug_aranges
                0x00000030       0x18 ./Generated_Code/lpit1.o
 .debug_aranges
                0x00000048       0x18 ./Generated_Code/lpuart1.o
 .debug_aranges
                0x00000060       0x18 ./Generated_Code/pin_mux.o
 .debug_aranges
                0x00000078       0x20 ./Project_Settings/Startup_Code/startup_S32K144.o
 .debug_aranges
                0x00000098       0x30 ./SDK/platform/devices/S32K144/startup/system_S32K144.o
 .debug_aranges
                0x000000c8       0x20 ./SDK/platform/devices/startup.o
 .debug_aranges
                0x000000e8       0xe8 ./SDK/platform/drivers/src/adc/adc_driver.o
 .debug_aranges
                0x000001d0      0x120 ./SDK/platform/drivers/src/clock/S32K1xx/clock_S32K1xx.o
 .debug_aranges
                0x000002f0      0x170 ./SDK/platform/drivers/src/csec/csec_driver.o
 .debug_aranges
                0x00000460       0x50 ./SDK/platform/drivers/src/csec/csec_hw_access.o
 .debug_aranges
                0x000004b0      0x140 ./SDK/platform/drivers/src/edma/edma_driver.o
 .debug_aranges
                0x000005f0       0x88 ./SDK/platform/drivers/src/edma/edma_hw_access.o
 .debug_aranges
                0x00000678       0xa0 ./SDK/platform/drivers/src/edma/edma_irq.o
 .debug_aranges
                0x00000718      0x190 ./SDK/platform/drivers/src/flexcan/flexcan_driver.o
 .debug_aranges
                0x000008a8       0xe8 ./SDK/platform/drivers/src/flexcan/flexcan_hw_access.o
 .debug_aranges
                0x00000990       0x80 ./SDK/platform/drivers/src/flexcan/flexcan_irq.o
 .debug_aranges
                0x00000a10       0x70 ./SDK/platform/drivers/src/interrupt/interrupt_manager.o
 .debug_aranges
                0x00000a80      0x148 ./SDK/platform/drivers/src/lpi2c/lpi2c_driver.o
 .debug_aranges
                0x00000bc8       0x20 ./SDK/platform/drivers/src/lpi2c/lpi2c_hw_access.o
 .debug_aranges
                0x00000be8       0x28 ./SDK/platform/drivers/src/lpi2c/lpi2c_irq.o
 .debug_aranges
                0x00000c10       0xb0 ./SDK/platform/drivers/src/lpit/lpit_driver.o
 .debug_aranges
                0x00000cc0      0x118 ./SDK/platform/drivers/src/lpuart/lpuart_driver.o
 .debug_aranges
                0x00000dd8       0x78 ./SDK/platform/drivers/src/lpuart/lpuart_hw_access.o
 .debug_aranges
                0x00000e50       0x30 ./SDK/platform/drivers/src/lpuart/lpuart_irq.o
 .debug_aranges
                0x00000e80       0xe0 ./SDK/platform/drivers/src/pins/pins_driver.o
 .debug_aranges
                0x00000f60       0x40 ./SDK/platform/drivers/src/pins/pins_port_hw_access.o
 .debug_aranges
                0x00000fa0       0x70 ./SDK/rtos/osif/osif_baremetal.o
 .debug_aranges
                0x00001010       0x58 ./Sources/main.o

.debug_macro    0x00000000    0x11db5
 .debug_macro   0x00000000      0x29f ./Generated_Code/adConv1.o
 .debug_macro   0x0000029f     0xed32 ./Generated_Code/adConv1.o
 .debug_macro   0x0000efd1       0x10 ./Generated_Code/adConv1.o
 .debug_macro   0x0000efe1      0x294 ./Generated_Code/clockMan1.o
 .debug_macro   0x0000f275      0x29f ./Generated_Code/lpit1.o
 .debug_macro   0x0000f514      0x29f ./Generated_Code/lpuart1.o
 .debug_macro   0x0000f7b3       0xdd ./Generated_Code/pin_mux.o
 .debug_macro   0x0000f890      0x16d ./Generated_Code/pin_mux.o
 .debug_macro   0x0000f9fd       0xb6 ./SDK/platform/devices/S32K144/startup/system_S32K144.o
 .debug_macro   0x0000fab3       0xb6 ./SDK/platform/devices/startup.o
 .debug_macro   0x0000fb69       0x40 ./SDK/platform/devices/startup.o
 .debug_macro   0x0000fba9       0xea ./SDK/platform/drivers/src/adc/adc_driver.o
 .debug_macro   0x0000fc93      0x2a3 ./SDK/platform/drivers/src/clock/S32K1xx/clock_S32K1xx.o
 .debug_macro   0x0000ff36      0x1e1 ./SDK/platform/drivers/src/csec/csec_driver.o
 .debug_macro   0x00010117       0x64 ./SDK/platform/drivers/src/csec/csec_driver.o
 .debug_macro   0x0001017b      0x19c ./SDK/platform/drivers/src/csec/csec_hw_access.o
 .debug_macro   0x00010317       0x35 ./SDK/platform/drivers/src/csec/csec_hw_access.o
 .debug_macro   0x0001034c       0xf7 ./SDK/platform/drivers/src/edma/edma_driver.o
 .debug_macro   0x00010443       0xcc ./SDK/platform/drivers/src/edma/edma_hw_access.o
 .debug_macro   0x0001050f       0xd0 ./SDK/platform/drivers/src/edma/edma_irq.o
 .debug_macro   0x000105df      0x19b ./SDK/platform/drivers/src/flexcan/flexcan_driver.o
 .debug_macro   0x0001077a       0x4c ./SDK/platform/drivers/src/flexcan/flexcan_driver.o
 .debug_macro   0x000107c6       0x55 ./SDK/platform/drivers/src/flexcan/flexcan_driver.o
 .debug_macro   0x0001081b       0x16 ./SDK/platform/drivers/src/flexcan/flexcan_driver.o
 .debug_macro   0x00010831       0x57 ./SDK/platform/drivers/src/flexcan/flexcan_driver.o
 .debug_macro   0x00010888      0x186 ./SDK/platform/drivers/src/flexcan/flexcan_driver.o
 .debug_macro   0x00010a0e      0x165 ./SDK/platform/drivers/src/flexcan/flexcan_hw_access.o
 .debug_macro   0x00010b73       0xb7 ./SDK/platform/drivers/src/flexcan/flexcan_irq.o
 .debug_macro   0x00010c2a       0xb7 ./SDK/platform/drivers/src/interrupt/interrupt_manager.o
 .debug_macro   0x00010ce1      0x143 ./SDK/platform/drivers/src/lpi2c/lpi2c_driver.o
 .debug_macro   0x00010e24       0x88 ./SDK/platform/drivers/src/lpi2c/lpi2c_driver.o
 .debug_macro   0x00010eac       0xfe ./SDK/platform/drivers/src/lpi2c/lpi2c_hw_access.o
 .debug_macro   0x00010faa       0x82 ./SDK/platform/drivers/src/lpi2c/lpi2c_hw_access.o
 .debug_macro   0x0001102c      0x100 ./SDK/platform/drivers/src/lpi2c/lpi2c_irq.o
 .debug_macro   0x0001112c       0xf7 ./SDK/platform/drivers/src/lpit/lpit_driver.o
 .debug_macro   0x00011223      0x131 ./SDK/platform/drivers/src/lpuart/lpuart_driver.o
 .debug_macro   0x00011354       0x34 ./SDK/platform/drivers/src/lpuart/lpuart_driver.o
 .debug_macro   0x00011388      0x109 ./SDK/platform/drivers/src/lpuart/lpuart_hw_access.o
 .debug_macro   0x00011491       0xc1 ./SDK/platform/drivers/src/lpuart/lpuart_irq.o
 .debug_macro   0x00011552       0xde ./SDK/platform/drivers/src/pins/pins_driver.o
 .debug_macro   0x00011630       0xde ./SDK/platform/drivers/src/pins/pins_port_hw_access.o
 .debug_macro   0x0001170e       0xfb ./SDK/rtos/osif/osif_baremetal.o
 .debug_macro   0x00011809      0x35e ./Sources/main.o
 .debug_macro   0x00011b67       0x1c ./Sources/main.o
 .debug_macro   0x00011b83       0x10 ./Sources/main.o
 .debug_macro   0x00011b93       0x10 ./Sources/main.o
 .debug_macro   0x00011ba3       0xb6 ./Sources/main.o
 .debug_macro   0x00011c59       0x16 ./Sources/main.o
 .debug_macro   0x00011c6f      0x130 ./Sources/main.o
 .debug_macro   0x00011d9f       0x16 ./Sources/main.o

.debug_line     0x00000000     0xf909
 .debug_line    0x00000000      0x6a8 ./Generated_Code/adConv1.o
 .debug_line    0x000006a8      0x6aa ./Generated_Code/clockMan1.o
 .debug_line    0x00000d52      0x6a6 ./Generated_Code/lpit1.o
 .debug_line    0x000013f8      0x6a8 ./Generated_Code/lpuart1.o
 .debug_line    0x00001aa0      0x3e3 ./Generated_Code/pin_mux.o
 .debug_line    0x00001e83       0xca ./Project_Settings/Startup_Code/startup_S32K144.o
 .debug_line    0x00001f4d      0x414 ./SDK/platform/devices/S32K144/startup/system_S32K144.o
 .debug_line    0x00002361      0x3a3 ./SDK/platform/devices/startup.o
 .debug_line    0x00002704      0xb79 ./SDK/platform/drivers/src/adc/adc_driver.o
 .debug_line    0x0000327d     0x149b ./SDK/platform/drivers/src/clock/S32K1xx/clock_S32K1xx.o
 .debug_line    0x00004718     0x1066 ./SDK/platform/drivers/src/csec/csec_driver.o
 .debug_line    0x0000577e      0x5c6 ./SDK/platform/drivers/src/csec/csec_hw_access.o
 .debug_line    0x00005d44     0x1077 ./SDK/platform/drivers/src/edma/edma_driver.o
 .debug_line    0x00006dbb      0x606 ./SDK/platform/drivers/src/edma/edma_hw_access.o
 .debug_line    0x000073c1      0x56d ./SDK/platform/drivers/src/edma/edma_irq.o
 .debug_line    0x0000792e     0x11a7 ./SDK/platform/drivers/src/flexcan/flexcan_driver.o
 .debug_line    0x00008ad5      0xa74 ./SDK/platform/drivers/src/flexcan/flexcan_hw_access.o
 .debug_line    0x00009549      0x495 ./SDK/platform/drivers/src/flexcan/flexcan_irq.o
 .debug_line    0x000099de      0x584 ./SDK/platform/drivers/src/interrupt/interrupt_manager.o
 .debug_line    0x00009f62     0x12fc ./SDK/platform/drivers/src/lpi2c/lpi2c_driver.o
 .debug_line    0x0000b25e      0x4c3 ./SDK/platform/drivers/src/lpi2c/lpi2c_hw_access.o
 .debug_line    0x0000b721      0x4b5 ./SDK/platform/drivers/src/lpi2c/lpi2c_irq.o
 .debug_line    0x0000bbd6      0x920 ./SDK/platform/drivers/src/lpit/lpit_driver.o
 .debug_line    0x0000c4f6      0xe8b ./SDK/platform/drivers/src/lpuart/lpuart_driver.o
 .debug_line    0x0000d381      0x650 ./SDK/platform/drivers/src/lpuart/lpuart_hw_access.o
 .debug_line    0x0000d9d1      0x448 ./SDK/platform/drivers/src/lpuart/lpuart_irq.o
 .debug_line    0x0000de19      0x6df ./SDK/platform/drivers/src/pins/pins_driver.o
 .debug_line    0x0000e4f8      0x59e ./SDK/platform/drivers/src/pins/pins_port_hw_access.o
 .debug_line    0x0000ea96      0x638 ./SDK/rtos/osif/osif_baremetal.o
 .debug_line    0x0000f0ce      0x83b ./Sources/main.o

.debug_str      0x00000000    0x7bbb6
 .debug_str     0x00000000    0x6fafc ./Generated_Code/adConv1.o
                              0x700d0 (size before relaxing)
 .debug_str     0x0006fafc      0x4b6 ./Generated_Code/clockMan1.o
                              0x7056a (size before relaxing)
 .debug_str     0x0006ffb2       0x1a ./Generated_Code/lpit1.o
                              0x700ce (size before relaxing)
 .debug_str     0x0006ffcc       0x1c ./Generated_Code/lpuart1.o
                              0x700d0 (size before relaxing)
 .debug_str     0x0006ffe8       0x1c ./Generated_Code/pin_mux.o
                              0x68ca5 (size before relaxing)
 .debug_str     0x00070004       0x7a ./Project_Settings/Startup_Code/startup_S32K144.o
                                 0xa7 (size before relaxing)
 .debug_str     0x0007007e      0x1fc ./SDK/platform/devices/S32K144/startup/system_S32K144.o
                              0x68839 (size before relaxing)
 .debug_str     0x0007027a      0x397 ./SDK/platform/devices/startup.o
                              0x689ab (size before relaxing)
 .debug_str     0x00070611     0x10b1 ./SDK/platform/drivers/src/adc/adc_driver.o
                              0x6ae18 (size before relaxing)
 .debug_str     0x000716c2     0x1d37 ./SDK/platform/drivers/src/clock/S32K1xx/clock_S32K1xx.o
                              0x6c9d4 (size before relaxing)
 .debug_str     0x000733f9      0xaa0 ./SDK/platform/drivers/src/csec/csec_driver.o
                              0x6d861 (size before relaxing)
 .debug_str     0x00073e99       0x88 ./SDK/platform/drivers/src/csec/csec_hw_access.o
                              0x6c28c (size before relaxing)
 .debug_str     0x00073f21     0x11be ./SDK/platform/drivers/src/edma/edma_driver.o
                              0x6b742 (size before relaxing)
 .debug_str     0x000750df       0x76 ./SDK/platform/drivers/src/edma/edma_hw_access.o
                              0x68f0a (size before relaxing)
 .debug_str     0x00075155      0x192 ./SDK/platform/drivers/src/edma/edma_irq.o
                              0x68c15 (size before relaxing)
 .debug_str     0x000752e7     0x1e09 ./SDK/platform/drivers/src/flexcan/flexcan_driver.o
                              0x6c904 (size before relaxing)
 .debug_str     0x000770f0      0x4db ./SDK/platform/drivers/src/flexcan/flexcan_hw_access.o
                              0x6ad7f (size before relaxing)
 .debug_str     0x000775cb      0x1ac ./SDK/platform/drivers/src/flexcan/flexcan_irq.o
                              0x6873b (size before relaxing)
 .debug_str     0x00077777      0x18e ./SDK/platform/drivers/src/interrupt/interrupt_manager.o
                              0x68e2a (size before relaxing)
 .debug_str     0x00077905     0x1a5f ./SDK/platform/drivers/src/lpi2c/lpi2c_driver.o
                              0x6c0e6 (size before relaxing)
 .debug_str     0x00079364       0x9f ./SDK/platform/drivers/src/lpi2c/lpi2c_hw_access.o
                              0x68e60 (size before relaxing)
 .debug_str     0x00079403       0x9e ./SDK/platform/drivers/src/lpi2c/lpi2c_irq.o
                              0x68a05 (size before relaxing)
 .debug_str     0x000794a1      0x686 ./SDK/platform/drivers/src/lpit/lpit_driver.o
                              0x6a61f (size before relaxing)
 .debug_str     0x00079b27      0xb9b ./SDK/platform/drivers/src/lpuart/lpuart_driver.o
                              0x6aeee (size before relaxing)
 .debug_str     0x0007a6c2       0xf4 ./SDK/platform/drivers/src/lpuart/lpuart_hw_access.o
                              0x698b9 (size before relaxing)
 .debug_str     0x0007a7b6       0x99 ./SDK/platform/drivers/src/lpuart/lpuart_irq.o
                              0x68624 (size before relaxing)
 .debug_str     0x0007a84f      0x638 ./SDK/platform/drivers/src/pins/pins_driver.o
                              0x69b07 (size before relaxing)
 .debug_str     0x0007ae87      0x1c2 ./SDK/platform/drivers/src/pins/pins_port_hw_access.o
                              0x68fef (size before relaxing)
 .debug_str     0x0007b049      0x19d ./SDK/rtos/osif/osif_baremetal.o
                              0x69959 (size before relaxing)
 .debug_str     0x0007b1e6      0x9d0 ./Sources/main.o
                              0x713d8 (size before relaxing)

.comment        0x00000000       0xa0
 .comment       0x00000000       0xa0 ./Generated_Code/adConv1.o
                                 0xa1 (size before relaxing)
 .comment       0x000000a0       0xa1 ./Generated_Code/clockMan1.o
 .comment       0x000000a0       0xa1 ./Generated_Code/lpit1.o
 .comment       0x000000a0       0xa1 ./Generated_Code/lpuart1.o
 .comment       0x000000a0       0xa1 ./Generated_Code/pin_mux.o
 .comment       0x000000a0       0xa1 ./SDK/platform/devices/S32K144/startup/system_S32K144.o
 .comment       0x000000a0       0xa1 ./SDK/platform/devices/startup.o
 .comment       0x000000a0       0xa1 ./SDK/platform/drivers/src/adc/adc_driver.o
 .comment       0x000000a0       0xa1 ./SDK/platform/drivers/src/clock/S32K1xx/clock_S32K1xx.o
 .comment       0x000000a0       0xa1 ./SDK/platform/drivers/src/csec/csec_driver.o
 .comment       0x000000a0       0xa1 ./SDK/platform/drivers/src/csec/csec_hw_access.o
 .comment       0x000000a0       0xa1 ./SDK/platform/drivers/src/edma/edma_driver.o
 .comment       0x000000a0       0xa1 ./SDK/platform/drivers/src/edma/edma_hw_access.o
 .comment       0x000000a0       0xa1 ./SDK/platform/drivers/src/edma/edma_irq.o
 .comment       0x000000a0       0xa1 ./SDK/platform/drivers/src/flexcan/flexcan_driver.o
 .comment       0x000000a0       0xa1 ./SDK/platform/drivers/src/flexcan/flexcan_hw_access.o
 .comment       0x000000a0       0xa1 ./SDK/platform/drivers/src/flexcan/flexcan_irq.o
 .comment       0x000000a0       0xa1 ./SDK/platform/drivers/src/interrupt/interrupt_manager.o
 .comment       0x000000a0       0xa1 ./SDK/platform/drivers/src/lpi2c/lpi2c_driver.o
 .comment       0x000000a0       0xa1 ./SDK/platform/drivers/src/lpi2c/lpi2c_hw_access.o
 .comment       0x000000a0       0xa1 ./SDK/platform/drivers/src/lpi2c/lpi2c_irq.o
 .comment       0x000000a0       0xa1 ./SDK/platform/drivers/src/lpit/lpit_driver.o
 .comment       0x000000a0       0xa1 ./SDK/platform/drivers/src/lpuart/lpuart_driver.o
 .comment       0x000000a0       0xa1 ./SDK/platform/drivers/src/lpuart/lpuart_hw_access.o
 .comment       0x000000a0       0xa1 ./SDK/platform/drivers/src/lpuart/lpuart_irq.o