Archive member included to satisfy reference by file (symbol)

d:/s32/s32_2_2/s32ds/build_tools/gcc_v6.3/gcc-6.3-arm32-eabi/bin/../lib/gcc/arm-none-eabi/6.3.1/thumb/v7e-m/fpv4-sp/hard\libgcc.a(_aeabi_uldivmod.o)
                              ./SDK/platform/drivers/src/lpit/lpit_driver.o (__aeabi_uldivmod)
d:/s32/s32_2_2/s32ds/build_tools/gcc_v6.3/gcc-6.3-arm32-eabi/bin/../lib/gcc/arm-none-eabi/6.3.1/thumb/v7e-m/fpv4-sp/hard\libgcc.a(_udivmoddi4.o)
                              d:/s32/s32_2_2/s32ds/build_tools/gcc_v6.3/gcc-6.3-arm32-eabi/bin/../lib/gcc/arm-none-eabi/6.3.1/thumb/v7e-m/fpv4-sp/hard\libgcc.a(_aeabi_uldivmod.o) (__udivmoddi4)
d:/s32/s32_2_2/s32ds/build_tools/gcc_v6.3/gcc-6.3-arm32-eabi/bin/../lib/gcc/arm-none-eabi/6.3.1/thumb/v7e-m/fpv4-sp/hard\libgcc.a(_dvmd_tls.o)
                              d:/s32/s32_2_2/s32ds/build_tools/gcc_v6.3/gcc-6.3-arm32-eabi/bin/../lib/gcc/arm-none-eabi/6.3.1/thumb/v7e-m/fpv4-sp/hard\libgcc.a(_aeabi_uldivmod.o) (__aeabi_ldiv0)
D:/S32/s32_2_2/S32DS/build_tools/gcc_v6.3/gcc-6.3-arm32-eabi/arm-none-eabi/newlib/lib/thumb/v7e-m/fpv4-sp/hard\libc_nano.a(lib_a-exit.o)
                              D:/S32/s32_2_2/S32DS/build_tools/gcc_v6.3/gcc-6.3-arm32-eabi/arm-none-eabi/newlib/lib/thumb/v7e-m/fpv4-sp/hard/crt0.o (exit)
D:/S32/s32_2_2/S32DS/build_tools/gcc_v6.3/gcc-6.3-arm32-eabi/arm-none-eabi/newlib/lib/thumb/v7e-m/fpv4-sp/hard\libc_nano.a(lib_a-impure.o)
                              D:/S32/s32_2_2/S32DS/build_tools/gcc_v6.3/gcc-6.3-arm32-eabi/arm-none-eabi/newlib/lib/thumb/v7e-m/fpv4-sp/hard\libc_nano.a(lib_a-exit.o) (_global_impure_ptr)
D:/S32/s32_2_2/S32DS/build_tools/gcc_v6.3/gcc-6.3-arm32-eabi/arm-none-eabi/newlib/lib/thumb/v7e-m/fpv4-sp/hard\libc_nano.a(lib_a-init.o)
                              D:/S32/s32_2_2/S32DS/build_tools/gcc_v6.3/gcc-6.3-arm32-eabi/arm-none-eabi/newlib/lib/thumb/v7e-m/fpv4-sp/hard/crt0.o (__libc_init_array)
D:/S32/s32_2_2/S32DS/build_tools/gcc_v6.3/gcc-6.3-arm32-eabi/arm-none-eabi/newlib/lib/thumb/v7e-m/fpv4-sp/hard\libc_nano.a(lib_a-memset.o)
                              D:/S32/s32_2_2/S32DS/build_tools/gcc_v6.3/gcc-6.3-arm32-eabi/arm-none-eabi/newlib/lib/thumb/v7e-m/fpv4-sp/hard/crt0.o (memset)
D:/S32/s32_2_2/S32DS/build_tools/gcc_v6.3/gcc-6.3-arm32-eabi/arm-none-eabi/newlib/lib/thumb/v7e-m/fpv4-sp/hard\libnosys.a(_exit.o)
                              D:/S32/s32_2_2/S32DS/build_tools/gcc_v6.3/gcc-6.3-arm32-eabi/arm-none-eabi/newlib/lib/thumb/v7e-m/fpv4-sp/hard\libc_nano.a(lib_a-exit.o) (_exit)

Allocating common symbols
Common symbol       size              file

dmaController1Chn1_State
                    0x10              ./Generated_Code/dmaController1.o
lpuart1_State       0x34              ./Generated_Code/lpuart1.o
g_xtal0ClkFreq      0x4               ./SDK/platform/drivers/src/clock/S32K1xx/clock_S32K1xx.o
canCom1_State       0x114             ./Generated_Code/canCom1.o
csec1_State         0x40              ./Generated_Code/csec1.o
g_RtcClkInFreq      0x4               ./SDK/platform/drivers/src/clock/S32K1xx/clock_S32K1xx.o
g_TClkFreq          0xc               ./SDK/platform/drivers/src/clock/S32K1xx/clock_S32K1xx.o
lpi2c1State         0x3c              ./Sources/main.o
dmaController1_State
                    0x40              ./Generated_Code/dmaController1.o
dmaController1Chn0_State
                    0x10              ./Generated_Code/dmaController1.o

Discarded input sections

 .text          0x00000000        0x0 d:/s32/s32_2_2/s32ds/build_tools/gcc_v6.3/gcc-6.3-arm32-eabi/bin/../lib/gcc/arm-none-eabi/6.3.1/thumb/v7e-m/fpv4-sp/hard/crti.o
 .data          0x00000000        0x0 d:/s32/s32_2_2/s32ds/build_tools/gcc_v6.3/gcc-6.3-arm32-eabi/bin/../lib/gcc/arm-none-eabi/6.3.1/thumb/v7e-m/fpv4-sp/hard/crti.o
 .bss           0x00000000        0x0 d:/s32/s32_2_2/s32ds/build_tools/gcc_v6.3/gcc-6.3-arm32-eabi/bin/../lib/gcc/arm-none-eabi/6.3.1/thumb/v7e-m/fpv4-sp/hard/crti.o
 .text          0x00000000       0xa4 d:/s32/s32_2_2/s32ds/build_tools/gcc_v6.3/gcc-6.3-arm32-eabi/bin/../lib/gcc/arm-none-eabi/6.3.1/thumb/v7e-m/fpv4-sp/hard/crtbegin.o
 .data          0x00000000        0x4 d:/s32/s32_2_2/s32ds/build_tools/gcc_v6.3/gcc-6.3-arm32-eabi/bin/../lib/gcc/arm-none-eabi/6.3.1/thumb/v7e-m/fpv4-sp/hard/crtbegin.o
 .bss           0x00000000       0x1c d:/s32/s32_2_2/s32ds/build_tools/gcc_v6.3/gcc-6.3-arm32-eabi/bin/../lib/gcc/arm-none-eabi/6.3.1/thumb/v7e-m/fpv4-sp/hard/crtbegin.o
 .init_array    0x00000000        0x4 d:/s32/s32_2_2/s32ds/build_tools/gcc_v6.3/gcc-6.3-arm32-eabi/bin/../lib/gcc/arm-none-eabi/6.3.1/thumb/v7e-m/fpv4-sp/hard/crtbegin.o
 .fini_array    0x00000000        0x4 d:/s32/s32_2_2/s32ds/build_tools/gcc_v6.3/gcc-6.3-arm32-eabi/bin/../lib/gcc/arm-none-eabi/6.3.1/thumb/v7e-m/fpv4-sp/hard/crtbegin.o
 .eh_frame      0x00000000        0x0 d:/s32/s32_2_2/s32ds/build_tools/gcc_v6.3/gcc-6.3-arm32-eabi/bin/../lib/gcc/arm-none-eabi/6.3.1/thumb/v7e-m/fpv4-sp/hard/crtbegin.o
[...]
Memory Configuration

Name             Origin             Length             Attributes
m_interrupts     0x00000000         0x00000400         xr
m_flash_config   0x00000400         0x00000010         xr
m_text           0x00000410         0x0007fbf0         xr
m_data           0x1fff8000         0x00008000         rw
m_data_2         0x20000000         0x00007000         rw
*default*        0x00000000         0xffffffff

Linker script and memory map

LOAD d:/s32/s32_2_2/s32ds/build_tools/gcc_v6.3/gcc-6.3-arm32-eabi/bin/../lib/gcc/arm-none-eabi/6.3.1/thumb/v7e-m/fpv4-sp/hard/crti.o
LOAD d:/s32/s32_2_2/s32ds/build_tools/gcc_v6.3/gcc-6.3-arm32-eabi/bin/../lib/gcc/arm-none-eabi/6.3.1/thumb/v7e-m/fpv4-sp/hard/crtbegin.o
LOAD D:/S32/s32_2_2/S32DS/build_tools/gcc_v6.3/gcc-6.3-arm32-eabi/arm-none-eabi/newlib/lib/thumb/v7e-m/fpv4-sp/hard/crt0.o
LOAD ./Generated_Code/Cpu.o
LOAD ./Generated_Code/adConv1.o
LOAD ./Generated_Code/canCom1.o
LOAD ./Generated_Code/clockMan1.o
LOAD ./Generated_Code/csec1.o
LOAD ./Generated_Code/dmaController1.o
LOAD ./Generated_Code/lpi2c1.o
LOAD ./Generated_Code/lpit1.o
LOAD ./Generated_Code/lpuart1.o
LOAD ./Generated_Code/pin_mux.o
LOAD ./Project_Settings/Startup_Code/startup_S32K144.o
LOAD ./SDK/platform/devices/S32K144/startup/system_S32K144.o
LOAD ./SDK/platform/devices/startup.o
LOAD ./SDK/platform/drivers/src/adc/adc_driver.o
LOAD ./SDK/platform/drivers/src/clock/S32K1xx/clock_S32K1xx.o
LOAD ./SDK/platform/drivers/src/csec/csec_driver.o
LOAD ./SDK/platform/drivers/src/csec/csec_hw_access.o
LOAD ./SDK/platform/drivers/src/edma/edma_driver.o
LOAD ./SDK/platform/drivers/src/edma/edma_hw_access.o
LOAD ./SDK/platform/drivers/src/edma/edma_irq.o
LOAD ./SDK/platform/drivers/src/flexcan/flexcan_driver.o
LOAD ./SDK/platform/drivers/src/flexcan/flexcan_hw_access.o
LOAD ./SDK/platform/drivers/src/flexcan/flexcan_irq.o
LOAD ./SDK/platform/drivers/src/interrupt/interrupt_manager.o
LOAD ./SDK/platform/drivers/src/lpi2c/lpi2c_driver.o
LOAD ./SDK/platform/drivers/src/lpi2c/lpi2c_hw_access.o
LOAD ./SDK/platform/drivers/src/lpi2c/lpi2c_irq.o
LOAD ./SDK/platform/drivers/src/lpit/lpit_driver.o
LOAD ./SDK/platform/drivers/src/lpuart/lpuart_driver.o
LOAD ./SDK/platform/drivers/src/lpuart/lpuart_hw_access.o
LOAD ./SDK/platform/drivers/src/lpuart/lpuart_irq.o
LOAD ./SDK/platform/drivers/src/pins/pins_driver.o
LOAD ./SDK/platform/drivers/src/pins/pins_port_hw_access.o
LOAD ./SDK/rtos/osif/osif_baremetal.o
LOAD ./Sources/main.o
START GROUP
LOAD d:/s32/s32_2_2/s32ds/build_tools/gcc_v6.3/gcc-6.3-arm32-eabi/bin/../lib/gcc/arm-none-eabi/6.3.1/thumb/v7e-m/fpv4-sp/hard\libgcc.a
LOAD D:/S32/s32_2_2/S32DS/build_tools/gcc_v6.3/gcc-6.3-arm32-eabi/arm-none-eabi/newlib/lib/thumb/v7e-m/fpv4-sp/hard\libc_nano.a
END GROUP
START GROUP
LOAD d:/s32/s32_2_2/s32ds/build_tools/gcc_v6.3/gcc-6.3-arm32-eabi/bin/../lib/gcc/arm-none-eabi/6.3.1/thumb/v7e-m/fpv4-sp/hard\libgcc.a
LOAD D:/S32/s32_2_2/S32DS/build_tools/gcc_v6.3/gcc-6.3-arm32-eabi/arm-none-eabi/newlib/lib/thumb/v7e-m/fpv4-sp/hard\libc_nano.a
LOAD D:/S32/s32_2_2/S32DS/build_tools/gcc_v6.3/gcc-6.3-arm32-eabi/arm-none-eabi/newlib/lib/thumb/v7e-m/fpv4-sp/hard\libnosys.a
END GROUP
START GROUP
LOAD d:/s32/s32_2_2/s32ds/build_tools/gcc_v6.3/gcc-6.3-arm32-eabi/bin/../lib/gcc/arm-none-eabi/6.3.1/thumb/v7e-m/fpv4-sp/hard\libgcc.a
LOAD D:/S32/s32_2_2/S32DS/build_tools/gcc_v6.3/gcc-6.3-arm32-eabi/arm-none-eabi/newlib/lib/thumb/v7e-m/fpv4-sp/hard\libc_nano.a
LOAD D:/S32/s32_2_2/S32DS/build_tools/gcc_v6.3/gcc-6.3-arm32-eabi/arm-none-eabi/newlib/lib/thumb/v7e-m/fpv4-sp/hard\libnosys.a
END GROUP
LOAD d:/s32/s32_2_2/s32ds/build_tools/gcc_v6.3/gcc-6.3-arm32-eabi/bin/../lib/gcc/arm-none-eabi/6.3.1/thumb/v7e-m/fpv4-sp/hard/crtend.o
LOAD d:/s32/s32_2_2/s32ds/build_tools/gcc_v6.3/gcc-6.3-arm32-eabi/bin/../lib/gcc/arm-none-eabi/6.3.1/thumb/v7e-m/fpv4-sp/hard/crtn.o
                0x00000400                HEAP_SIZE = DEFINED (__heap_size__)?__heap_size__:0x400
                0x00000400                STACK_SIZE = DEFINED (__stack_size__)?__stack_size__:0x400
                0x00000400                M_VECTOR_RAM_SIZE = DEFINED (__flash_vector_table__)?0x0:0x400

.interrupts     0x00000000      0x400
                0x00000000                __VECTOR_TABLE = .
                0x00000000                __interrupts_start__ = .
                0x00000000                . = ALIGN (0x4)
 *(.isr_vector)
 .isr_vector    0x00000000      0x400 ./Project_Settings/Startup_Code/startup_S32K144.o
                0x00000000                __isr_vector
                0x00000400                __interrupts_end__ = .
                0x00000400                . = ALIGN (0x4)

.flash_config   0x00000400       0x10
                0x00000400                . = ALIGN (0x4)
 *(.FlashConfig)
 .FlashConfig   0x00000400       0x10 ./Project_Settings/Startup_Code/startup_S32K144.o
                0x00000410                . = ALIGN (0x4)

.text           0x00000410     0x50d8
                0x00000410                . = ALIGN (0x4)
 *(.text)
 .text          0x00000410       0x6c ./Project_Settings/Startup_Code/startup_S32K144.o
                0x00000410                Reset_Handler
                0x00000478                DebugMon_Handler
                0x00000478                Reserved88_IRQHandler
                0x00000478                HardFault_Handler
                0x00000478                Reserved86_IRQHandler
                0x00000478                Reserved103_IRQHandler
                0x00000478                FTM2_Ovf_Reload_IRQHandler
                0x00000478                Reserved50_IRQHandler
                0x00000478                FTFC_Fault_IRQHandler
                0x00000478                FTM0_Ch6_Ch7_IRQHandler
                0x00000478                Reserved114_IRQHandler
                0x00000478                PendSV_Handler
                0x00000478                NMI_Handler
                0x00000478                Reserved89_IRQHandler
                0x00000478                ERM_double_fault_IRQHandler
                0x00000478                Reserved59_IRQHandler
                0x00000478                Reserved99_IRQHandler
                0x00000478                FTM3_Ch6_Ch7_IRQHandler
                0x00000478                LPIT0_Ch3_IRQHandler
                0x00000478                Reserved92_IRQHandler
                0x00000478                FTM0_Ch4_Ch5_IRQHandler
                0x00000478                FTM3_Ch0_Ch1_IRQHandler
                0x00000478                SWI_IRQHandler
                0x00000478                ADC0_IRQHandler
                0x00000478                FTM2_Ch4_Ch5_IRQHandler
                0x00000478                UsageFault_Handler
                0x00000478                FTM0_Ovf_Reload_IRQHandler
                0x00000478                DefaultISR
                0x00000478                Reserved58_IRQHandler
                0x00000478                FTM1_Ch2_Ch3_IRQHandler
                0x00000478                Reserved82_IRQHandler
                0x00000478                Reserved71_IRQHandler
                0x00000478                PORTD_IRQHandler
                0x00000478                Reserved69_IRQHandler
                0x00000478                PORTB_IRQHandler
                0x00000478                Reserved70_IRQHandler
                0x00000478                ADC1_IRQHandler
                0x00000478                FTM2_Ch2_Ch3_IRQHandler
                0x00000478                Reserved53_IRQHandler
                0x00000478                RTC_IRQHandler
                0x00000478                PDB0_IRQHandler
                0x00000478                Reserved54_IRQHandler
                0x00000478                FTM2_Ch6_Ch7_IRQHandler
                0x00000478                FTM3_Ch2_Ch3_IRQHandler
                0x00000478                FTM2_Ch0_Ch1_IRQHandler
                0x00000478                LPSPI1_IRQHandler
                0x00000478                LPUART1_RxTx_IRQHandler
                0x00000478                RTC_Seconds_IRQHandler
                0x00000478                Reserved72_IRQHandler
                0x00000478                Reserved110_IRQHandler
                0x00000478                Reserved107_IRQHandler
                0x00000478                Read_Collision_IRQHandler
                0x00000478                FTM1_Ch6_Ch7_IRQHandler
                0x00000478                Reserved105_IRQHandler
                0x00000478                LPIT0_Ch1_IRQHandler
                0x00000478                FTM1_Ch4_Ch5_IRQHandler
                0x00000478                FTM3_Ovf_Reload_IRQHandler
                0x00000478                LPUART2_RxTx_IRQHandler
                0x00000478                LPSPI0_IRQHandler
                0x00000478                WDOG_EWM_IRQHandler
                0x00000478                MemManage_Handler
                0x00000478                Reserved90_IRQHandler
                0x00000478                Reserved83_IRQHandler
                0x00000478                FTM0_Fault_IRQHandler
                0x00000478                Reserved48_IRQHandler
                0x00000478                SVC_Handler
                0x00000478                ERM_single_fault_IRQHandler
                0x00000478                FTM2_Fault_IRQHandler
                0x00000478                FTM0_Ch2_Ch3_IRQHandler
                0x00000478                FTM0_Ch0_Ch1_IRQHandler
                0x00000478                FTM3_Fault_IRQHandler
                0x00000478                RCM_IRQHandler
                0x00000478                Reserved100_IRQHandler
                0x00000478                Reserved91_IRQHandler
                0x00000478                SCG_IRQHandler
                0x00000478                PDB1_IRQHandler
                0x00000478                Reserved81_IRQHandler
                0x00000478                Reserved46_IRQHandler
                0x00000478                Reserved45_IRQHandler
                0x00000478                Reserved112_IRQHandler
                0x00000478                FTM1_Fault_IRQHandler
                0x00000478                Reserved106_IRQHandler
                0x00000478                LVD_LVW_IRQHandler
                0x00000478                LPIT0_Ch2_IRQHandler
                0x00000478                PORTA_IRQHandler
                0x00000478                MCM_IRQHandler
                0x00000478                LPSPI2_IRQHandler
                0x00000478                FTM3_Ch4_Ch5_IRQHandler
                0x00000478                PORTE_IRQHandler
                0x00000478                LPUART0_RxTx_IRQHandler
                0x00000478                LPTMR0_IRQHandler
                0x00000478                BusFault_Handler
                0x00000478                Reserved87_IRQHandler
                0x00000478                FTM1_Ovf_Reload_IRQHandler
                0x00000478                Reserved93_IRQHandler
                0x00000478                CMP0_IRQHandler
                0x00000478                Reserved52_IRQHandler
                0x00000478                PORTC_IRQHandler
                0x00000478                FTM1_Ch0_Ch1_IRQHandler
                0x00000478                FLEXIO_IRQHandler
                0x00000478                Reserved113_IRQHandler
 .text          0x0000047c       0x30 d:/s32/s32_2_2/s32ds/build_tools/gcc_v6.3/gcc-6.3-arm32-eabi/bin/../lib/gcc/arm-none-eabi/6.3.1/thumb/v7e-m/fpv4-sp/hard\libgcc.a(_aeabi_uldivmod.o)
                0x0000047c                __aeabi_uldivmod
 .text          0x000004ac      0x2e4 d:/s32/s32_2_2/s32ds/build_tools/gcc_v6.3/gcc-6.3-arm32-eabi/bin/../lib/gcc/arm-none-eabi/6.3.1/thumb/v7e-m/fpv4-sp/hard\libgcc.a(_udivmoddi4.o)
                0x000004ac                __udivmoddi4
 .text          0x00000790        0x4 d:/s32/s32_2_2/s32ds/build_tools/gcc_v6.3/gcc-6.3-arm32-eabi/bin/../lib/gcc/arm-none-eabi/6.3.1/thumb/v7e-m/fpv4-sp/hard\libgcc.a(_dvmd_tls.o)
                0x00000790                __aeabi_idiv0
                0x00000790                __aeabi_ldiv0
 *(.text*)
 .text.SystemInit
                0x00000794       0x3c ./SDK/platform/devices/S32K144/startup/system_S32K144.o
                0x00000794                SystemInit
 .text.init_data_bss
                0x000007d0       0xd8 ./SDK/platform/devices/startup.o
                0x000007d0                init_data_bss
 .text.ADC_DRV_ConfigConverter
                0x000008a8      0x1a8 ./SDK/platform/drivers/src/adc/adc_driver.o
                0x000008a8                ADC_DRV_ConfigConverter
 .text.ADC_DRV_ConfigChan
                0x00000a50       0x98 ./SDK/platform/drivers/src/adc/adc_driver.o
                0x00000a50                ADC_DRV_ConfigChan
 .text.ADC_DRV_WaitConvDone
                0x00000ae8       0x20 ./SDK/platform/drivers/src/adc/adc_driver.o
                0x00000ae8                ADC_DRV_WaitConvDone
 .text.ADC_DRV_GetChanResult
                0x00000b08       0x30 ./SDK/platform/drivers/src/adc/adc_driver.o
                0x00000b08                ADC_DRV_GetChanResult
 .text.CLOCK_SYS_GetCurrentRunMode
                0x00000b38       0x24 ./SDK/platform/drivers/src/clock/S32K1xx/clock_S32K1xx.o
 .text.CLOCK_SYS_GetSysOscFreq
                0x00000b5c       0x1c ./SDK/platform/drivers/src/clock/S32K1xx/clock_S32K1xx.o
 .text.CLOCK_SYS_ConfigureSOSC
                0x00000b78      0x12c ./SDK/platform/drivers/src/clock/S32K1xx/clock_S32K1xx.o
 .text.CLOCK_SYS_GetSircFreq
                0x00000ca4       0x2c ./SDK/platform/drivers/src/clock/S32K1xx/clock_S32K1xx.o
 .text.CLOCK_SYS_ConfigureSIRC
                0x00000cd0       0xc4 ./SDK/platform/drivers/src/clock/S32K1xx/clock_S32K1xx.o
 .text.CLOCK_SYS_GetFircFreq
                0x00000d94       0x20 ./SDK/platform/drivers/src/clock/S32K1xx/clock_S32K1xx.o
 .text.CLOCK_SYS_ConfigureFIRC
                0x00000db4       0xb4 ./SDK/platform/drivers/src/clock/S32K1xx/clock_S32K1xx.o
 .text.CLOCK_SYS_GetSysPllFreq
                0x00000e68       0x44 ./SDK/platform/drivers/src/clock/S32K1xx/clock_S32K1xx.o
 .text.CLOCK_SYS_ConfigureSPLL
                0x00000eac      0x12c ./SDK/platform/drivers/src/clock/S32K1xx/clock_S32K1xx.o
 .text.CLOCK_SYS_SetSystemClockConfig
                0x00000fd8      0x204 ./SDK/platform/drivers/src/clock/S32K1xx/clock_S32K1xx.o
 .text.CLOCK_SYS_TransitionSystemClock
                0x000011dc       0x54 ./SDK/platform/drivers/src/clock/S32K1xx/clock_S32K1xx.o
 .text.CLOCK_SYS_GetSystemClockFreq
                0x00001230       0x80 ./SDK/platform/drivers/src/clock/S32K1xx/clock_S32K1xx.o
 .text.CLOCK_SYS_GetScgClkOutFreq
                0x000012b0       0x44 ./SDK/platform/drivers/src/clock/S32K1xx/clock_S32K1xx.o
 .text.CLOCK_SYS_GetSysAsyncFreq
                0x000012f4       0xc0 ./SDK/platform/drivers/src/clock/S32K1xx/clock_S32K1xx.o
 .text.CLOCK_SYS_GetSimRtcClkFreq
                0x000013b4       0x50 ./SDK/platform/drivers/src/clock/S32K1xx/clock_S32K1xx.o
 .text.CLOCK_SYS_GetPeripheralClock
                0x00001404       0x78 ./SDK/platform/drivers/src/clock/S32K1xx/clock_S32K1xx.o
 .text.CLOCK_SYS_GetLpoFreq
                0x0000147c       0x4c ./SDK/platform/drivers/src/clock/S32K1xx/clock_S32K1xx.o
 .text.CLOCK_SYS_GetSimClkOutFreq
                0x000014c8       0x98 ./SDK/platform/drivers/src/clock/S32K1xx/clock_S32K1xx.o
 .text.CLOCK_DRV_Init
                0x00001560      0x590 ./SDK/platform/drivers/src/clock/S32K1xx/clock_S32K1xx.o
                0x00001560                CLOCK_DRV_Init
 .text.CLOCK_DRV_GetFreq
                0x00001af0      0x370 ./SDK/platform/drivers/src/clock/S32K1xx/clock_S32K1xx.o
                0x00001af0                CLOCK_DRV_GetFreq
 .text.CLOCK_SYS_Init
                0x00001e60       0x28 ./SDK/platform/drivers/src/clock/S32K1xx/clock_S32K1xx.o
                0x00001e60                CLOCK_SYS_Init
 .text.CLOCK_SYS_UpdateConfiguration
                0x00001e88       0xf4 ./SDK/platform/drivers/src/clock/S32K1xx/clock_S32K1xx.o
                0x00001e88                CLOCK_SYS_UpdateConfiguration
 .text.CLOCK_SYS_GetFreq
                0x00001f7c        0x8 ./SDK/platform/drivers/src/clock/S32K1xx/clock_S32K1xx.o
                0x00001f7c                CLOCK_SYS_GetFreq
 .text.CSEC_DRV_StartEncDecECBCmd
                0x00001f84       0x50 ./SDK/platform/drivers/src/csec/csec_driver.o
 .text.CSEC_DRV_StartEncDecCBCCmd
                0x00001fd4       0x88 ./SDK/platform/drivers/src/csec/csec_driver.o
 .text.CSEC_DRV_StartGenMACCmd
                0x0000205c       0x54 ./SDK/platform/drivers/src/csec/csec_driver.o
 .text.CSEC_DRV_StartVerifMACCmd
                0x000020b0       0x8c ./SDK/platform/drivers/src/csec/csec_driver.o
 .text.CSEC_DRV_ContinueGenMACCmd
                0x0000213c       0xc8 ./SDK/platform/drivers/src/csec/csec_driver.o
 .text.CSEC_DRV_ContinueEncDecECBCmd
                0x00002204       0xc4 ./SDK/platform/drivers/src/csec/csec_driver.o
 .text.CSEC_DRV_ContinueVerifMACCmd
                0x000022c8       0xd0 ./SDK/platform/drivers/src/csec/csec_driver.o
 .text.CSEC_DRV_ContinueEncDecCBCCmd
                0x00002398       0xe4 ./SDK/platform/drivers/src/csec/csec_driver.o
 .text.FTFC_IRQHandler
                0x0000247c       0x70 ./SDK/platform/drivers/src/csec/csec_driver.o
                0x0000247c                FTFC_IRQHandler
 .text.CSEC_WriteCommandHalfWord
                0x000024ec       0x26 ./SDK/platform/drivers/src/csec/csec_hw_access.o
                0x000024ec                CSEC_WriteCommandHalfWord
 *fill*         0x00002512        0x2 
 .text.CSEC_WriteCommandByte
                0x00002514       0x50 ./SDK/platform/drivers/src/csec/csec_hw_access.o
                0x00002514                CSEC_WriteCommandByte
 .text.CSEC_WriteCommandBytes
                0x00002564       0x74 ./SDK/platform/drivers/src/csec/csec_hw_access.o
                0x00002564                CSEC_WriteCommandBytes
 .text.CSEC_WriteCommandWords
                0x000025d8       0x34 ./SDK/platform/drivers/src/csec/csec_hw_access.o
                0x000025d8                CSEC_WriteCommandWords
 .text.CSEC_ReadCommandByte
                0x0000260c       0x5c ./SDK/platform/drivers/src/csec/csec_hw_access.o
                0x0000260c                CSEC_ReadCommandByte
 .text.CSEC_ReadCommandBytes
                0x00002668       0x78 ./SDK/platform/drivers/src/csec/csec_hw_access.o
                0x00002668                CSEC_ReadCommandBytes
 .text.EDMA_DRV_ClearIntStatus
                0x000026e0       0x20 ./SDK/platform/drivers/src/edma/edma_driver.o
 .text.EDMA_DRV_InstallCallback
                0x00002700       0x30 ./SDK/platform/drivers/src/edma/edma_driver.o
                0x00002700                EDMA_DRV_InstallCallback
 .text.EDMA_DRV_IRQHandler
                0x00002730       0x20 ./SDK/platform/drivers/src/edma/edma_driver.o
                0x00002730                EDMA_DRV_IRQHandler
 .text.EDMA_DRV_ErrorIRQHandler
                0x00002750       0x40 ./SDK/platform/drivers/src/edma/edma_driver.o
                0x00002750                EDMA_DRV_ErrorIRQHandler
 .text.EDMA_DRV_ConfigSingleBlockTransfer
                0x00002790      0x1d4 ./SDK/platform/drivers/src/edma/edma_driver.o
                0x00002790                EDMA_DRV_ConfigSingleBlockTransfer
 .text.EDMA_DRV_ConfigMultiBlockTransfer
                0x00002964       0x7c ./SDK/platform/drivers/src/edma/edma_driver.o
                0x00002964                EDMA_DRV_ConfigMultiBlockTransfer
 .text.EDMA_DRV_StartChannel
                0x000029e0       0x38 ./SDK/platform/drivers/src/edma/edma_driver.o
                0x000029e0                EDMA_DRV_StartChannel
 .text.EDMA_DRV_StopChannel
                0x00002a18       0x38 ./SDK/platform/drivers/src/edma/edma_driver.o
                0x00002a18                EDMA_DRV_StopChannel
 .text.EDMA_DRV_SetChannelRequestAndTrigger
                0x00002a50       0x7c ./SDK/platform/drivers/src/edma/edma_driver.o
                0x00002a50                EDMA_DRV_SetChannelRequestAndTrigger
 .text.EDMA_DRV_SetSrcLastAddrAdjustment
                0x00002acc       0x38 ./SDK/platform/drivers/src/edma/edma_driver.o
                0x00002acc                EDMA_DRV_SetSrcLastAddrAdjustment
 .text.EDMA_DRV_DisableRequestsOnTransferComplete
                0x00002b04       0x58 ./SDK/platform/drivers/src/edma/edma_driver.o
                0x00002b04                EDMA_DRV_DisableRequestsOnTransferComplete
 .text.EDMA_DRV_GetDmaRegBaseAddr
                0x00002b5c       0x10 ./SDK/platform/drivers/src/edma/edma_driver.o
                0x00002b5c                EDMA_DRV_GetDmaRegBaseAddr
 .text.EDMA_SetDmaRequestCmd
                0x00002b6c        0xa ./SDK/platform/drivers/src/edma/edma_hw_access.o
                0x00002b6c                EDMA_SetDmaRequestCmd
 .text.EDMA_TCDClearReg
                0x00002b76       0x4a ./SDK/platform/drivers/src/edma/edma_hw_access.o
                0x00002b76                EDMA_TCDClearReg
 .text.EDMA_TCDSetAttribute
                0x00002bc0       0x38 ./SDK/platform/drivers/src/edma/edma_hw_access.o
                0x00002bc0                EDMA_TCDSetAttribute
 .text.EDMA_TCDSetNbytes
                0x00002bf8       0x64 ./SDK/platform/drivers/src/edma/edma_hw_access.o
                0x00002bf8                EDMA_TCDSetNbytes
 .text.EDMA_TCDSetMajorCount
                0x00002c5c       0x68 ./SDK/platform/drivers/src/edma/edma_hw_access.o
                0x00002c5c                EDMA_TCDSetMajorCount
 .text.DMA0_IRQHandler
                0x00002cc4        0xa ./SDK/platform/drivers/src/edma/edma_irq.o
                0x00002cc4                DMA0_IRQHandler
 .text.DMA1_IRQHandler
                0x00002cce        0xa ./SDK/platform/drivers/src/edma/edma_irq.o
                0x00002cce                DMA1_IRQHandler
 .text.DMA2_IRQHandler
                0x00002cd8        0xa ./SDK/platform/drivers/src/edma/edma_irq.o
                0x00002cd8                DMA2_IRQHandler
 .text.DMA3_IRQHandler
                0x00002ce2        0xa ./SDK/platform/drivers/src/edma/edma_irq.o
                0x00002ce2                DMA3_IRQHandler
 .text.DMA4_IRQHandler
                0x00002cec        0xa ./SDK/platform/drivers/src/edma/edma_irq.o
                0x00002cec                DMA4_IRQHandler
 .text.DMA5_IRQHandler
                0x00002cf6        0xa ./SDK/platform/drivers/src/edma/edma_irq.o
                0x00002cf6                DMA5_IRQHandler
 .text.DMA6_IRQHandler
                0x00002d00        0xa ./SDK/platform/drivers/src/edma/edma_irq.o
                0x00002d00                DMA6_IRQHandler
 .text.DMA7_IRQHandler
                0x00002d0a        0xa ./SDK/platform/drivers/src/edma/edma_irq.o
                0x00002d0a                DMA7_IRQHandler
 .text.DMA8_IRQHandler
                0x00002d14        0xa ./SDK/platform/drivers/src/edma/edma_irq.o
                0x00002d14                DMA8_IRQHandler
 .text.DMA9_IRQHandler
                0x00002d1e        0xa ./SDK/platform/drivers/src/edma/edma_irq.o
                0x00002d1e                DMA9_IRQHandler
 .text.DMA10_IRQHandler
                0x00002d28        0xa ./SDK/platform/drivers/src/edma/edma_irq.o
                0x00002d28                DMA10_IRQHandler
 .text.DMA11_IRQHandler
                0x00002d32        0xa ./SDK/platform/drivers/src/edma/edma_irq.o
                0x00002d32                DMA11_IRQHandler
 .text.DMA12_IRQHandler
                0x00002d3c        0xa ./SDK/platform/drivers/src/edma/edma_irq.o
                0x00002d3c                DMA12_IRQHandler
 .text.DMA13_IRQHandler
                0x00002d46        0xa ./SDK/platform/drivers/src/edma/edma_irq.o
                0x00002d46                DMA13_IRQHandler
 .text.DMA14_IRQHandler
                0x00002d50        0xa ./SDK/platform/drivers/src/edma/edma_irq.o
                0x00002d50                DMA14_IRQHandler
 .text.DMA15_IRQHandler
                0x00002d5a        0xa ./SDK/platform/drivers/src/edma/edma_irq.o
                0x00002d5a                DMA15_IRQHandler
 .text.DMA_Error_IRQHandler
                0x00002d64       0x28 ./SDK/platform/drivers/src/edma/edma_irq.o
                0x00002d64                DMA_Error_IRQHandler
 .text.FLEXCAN_SetTimeSegments
                0x00002d8c       0x4c ./SDK/platform/drivers/src/flexcan/flexcan_driver.o
 .text.FLEXCAN_SetExtendedTimeSegments
                0x00002dd8       0x50 ./SDK/platform/drivers/src/flexcan/flexcan_driver.o
 .text.FLEXCAN_SetFDTimeSegments
                0x00002e28       0x5c ./SDK/platform/drivers/src/flexcan/flexcan_driver.o
 .text.FLEXCAN_CompleteRxMessageFifoData
                0x00002e84       0xb0 ./SDK/platform/drivers/src/flexcan/flexcan_driver.o
 .text.FLEXCAN_CompleteTransfer
                0x00002f34       0x3c ./SDK/platform/drivers/src/flexcan/flexcan_driver.o
 .text.FLEXCAN_DRV_Init
                0x00002f70      0x264 ./SDK/platform/drivers/src/flexcan/flexcan_driver.o
                0x00002f70                FLEXCAN_DRV_Init
 .text.FLEXCAN_Error_IRQHandler
                0x000031d4       0x30 ./SDK/platform/drivers/src/flexcan/flexcan_driver.o
                0x000031d4                FLEXCAN_Error_IRQHandler
 .text.FLEXCAN_WakeUpHandler
                0x00003204       0x74 ./SDK/platform/drivers/src/flexcan/flexcan_driver.o
                0x00003204                FLEXCAN_WakeUpHandler
 .text.FLEXCAN_IRQHandler
                0x00003278      0x1bc ./SDK/platform/drivers/src/flexcan/flexcan_driver.o
                0x00003278                FLEXCAN_IRQHandler
 .text.FLEXCAN_ComputePayloadSize
                0x00003434       0x36 ./SDK/platform/drivers/src/flexcan/flexcan_hw_access.o
 *fill*         0x0000346a        0x2 
 .text.FLEXCAN_GetMaxMbNum
                0x0000346c       0x2c ./SDK/platform/drivers/src/flexcan/flexcan_hw_access.o
                0x0000346c                FLEXCAN_GetMaxMbNum
 .text.FLEXCAN_Enable
                0x00003498       0x2a ./SDK/platform/drivers/src/flexcan/flexcan_hw_access.o
                0x00003498                FLEXCAN_Enable
 .text.FLEXCAN_Disable
                0x000034c2       0x18 ./SDK/platform/drivers/src/flexcan/flexcan_hw_access.o
                0x000034c2                FLEXCAN_Disable
 *fill*         0x000034da        0x2 
 .text.FLEXCAN_Init
                0x000034dc       0x68 ./SDK/platform/drivers/src/flexcan/flexcan_hw_access.o
                0x000034dc                FLEXCAN_Init
 .text.FLEXCAN_EnableRxFifo
                0x00003544       0x54 ./SDK/platform/drivers/src/flexcan/flexcan_hw_access.o
                0x00003544                FLEXCAN_EnableRxFifo
 .text.FLEXCAN_SetMsgBuffIntCmd
                0x00003598       0x3c ./SDK/platform/drivers/src/flexcan/flexcan_hw_access.o
                0x00003598                FLEXCAN_SetMsgBuffIntCmd
 .text.FLEXCAN_ExitFreezeMode
                0x000035d4       0x1a ./SDK/platform/drivers/src/flexcan/flexcan_hw_access.o
                0x000035d4                FLEXCAN_ExitFreezeMode
 .text.FLEXCAN_EnterFreezeMode
                0x000035ee       0x40 ./SDK/platform/drivers/src/flexcan/flexcan_hw_access.o
                0x000035ee                FLEXCAN_EnterFreezeMode
 *fill*         0x0000362e        0x2 
 .text.FLEXCAN_ClearErrIntStatusFlag
                0x00003630       0x14 ./SDK/platform/drivers/src/flexcan/flexcan_hw_access.o
                0x00003630                FLEXCAN_ClearErrIntStatusFlag
 .text.FLEXCAN_ReadRxFifo
                0x00003644       0x58 ./SDK/platform/drivers/src/flexcan/flexcan_hw_access.o
                0x00003644                FLEXCAN_ReadRxFifo
 .text.FLEXCAN_SetOperationMode
                0x0000369c       0x5e ./SDK/platform/drivers/src/flexcan/flexcan_hw_access.o
                0x0000369c                FLEXCAN_SetOperationMode
 .text.FLEXCAN_SetPayloadSize
                0x000036fa       0x30 ./SDK/platform/drivers/src/flexcan/flexcan_hw_access.o
                0x000036fa                FLEXCAN_SetPayloadSize
 .text.FLEXCAN_GetPayloadSize
                0x0000372a       0x20 ./SDK/platform/drivers/src/flexcan/flexcan_hw_access.o
                0x0000372a                FLEXCAN_GetPayloadSize
 .text.FLEXCAN_GetMsgBuffRegion
                0x0000374a       0x30 ./SDK/platform/drivers/src/flexcan/flexcan_hw_access.o
                0x0000374a                FLEXCAN_GetMsgBuffRegion
 .text.FLEXCAN_GetMsgBuff
                0x0000377a       0xaa ./SDK/platform/drivers/src/flexcan/flexcan_hw_access.o
                0x0000377a                FLEXCAN_GetMsgBuff
 .text.FLEXCAN_LockRxMsgBuff
                0x00003824        0xa ./SDK/platform/drivers/src/flexcan/flexcan_hw_access.o
                0x00003824                FLEXCAN_LockRxMsgBuff
 .text.FLEXCAN_SetMaxMsgBuffNum
                0x0000382e       0xaa ./SDK/platform/drivers/src/flexcan/flexcan_hw_access.o
                0x0000382e                FLEXCAN_SetMaxMsgBuffNum
 .text.CAN0_ORed_IRQHandler
                0x000038d8        0xa ./SDK/platform/drivers/src/flexcan/flexcan_irq.o
                0x000038d8                CAN0_ORed_IRQHandler
 .text.CAN0_Error_IRQHandler
                0x000038e2        0xa ./SDK/platform/drivers/src/flexcan/flexcan_irq.o
                0x000038e2                CAN0_Error_IRQHandler
 .text.CAN0_Wake_Up_IRQHandler
                0x000038ec        0xa ./SDK/platform/drivers/src/flexcan/flexcan_irq.o
                0x000038ec                CAN0_Wake_Up_IRQHandler
 .text.CAN0_ORed_0_15_MB_IRQHandler
                0x000038f6        0xa ./SDK/platform/drivers/src/flexcan/flexcan_irq.o
                0x000038f6                CAN0_ORed_0_15_MB_IRQHandler
 .text.CAN0_ORed_16_31_MB_IRQHandler
                0x00003900        0xa ./SDK/platform/drivers/src/flexcan/flexcan_irq.o
                0x00003900                CAN0_ORed_16_31_MB_IRQHandler
 .text.CAN1_ORed_IRQHandler
                0x0000390a        0xa ./SDK/platform/drivers/src/flexcan/flexcan_irq.o
                0x0000390a                CAN1_ORed_IRQHandler
 .text.CAN1_Error_IRQHandler
                0x00003914        0xa ./SDK/platform/drivers/src/flexcan/flexcan_irq.o
                0x00003914                CAN1_Error_IRQHandler
 .text.CAN1_ORed_0_15_MB_IRQHandler
                0x0000391e        0xa ./SDK/platform/drivers/src/flexcan/flexcan_irq.o
                0x0000391e                CAN1_ORed_0_15_MB_IRQHandler
 .text.CAN2_ORed_IRQHandler
                0x00003928        0xa ./SDK/platform/drivers/src/flexcan/flexcan_irq.o
                0x00003928                CAN2_ORed_IRQHandler
 .text.CAN2_Error_IRQHandler
                0x00003932        0xa ./SDK/platform/drivers/src/flexcan/flexcan_irq.o
                0x00003932                CAN2_Error_IRQHandler
 .text.CAN2_ORed_0_15_MB_IRQHandler
                0x0000393c        0xa ./SDK/platform/drivers/src/flexcan/flexcan_irq.o
                0x0000393c                CAN2_ORed_0_15_MB_IRQHandler
 *fill*         0x00003946        0x2 
 .text.INT_SYS_InstallHandler
                0x00003948       0x48 ./SDK/platform/drivers/src/interrupt/interrupt_manager.o
                0x00003948                INT_SYS_InstallHandler
 .text.INT_SYS_EnableIRQ
                0x00003990       0x28 ./SDK/platform/drivers/src/interrupt/interrupt_manager.o
                0x00003990                INT_SYS_EnableIRQ
 .text.INT_SYS_DisableIRQ
                0x000039b8       0x2c ./SDK/platform/drivers/src/interrupt/interrupt_manager.o
                0x000039b8                INT_SYS_DisableIRQ
 .text.INT_SYS_EnableIRQGlobal
                0x000039e4       0x1c ./SDK/platform/drivers/src/interrupt/interrupt_manager.o
                0x000039e4                INT_SYS_EnableIRQGlobal
 .text.INT_SYS_DisableIRQGlobal
                0x00003a00       0x10 ./SDK/platform/drivers/src/interrupt/interrupt_manager.o
                0x00003a00                INT_SYS_DisableIRQGlobal
 .text.LPI2C_DRV_MasterQueueCmd
                0x00003a10       0x46 ./SDK/platform/drivers/src/lpi2c/lpi2c_driver.o
 .text.LPI2C_DRV_MasterSendAddress
                0x00003a56       0x68 ./SDK/platform/drivers/src/lpi2c/lpi2c_driver.o
 .text.LPI2C_DRV_MasterQueueData
                0x00003abe       0x5c ./SDK/platform/drivers/src/lpi2c/lpi2c_driver.o
 .text.LPI2C_DRV_SlaveEndTransfer
                0x00003b1a       0x5c ./SDK/platform/drivers/src/lpi2c/lpi2c_driver.o
 .text.LPI2C_DRV_MasterEndTransfer
                0x00003b76       0x72 ./SDK/platform/drivers/src/lpi2c/lpi2c_driver.o
 .text.LPI2C_DRV_MasterCompleteDMATransfer
                0x00003be8       0x8c ./SDK/platform/drivers/src/lpi2c/lpi2c_driver.o
 .text.LPI2C_DRV_SlaveEndTransferHandler
                0x00003c74       0x3a ./SDK/platform/drivers/src/lpi2c/lpi2c_driver.o
 *fill*         0x00003cae        0x2 
 .text.LPI2C_DRV_ConfigureDmaTransfer
                0x00003cb0       0x60 ./SDK/platform/drivers/src/lpi2c/lpi2c_driver.o
 .text.LPI2C_DRV_MasterStartDmaTransfer
                0x00003d10       0xec ./SDK/platform/drivers/src/lpi2c/lpi2c_driver.o
 .text.LPI2C_DRV_SlaveStartDmaTransfer
                0x00003dfc       0x9c ./SDK/platform/drivers/src/lpi2c/lpi2c_driver.o
 .text.LPI2C_DRV_MasterSetBaudRate
                0x00003e98      0x160 ./SDK/platform/drivers/src/lpi2c/lpi2c_driver.o
                0x00003e98                LPI2C_DRV_MasterSetBaudRate
 .text.LPI2C_DRV_MasterSetSlaveAddr
                0x00003ff8       0x24 ./SDK/platform/drivers/src/lpi2c/lpi2c_driver.o
                0x00003ff8                LPI2C_DRV_MasterSetSlaveAddr
 .text.LPI2C_DRV_MasterInit
                0x0000401c       0xd8 ./SDK/platform/drivers/src/lpi2c/lpi2c_driver.o
                0x0000401c                LPI2C_DRV_MasterInit
 .text.LPI2C_DRV_MasterReinit
                0x000040f4       0x5c ./SDK/platform/drivers/src/lpi2c/lpi2c_driver.o
 .text.LPI2C_DRV_MasterWaitTransferEnd
                0x00004150       0xc0 ./SDK/platform/drivers/src/lpi2c/lpi2c_driver.o
 .text.LPI2C_DRV_MasterSendData
                0x00004210       0x8c ./SDK/platform/drivers/src/lpi2c/lpi2c_driver.o
                0x00004210                LPI2C_DRV_MasterSendData
 .text.LPI2C_DRV_MasterSendDataBlocking
                0x0000429c       0x5c ./SDK/platform/drivers/src/lpi2c/lpi2c_driver.o
                0x0000429c                LPI2C_DRV_MasterSendDataBlocking
 .text.LPI2C_DRV_MasterReceiveData
                0x000042f8       0xe8 ./SDK/platform/drivers/src/lpi2c/lpi2c_driver.o
                0x000042f8                LPI2C_DRV_MasterReceiveData
 .text.LPI2C_DRV_MasterReceiveDataBlocking
                0x000043e0       0x5c ./SDK/platform/drivers/src/lpi2c/lpi2c_driver.o
                0x000043e0                LPI2C_DRV_MasterReceiveDataBlocking
 .text.LPI2C_DRV_MasterIRQHandler
                0x0000443c      0x268 ./SDK/platform/drivers/src/lpi2c/lpi2c_driver.o
                0x0000443c                LPI2C_DRV_MasterIRQHandler
 .text.LPI2C_DRV_SlaveIRQHandler
                0x000046a4      0x1dc ./SDK/platform/drivers/src/lpi2c/lpi2c_driver.o
                0x000046a4                LPI2C_DRV_SlaveIRQHandler
 .text.LPI2C_Init
                0x00004880       0x1e ./SDK/platform/drivers/src/lpi2c/lpi2c_hw_access.o
                0x00004880                LPI2C_Init
 .text.LPI2C0_Master_IRQHandler
                0x0000489e        0xa ./SDK/platform/drivers/src/lpi2c/lpi2c_irq.o
                0x0000489e                LPI2C0_Master_IRQHandler
 .text.LPI2C0_Slave_IRQHandler
                0x000048a8        0xa ./SDK/platform/drivers/src/lpi2c/lpi2c_irq.o
                0x000048a8                LPI2C0_Slave_IRQHandler
 *fill*         0x000048b2        0x2 
 .text.LPIT_DRV_Init
                0x000048b4       0xcc ./SDK/platform/drivers/src/lpit/lpit_driver.o
                0x000048b4                LPIT_DRV_Init
 .text.LPIT_DRV_StartTimerChannels
                0x00004980       0x1c ./SDK/platform/drivers/src/lpit/lpit_driver.o
                0x00004980                LPIT_DRV_StartTimerChannels
 .text.LPIT_DRV_SetTimerPeriodByUs
                0x0000499c       0xc8 ./SDK/platform/drivers/src/lpit/lpit_driver.o
                0x0000499c                LPIT_DRV_SetTimerPeriodByUs
 .text.LPIT_DRV_SetTimerPeriodByCount
                0x00004a64       0x1c ./SDK/platform/drivers/src/lpit/lpit_driver.o
                0x00004a64                LPIT_DRV_SetTimerPeriodByCount
 .text.LPIT_DRV_InitChannel
                0x00004a80      0x19c ./SDK/platform/drivers/src/lpit/lpit_driver.o
                0x00004a80                LPIT_DRV_InitChannel
 .text.LPIT_DRV_ClearInterruptFlagTimerChannels
                0x00004c1c       0x1c ./SDK/platform/drivers/src/lpit/lpit_driver.o
                0x00004c1c                LPIT_DRV_ClearInterruptFlagTimerChannels
 .text.PINS_DRV_Init
                0x00004c38       0x20 ./SDK/platform/drivers/src/pins/pins_driver.o
                0x00004c38                PINS_DRV_Init
 .text.PINS_DRV_WritePin
                0x00004c58       0x18 ./SDK/platform/drivers/src/pins/pins_driver.o
                0x00004c58                PINS_DRV_WritePin
 .text.PINS_GetAdcInterleaveVal
                0x00004c70       0x70 ./SDK/platform/drivers/src/pins/pins_port_hw_access.o
 .text.PINS_Init
                0x00004ce0      0x138 ./SDK/platform/drivers/src/pins/pins_port_hw_access.o
                0x00004ce0                PINS_Init
 .text.SysTick_Handler
                0x00004e18       0x10 ./SDK/rtos/osif/osif_baremetal.o
                0x00004e18                SysTick_Handler
 .text.OSIF_SemaWait
                0x00004e28       0x90 ./SDK/rtos/osif/osif_baremetal.o
                0x00004e28                OSIF_SemaWait
 .text.OSIF_SemaPost
                0x00004eb8       0x2c ./SDK/rtos/osif/osif_baremetal.o
                0x00004eb8                OSIF_SemaPost
 .text.OSIF_SemaCreate
                0x00004ee4       0x1a ./SDK/rtos/osif/osif_baremetal.o
                0x00004ee4                OSIF_SemaCreate
 .text.OSIF_SemaDestroy
                0x00004efe        0xa ./SDK/rtos/osif/osif_baremetal.o
                0x00004efe                OSIF_SemaDestroy
 .text.LPIT0_Ch0_IRQHandler
                0x00004f08       0x18 ./Sources/main.o
                0x00004f08                LPIT0_Ch0_IRQHandler
 .text.Read_Battery_Voltage
                0x00004f20      0x108 ./Sources/main.o
                0x00004f20                Read_Battery_Voltage
 .text.Manage_Charging
                0x00005028       0x80 ./Sources/main.o
                0x00005028                Manage_Charging
 .text.Read_Battery_Current
                0x000050a8       0x88 ./Sources/main.o
                0x000050a8                Read_Battery_Current
 .text.Calculate_SOC
                0x00005130       0x78 ./Sources/main.o
                0x00005130                Calculate_SOC
 .text.main     0x000051a8       0xb4 ./Sources/main.o
                0x000051a8                main
 *(.rodata)
 *(.rodata*)
 .rodata.adConv1_ChnConfig0
                0x0000525c        0x4 ./Generated_Code/adConv1.o
                0x0000525c                adConv1_ChnConfig0
 .rodata.adConv1_ChnConfig1
                0x00005260        0x4 ./Generated_Code/adConv1.o
                0x00005260                adConv1_ChnConfig1
 .rodata.adConv1_ChnConfig2
                0x00005264        0x4 ./Generated_Code/adConv1.o
                0x00005264                adConv1_ChnConfig2
 .rodata.adConv1_ChnConfig3
                0x00005268        0x4 ./Generated_Code/adConv1.o
                0x00005268                adConv1_ChnConfig3
 .rodata.adConv1_ConvConfig0
                0x0000526c        0xb ./Generated_Code/adConv1.o
                0x0000526c                adConv1_ConvConfig0
 *fill*         0x00005277        0x1 
 .rodata.canCom1_InitConfig0
                0x00005278       0x38 ./Generated_Code/canCom1.o
                0x00005278                canCom1_InitConfig0
 .rodata.lpi2c1_MasterConfig0
                0x000052b0       0x14 ./Generated_Code/lpi2c1.o
                0x000052b0                lpi2c1_MasterConfig0
 .rodata.lpit1_InitConfig
                0x000052c4        0x2 ./Generated_Code/lpit1.o
                0x000052c4                lpit1_InitConfig
 *fill*         0x000052c6        0x2 
 .rodata.s_adcBase
                0x000052c8        0x8 ./SDK/platform/drivers/src/adc/adc_driver.o
 .rodata.clockNameMappings
                0x000052d0       0x9e ./SDK/platform/drivers/src/clock/S32K1xx/clock_S32K1xx.o
                0x000052d0                clockNameMappings
 *fill*         0x0000536e        0x2 
 .rodata.maxSysClksInHSRUN.7602
                0x00005370       0x54 ./SDK/platform/drivers/src/clock/S32K1xx/clock_S32K1xx.o
 .rodata.maxSysClksInRUN.7601
                0x000053c4       0x54 ./SDK/platform/drivers/src/clock/S32K1xx/clock_S32K1xx.o
 .rodata.maxSysClksInVLPR.7600
                0x00005418       0x54 ./SDK/platform/drivers/src/clock/S32K1xx/clock_S32K1xx.o
 .rodata.peripheralFeaturesList
                0x0000546c       0x4f ./SDK/platform/drivers/src/clock/S32K1xx/clock_S32K1xx.o
                0x0000546c                peripheralFeaturesList
 *fill*         0x000054bb        0x1 
 .rodata.g_flexcanBase
                0x000054bc        0xc ./SDK/platform/drivers/src/flexcan/flexcan_driver.o
 .rodata.g_flexcanBusOffIrqId
                0x000054c8        0x3 ./SDK/platform/drivers/src/flexcan/flexcan_driver.o
 *fill*         0x000054cb        0x1 
 .rodata.g_flexcanErrorIrqId
                0x000054cc        0x3 ./SDK/platform/drivers/src/flexcan/flexcan_driver.o
 *fill*         0x000054cf        0x1 
 .rodata.g_flexcanOredMessageBufferIrqId
                0x000054d0        0x6 ./SDK/platform/drivers/src/flexcan/flexcan_driver.o
 *fill*         0x000054d6        0x2 
 .rodata.g_flexcanWakeUpIrqId
                0x000054d8        0x3 ./SDK/platform/drivers/src/flexcan/flexcan_driver.o
 *fill*         0x000054db        0x1 
 .rodata.g_lpi2cDMASrc
                0x000054dc        0x2 ./SDK/platform/drivers/src/lpi2c/lpi2c_driver.o
 *(.init)
 *fill*         0x000054de        0x2 
 .init          0x000054e0        0x4 d:/s32/s32_2_2/s32ds/build_tools/gcc_v6.3/gcc-6.3-arm32-eabi/bin/../lib/gcc/arm-none-eabi/6.3.1/thumb/v7e-m/fpv4-sp/hard/crti.o
                0x000054e0                _init
 *(.fini)
 .fini          0x000054e4        0x4 d:/s32/s32_2_2/s32ds/build_tools/gcc_v6.3/gcc-6.3-arm32-eabi/bin/../lib/gcc/arm-none-eabi/6.3.1/thumb/v7e-m/fpv4-sp/hard/crti.o
                0x000054e4                _fini
 *(.eh_frame)
                0x000054e8                . = ALIGN (0x4)

.glue_7         0x000054e8        0x0
 .glue_7        0x000054e8        0x0 linker stubs

.glue_7t        0x000054e8        0x0
 .glue_7t       0x000054e8        0x0 linker stubs

.vfp11_veneer   0x000054e8        0x0
 .vfp11_veneer  0x000054e8        0x0 linker stubs

.v4_bx          0x000054e8        0x0
 .v4_bx         0x000054e8        0x0 linker stubs

.iplt           0x000054e8        0x0
 .iplt          0x000054e8        0x0 d:/s32/s32_2_2/s32ds/build_tools/gcc_v6.3/gcc-6.3-arm32-eabi/bin/../lib/gcc/arm-none-eabi/6.3.1/thumb/v7e-m/fpv4-sp/hard/crtbegin.o

.ARM            0x000054e8        0x8
                0x000054e8                __exidx_start = .
 *(.ARM.exidx*)
 .ARM.exidx     0x000054e8        0x8 d:/s32/s32_2_2/s32ds/build_tools/gcc_v6.3/gcc-6.3-arm32-eabi/bin/../lib/gcc/arm-none-eabi/6.3.1/thumb/v7e-m/fpv4-sp/hard\libgcc.a(_udivmoddi4.o)
                0x000054f0                __exidx_end = .
                0x000054f0                __etext = .
                0x000054f0                __DATA_ROM = .

.rel.dyn        0x000054f0        0x0
 .rel.iplt      0x000054f0        0x0 d:/s32/s32_2_2/s32ds/build_tools/gcc_v6.3/gcc-6.3-arm32-eabi/bin/../lib/gcc/arm-none-eabi/6.3.1/thumb/v7e-m/fpv4-sp/hard/crtbegin.o

.interrupts_ram
                0x1fff8000      0x400
                0x1fff8000                . = ALIGN (0x4)
                0x1fff8000                __VECTOR_RAM__ = .
                0x1fff8000                __RAM_START = .
                0x1fff8000                __interrupts_ram_start__ = .
 *(.m_interrupts_ram)
                0x1fff8400                . = (. + M_VECTOR_RAM_SIZE)
 *fill*         0x1fff8000      0x400 
                0x1fff8400                . = ALIGN (0x4)
                0x1fff8400                __interrupts_ram_end__ = .
                0x1fff8000                __VECTOR_RAM = DEFINED (__flash_vector_table__)?ORIGIN (m_interrupts):__VECTOR_RAM__
                0x00000400                __RAM_VECTOR_TABLE_SIZE = DEFINED (__flash_vector_table__)?0x0:(__interrupts_ram_end__ - __interrupts_ram_start__)

.data           0x1fff8400      0x304 load address 0x000054f0
                0x1fff8400                . = ALIGN (0x4)
                0x1fff8400                __DATA_RAM = .
                0x1fff8400                __data_start__ = .
 *(.data)
 *(.data*)
 .data.clockMan1_InitConfig0
                0x1fff8400       0x78 ./Generated_Code/clockMan1.o
                0x1fff8400                clockMan1_InitConfig0
 .data.g_clockManConfigsArr
                0x1fff8478        0x4 ./Generated_Code/clockMan1.o
                0x1fff8478                g_clockManConfigsArr
 .data.peripheralClockConfig0
                0x1fff847c       0x5f ./Generated_Code/clockMan1.o
                0x1fff847c                peripheralClockConfig0
 *fill*         0x1fff84db        0x1 
 .data.lpit1_ChnConfig0
                0x1fff84dc       0x18 ./Generated_Code/lpit1.o
                0x1fff84dc                lpit1_ChnConfig0
 .data.g_pin_mux_InitConfigArr
                0x1fff84f4      0x168 ./Generated_Code/pin_mux.o
                0x1fff84f4                g_pin_mux_InitConfigArr
 .data.peripheralClockConfig.7364
                0x1fff865c       0xa0 ./SDK/platform/drivers/src/clock/S32K1xx/clock_S32K1xx.o
 .data.Remaining_Capacity_mAs
                0x1fff86fc        0x4 ./Sources/main.o
                0x1fff86fc                Remaining_Capacity_mAs
 .data.SOC_Percent
                0x1fff8700        0x1 ./Sources/main.o
                0x1fff8700                SOC_Percent
                0x1fff8704                . = ALIGN (0x4)
 *fill*         0x1fff8701        0x3 
                0x1fff8704                __data_end__ = .
                0x000057f4                __DATA_END = (__DATA_ROM + (__data_end__ - __data_start__))
                0x000057f4                __CODE_ROM = __DATA_END

.igot.plt       0x1fff8704        0x0 load address 0x000057f4
 .igot.plt      0x1fff8704        0x0 d:/s32/s32_2_2/s32ds/build_tools/gcc_v6.3/gcc-6.3-arm32-eabi/bin/../lib/gcc/arm-none-eabi/6.3.1/thumb/v7e-m/fpv4-sp/hard/crtbegin.o

.code           0x1fff8704        0x0 load address 0x000057f4
                0x1fff8704                . = ALIGN (0x4)
                0x1fff8704                __CODE_RAM = .
                0x1fff8704                __code_start__ = .
                0x1fff8704                __code_ram_start__ = .
 *(.code_ram)
                0x1fff8704                . = ALIGN (0x4)
                0x1fff8704                __code_end__ = .
                0x1fff8704                __code_ram_end__ = .
                0x000057f4                __CODE_END = (__CODE_ROM + (__code_end__ - __code_start__))
                0x000057f4                __CUSTOM_ROM = __CODE_END

.customSectionBlock
                0x20000000        0x0 load address 0x000057f4
                0x20000000                __customSection_start__ = .
 *(.customSection)
                0x20000000                __customSection_end__ = .
                0x000057f4                __CUSTOM_END = (__CUSTOM_ROM + (__customSection_end__ - __customSection_start__))

.bss            0x20000000      0x1c8
                0x20000000                . = ALIGN (0x4)
                0x20000000                __BSS_START = .
                0x20000000                __bss_start__ = .
 *(.bss)
 *(.bss*)
 .bss.g_clockManCallbacksArr
                0x20000000        0x4 ./Generated_Code/clockMan1.o
                0x20000000                g_clockManCallbacksArr
 .bss.g_clockState
                0x20000004       0x10 ./SDK/platform/drivers/src/clock/S32K1xx/clock_S32K1xx.o
 .bss.g_csecStatePtr
                0x20000014        0x4 ./SDK/platform/drivers/src/csec/csec_driver.o
 .bss.s_virtEdmaState
                0x20000018        0x4 ./SDK/platform/drivers/src/edma/edma_driver.o
 .bss.g_flexcanStatePtr
                0x2000001c        0xc ./SDK/platform/drivers/src/flexcan/flexcan_driver.o
 .bss.g_interruptDisableCount
                0x20000028        0x4 ./SDK/platform/drivers/src/interrupt/interrupt_manager.o
 .bss.g_lpi2cMasterStatePtr
                0x2000002c        0x4 ./SDK/platform/drivers/src/lpi2c/lpi2c_driver.o
 .bss.g_lpi2cSlaveStatePtr
                0x20000030        0x4 ./SDK/platform/drivers/src/lpi2c/lpi2c_driver.o
 .bss.s_lpitSourceClockFrequency
                0x20000034        0x4 ./SDK/platform/drivers/src/lpit/lpit_driver.o
 .bss.s_osif_tick_cnt
                0x20000038        0x4 ./SDK/rtos/osif/osif_baremetal.o
 .bss.ADC_Raw   0x2000003c        0x8 ./Sources/main.o
                0x2000003c                ADC_Raw
 .bss.Cell_Voltage
                0x20000044        0x8 ./Sources/main.o
                0x20000044                Cell_Voltage
 .bss.Current_mA
                0x2000004c        0x4 ./Sources/main.o
                0x2000004c                Current_mA
 .bss.Flag_100ms
                0x20000050        0x1 ./Sources/main.o
                0x20000050                Flag_100ms
 *fill*         0x20000051        0x3 
 .bss.Node_Voltage
                0x20000054        0x8 ./Sources/main.o
                0x20000054                Node_Voltage
 .bss.Shunt_Raw
                0x2000005c        0x2 ./Sources/main.o
                0x2000005c                Shunt_Raw
 .bss.Target_Charge_Current_mA
                0x2000005e        0x2 ./Sources/main.o
                0x2000005e                Target_Charge_Current_mA
 .bss.is_Charging
                0x20000060        0x1 ./Sources/main.o
                0x20000060                is_Charging
 *(COMMON)
 *fill*         0x20000061        0x3 
 COMMON         0x20000064      0x114 ./Generated_Code/canCom1.o
                0x20000064                canCom1_State
 COMMON         0x20000178       0x14 ./SDK/platform/drivers/src/clock/S32K1xx/clock_S32K1xx.o
                0x20000178                g_xtal0ClkFreq
                0x2000017c                g_RtcClkInFreq
                0x20000180                g_TClkFreq
 COMMON         0x2000018c       0x3c ./Sources/main.o
                0x2000018c                lpi2c1State
                0x200001c8                . = ALIGN (0x4)
                0x200001c8                __bss_end__ = .
                0x200001c8                __BSS_END = .

.heap           0x200001c8      0x400
                0x200001c8                . = ALIGN (0x8)
                0x200001c8                __end__ = .
                0x200001c8                __heap_start__ = .
                [!provide]                PROVIDE (end, .)
                [!provide]                PROVIDE (_end, .)
                [!provide]                PROVIDE (__end, .)
                0x200001c8                __HeapBase = .
                0x200005c8                . = (. + HEAP_SIZE)
 *fill*         0x200001c8      0x400 
                0x200005c8                __HeapLimit = .
                0x200005c8                __heap_limit = .
                0x200005c8                __heap_end__ = .
                0x20007000                __StackTop = (ORIGIN (m_data_2) + LENGTH (m_data_2))
                0x20006c00                __StackLimit = (__StackTop - STACK_SIZE)
                0x20007000                PROVIDE (__stack, __StackTop)
                0x20007000                __RAM_END = __StackTop

.stack          0x20006c00      0x400
                0x20006c00                . = ALIGN (0x8)
                0x20006c00                __stack_start__ = .
                0x20007000                . = (. + STACK_SIZE)
 *fill*         0x20006c00      0x400 
                0x20007000                __stack_end__ = .

.ARM.attributes
                0x00000000       0x30
 *(.ARM.attributes)
 .ARM.attributes
                0x00000000       0x22 d:/s32/s32_2_2/s32ds/build_tools/gcc_v6.3/gcc-6.3-arm32-eabi/bin/../lib/gcc/arm-none-eabi/6.3.1/thumb/v7e-m/fpv4-sp/hard/crti.o
 .ARM.attributes
                0x00000022       0x39 ./Generated_Code/adConv1.o
 .ARM.attributes
                0x0000005b       0x39 ./Generated_Code/canCom1.o
 .ARM.attributes
                0x00000094       0x39 ./Generated_Code/clockMan1.o
 .ARM.attributes
                0x000000cd       0x39 ./Generated_Code/lpi2c1.o
 .ARM.attributes
                0x00000106       0x39 ./Generated_Code/lpit1.o
 .ARM.attributes
                0x0000013f       0x39 ./Generated_Code/pin_mux.o
 .ARM.attributes
                0x00000178       0x1f ./Project_Settings/Startup_Code/startup_S32K144.o
 .ARM.attributes
                0x00000197       0x39 ./SDK/platform/devices/S32K144/startup/system_S32K144.o
 .ARM.attributes
                0x000001d0       0x39 ./SDK/platform/devices/startup.o
 .ARM.attributes
                0x00000209       0x39 ./SDK/platform/drivers/src/adc/adc_driver.o
 .ARM.attributes
                0x00000242       0x39 ./SDK/platform/drivers/src/clock/S32K1xx/clock_S32K1xx.o
 .ARM.attributes
                0x0000027b       0x39 ./SDK/platform/drivers/src/csec/csec_driver.o
 .ARM.attributes
                0x000002b4       0x39 ./SDK/platform/drivers/src/csec/csec_hw_access.o
 .ARM.attributes
                0x000002ed       0x39 ./SDK/platform/drivers/src/edma/edma_driver.o
 .ARM.attributes
                0x00000326       0x39 ./SDK/platform/drivers/src/edma/edma_hw_access.o
 .ARM.attributes
                0x0000035f       0x39 ./SDK/platform/drivers/src/edma/edma_irq.o
 .ARM.attributes
                0x00000398       0x39 ./SDK/platform/drivers/src/flexcan/flexcan_driver.o
 .ARM.attributes
                0x000003d1       0x39 ./SDK/platform/drivers/src/flexcan/flexcan_hw_access.o
 .ARM.attributes
                0x0000040a       0x39 ./SDK/platform/drivers/src/flexcan/flexcan_irq.o
 .ARM.attributes
                0x00000443       0x39 ./SDK/platform/drivers/src/interrupt/interrupt_manager.o
 .ARM.attributes
                0x0000047c       0x39 ./SDK/platform/drivers/src/lpi2c/lpi2c_driver.o
 .ARM.attributes
                0x000004b5       0x39 ./SDK/platform/drivers/src/lpi2c/lpi2c_hw_access.o
 .ARM.attributes
                0x000004ee       0x39 ./SDK/platform/drivers/src/lpi2c/lpi2c_irq.o
 .ARM.attributes
                0x00000527       0x39 ./SDK/platform/drivers/src/lpit/lpit_driver.o
 .ARM.attributes
                0x00000560       0x39 ./SDK/platform/drivers/src/pins/pins_driver.o
 .ARM.attributes
                0x00000599       0x39 ./SDK/platform/drivers/src/pins/pins_port_hw_access.o
 .ARM.attributes
                0x000005d2       0x39 ./SDK/rtos/osif/osif_baremetal.o
 .ARM.attributes
                0x0000060b       0x39 ./Sources/main.o
 .ARM.attributes
                0x00000644       0x22 d:/s32/s32_2_2/s32ds/build_tools/gcc_v6.3/gcc-6.3-arm32-eabi/bin/../lib/gcc/arm-none-eabi/6.3.1/thumb/v7e-m/fpv4-sp/hard\libgcc.a(_aeabi_uldivmod.o)
 .ARM.attributes
                0x00000666       0x34 d:/s32/s32_2_2/s32ds/build_tools/gcc_v6.3/gcc-6.3-arm32-eabi/bin/../lib/gcc/arm-none-eabi/6.3.1/thumb/v7e-m/fpv4-sp/hard\libgcc.a(_udivmoddi4.o)
 .ARM.attributes
                0x0000069a       0x22 d:/s32/s32_2_2/s32ds/build_tools/gcc_v6.3/gcc-6.3-arm32-eabi/bin/../lib/gcc/arm-none-eabi/6.3.1/thumb/v7e-m/fpv4-sp/hard\libgcc.a(_dvmd_tls.o)
                0x00000001                ASSERT ((__StackLimit >= __HeapLimit), region m_data_2 overflowed with stack and heap)
OUTPUT(S32K144_Smart_BMS.elf elf32-littlearm)

.debug_info     0x00000000    0x3a775
 .debug_info    0x00000000     0x30c3 ./Generated_Code/adConv1.o
 .debug_info    0x000030c3     0x3082 ./Generated_Code/canCom1.o
 .debug_info    0x00006145     0x31aa ./Generated_Code/clockMan1.o
 .debug_info    0x000092ef     0x3075 ./Generated_Code/lpi2c1.o
 .debug_info    0x0000c364     0x3082 ./Generated_Code/lpit1.o
 .debug_info    0x0000f3e6      0x40a ./Generated_Code/pin_mux.o
 .debug_info    0x0000f7f0       0x26 ./Project_Settings/Startup_Code/startup_S32K144.o
 .debug_info    0x0000f816      0x521 ./SDK/platform/devices/S32K144/startup/system_S32K144.o
 .debug_info    0x0000fd37      0x2ad ./SDK/platform/devices/startup.o
 .debug_info    0x0000ffe4     0x3545 ./SDK/platform/drivers/src/adc/adc_driver.o
 .debug_info    0x00013529     0x606d ./SDK/platform/drivers/src/clock/S32K1xx/clock_S32K1xx.o
 .debug_info    0x00019596     0x3d8c ./SDK/platform/drivers/src/csec/csec_driver.o
 .debug_info    0x0001d322      0xecf ./SDK/platform/drivers/src/csec/csec_hw_access.o
 .debug_info    0x0001e1f1     0x479e ./SDK/platform/drivers/src/edma/edma_driver.o
 .debug_info    0x0002298f      0xa55 ./SDK/platform/drivers/src/edma/edma_hw_access.o
 .debug_info    0x000233e4      0x6db ./SDK/platform/drivers/src/edma/edma_irq.o
 .debug_info    0x00023abf     0x55e6 ./SDK/platform/drivers/src/flexcan/flexcan_driver.o
 .debug_info    0x000290a5     0x1e9c ./SDK/platform/drivers/src/flexcan/flexcan_hw_access.o
 .debug_info    0x0002af41      0x275 ./SDK/platform/drivers/src/flexcan/flexcan_irq.o
 .debug_info    0x0002b1b6      0xb9d ./SDK/platform/drivers/src/interrupt/interrupt_manager.o
 .debug_info    0x0002bd53     0x5f14 ./SDK/platform/drivers/src/lpi2c/lpi2c_driver.o
 .debug_info    0x00031c67      0x433 ./SDK/platform/drivers/src/lpi2c/lpi2c_hw_access.o
 .debug_info    0x0003209a       0xdc ./SDK/platform/drivers/src/lpi2c/lpi2c_irq.o
 .debug_info    0x00032176     0x217b ./SDK/platform/drivers/src/lpit/lpit_driver.o
 .debug_info    0x000342f1     0x14ba ./SDK/platform/drivers/src/pins/pins_driver.o
 .debug_info    0x000357ab      0x9a5 ./SDK/platform/drivers/src/pins/pins_port_hw_access.o
 .debug_info    0x00036150      0xba7 ./SDK/rtos/osif/osif_baremetal.o
 .debug_info    0x00036cf7     0x3a7e ./Sources/main.o

.debug_abbrev   0x00000000     0x40ec
 .debug_abbrev  0x00000000      0x1ae ./Generated_Code/adConv1.o
 .debug_abbrev  0x000001ae      0x1ae ./Generated_Code/canCom1.o
 .debug_abbrev  0x0000035c      0x1bb ./Generated_Code/clockMan1.o
 .debug_abbrev  0x00000517      0x1ae ./Generated_Code/lpi2c1.o
 .debug_abbrev  0x000006c5      0x1ae ./Generated_Code/lpit1.o
 .debug_abbrev  0x00000873       0xcd ./Generated_Code/pin_mux.o
 .debug_abbrev  0x00000940       0x14 ./Project_Settings/Startup_Code/startup_S32K144.o
 .debug_abbrev  0x00000954      0x141 ./SDK/platform/devices/S32K144/startup/system_S32K144.o
 .debug_abbrev  0x00000a95       0xe1 ./SDK/platform/devices/startup.o
 .debug_abbrev  0x00000b76      0x39f ./SDK/platform/drivers/src/adc/adc_driver.o
 .debug_abbrev  0x00000f15      0x409 ./SDK/platform/drivers/src/clock/S32K1xx/clock_S32K1xx.o
 .debug_abbrev  0x0000131e      0x495 ./SDK/platform/drivers/src/csec/csec_driver.o
 .debug_abbrev  0x000017b3      0x268 ./SDK/platform/drivers/src/csec/csec_hw_access.o
 .debug_abbrev  0x00001a1b      0x412 ./SDK/platform/drivers/src/edma/edma_driver.o
 .debug_abbrev  0x00001e2d      0x240 ./SDK/platform/drivers/src/edma/edma_hw_access.o
 .debug_abbrev  0x0000206d      0x1b9 ./SDK/platform/drivers/src/edma/edma_irq.o
 .debug_abbrev  0x00002226      0x43e ./SDK/platform/drivers/src/flexcan/flexcan_driver.o
 .debug_abbrev  0x00002664      0x396 ./SDK/platform/drivers/src/flexcan/flexcan_hw_access.o
 .debug_abbrev  0x000029fa       0x6d ./SDK/platform/drivers/src/flexcan/flexcan_irq.o
 .debug_abbrev  0x00002a67      0x24e ./SDK/platform/drivers/src/interrupt/interrupt_manager.o
 .debug_abbrev  0x00002cb5      0x455 ./SDK/platform/drivers/src/lpi2c/lpi2c_driver.o
 .debug_abbrev  0x0000310a      0x162 ./SDK/platform/drivers/src/lpi2c/lpi2c_hw_access.o
 .debug_abbrev  0x0000326c       0x6d ./SDK/platform/drivers/src/lpi2c/lpi2c_irq.o
 .debug_abbrev  0x000032d9      0x38e ./SDK/platform/drivers/src/lpit/lpit_driver.o
 .debug_abbrev  0x00003667      0x2f6 ./SDK/platform/drivers/src/pins/pins_driver.o
 .debug_abbrev  0x0000395d      0x232 ./SDK/platform/drivers/src/pins/pins_port_hw_access.o
 .debug_abbrev  0x00003b8f      0x2df ./SDK/rtos/osif/osif_baremetal.o
 .debug_abbrev  0x00003e6e      0x27e ./Sources/main.o

.debug_aranges  0x00000000      0xeb0
 .debug_aranges
                0x00000000       0x18 ./Generated_Code/adConv1.o
 .debug_aranges
                0x00000018       0x18 ./Generated_Code/canCom1.o
 .debug_aranges
                0x00000030       0x18 ./Generated_Code/clockMan1.o
 .debug_aranges
                0x00000048       0x18 ./Generated_Code/lpi2c1.o
 .debug_aranges
                0x00000060       0x18 ./Generated_Code/lpit1.o
 .debug_aranges
                0x00000078       0x18 ./Generated_Code/pin_mux.o
 .debug_aranges
                0x00000090       0x20 ./Project_Settings/Startup_Code/startup_S32K144.o
 .debug_aranges
                0x000000b0       0x30 ./SDK/platform/devices/S32K144/startup/system_S32K144.o
 .debug_aranges
                0x000000e0       0x20 ./SDK/platform/devices/startup.o
 .debug_aranges
                0x00000100       0xe8 ./SDK/platform/drivers/src/adc/adc_driver.o
 .debug_aranges
                0x000001e8      0x120 ./SDK/platform/drivers/src/clock/S32K1xx/clock_S32K1xx.o
 .debug_aranges
                0x00000308      0x170 ./SDK/platform/drivers/src/csec/csec_driver.o
 .debug_aranges
                0x00000478       0x50 ./SDK/platform/drivers/src/csec/csec_hw_access.o
 .debug_aranges
                0x000004c8      0x140 ./SDK/platform/drivers/src/edma/edma_driver.o
 .debug_aranges
                0x00000608       0x88 ./SDK/platform/drivers/src/edma/edma_hw_access.o
 .debug_aranges
                0x00000690       0xa0 ./SDK/platform/drivers/src/edma/edma_irq.o
 .debug_aranges
                0x00000730      0x190 ./SDK/platform/drivers/src/flexcan/flexcan_driver.o
 .debug_aranges
                0x000008c0       0xe8 ./SDK/platform/drivers/src/flexcan/flexcan_hw_access.o
 .debug_aranges
                0x000009a8       0x80 ./SDK/platform/drivers/src/flexcan/flexcan_irq.o
 .debug_aranges
                0x00000a28       0x70 ./SDK/platform/drivers/src/interrupt/interrupt_manager.o
 .debug_aranges
                0x00000a98      0x148 ./SDK/platform/drivers/src/lpi2c/lpi2c_driver.o
 .debug_aranges
                0x00000be0       0x20 ./SDK/platform/drivers/src/lpi2c/lpi2c_hw_access.o
 .debug_aranges
                0x00000c00       0x28 ./SDK/platform/drivers/src/lpi2c/lpi2c_irq.o
 .debug_aranges
                0x00000c28       0xb0 ./SDK/platform/drivers/src/lpit/lpit_driver.o
 .debug_aranges
                0x00000cd8       0xe0 ./SDK/platform/drivers/src/pins/pins_driver.o
 .debug_aranges
                0x00000db8       0x40 ./SDK/platform/drivers/src/pins/pins_port_hw_access.o
 .debug_aranges
                0x00000df8       0x70 ./SDK/rtos/osif/osif_baremetal.o
 .debug_aranges
                0x00000e68       0x48 ./Sources/main.o

.debug_macro    0x00000000    0x11a46
 .debug_macro   0x00000000      0x29f ./Generated_Code/adConv1.o
 .debug_macro   0x0000029f     0xed32 ./Generated_Code/adConv1.o
 .debug_macro   0x0000efd1       0x10 ./Generated_Code/adConv1.o
 .debug_macro   0x0000efe1      0x29f ./Generated_Code/canCom1.o
 .debug_macro   0x0000f280      0x294 ./Generated_Code/clockMan1.o
 .debug_macro   0x0000f514      0x29f ./Generated_Code/lpi2c1.o
 .debug_macro   0x0000f7b3      0x29f ./Generated_Code/lpit1.o
 .debug_macro   0x0000fa52       0xdd ./Generated_Code/pin_mux.o
 .debug_macro   0x0000fb2f      0x16d ./Generated_Code/pin_mux.o
 .debug_macro   0x0000fc9c       0xb6 ./SDK/platform/devices/S32K144/startup/system_S32K144.o
 .debug_macro   0x0000fd52       0xb6 ./SDK/platform/devices/startup.o
 .debug_macro   0x0000fe08       0x40 ./SDK/platform/devices/startup.o
 .debug_macro   0x0000fe48       0xea ./SDK/platform/drivers/src/adc/adc_driver.o
 .debug_macro   0x0000ff32      0x2a3 ./SDK/platform/drivers/src/clock/S32K1xx/clock_S32K1xx.o
 .debug_macro   0x000101d5      0x1e1 ./SDK/platform/drivers/src/csec/csec_driver.o
 .debug_macro   0x000103b6       0x64 ./SDK/platform/drivers/src/csec/csec_driver.o
 .debug_macro   0x0001041a      0x19c ./SDK/platform/drivers/src/csec/csec_hw_access.o
 .debug_macro   0x000105b6       0x35 ./SDK/platform/drivers/src/csec/csec_hw_access.o
 .debug_macro   0x000105eb       0xf7 ./SDK/platform/drivers/src/edma/edma_driver.o
 .debug_macro   0x000106e2       0xcc ./SDK/platform/drivers/src/edma/edma_hw_access.o
 .debug_macro   0x000107ae       0xd0 ./SDK/platform/drivers/src/edma/edma_irq.o
 .debug_macro   0x0001087e      0x19b ./SDK/platform/drivers/src/flexcan/flexcan_driver.o
 .debug_macro   0x00010a19       0x4c ./SDK/platform/drivers/src/flexcan/flexcan_driver.o
 .debug_macro   0x00010a65       0x55 ./SDK/platform/drivers/src/flexcan/flexcan_driver.o
 .debug_macro   0x00010aba       0x16 ./SDK/platform/drivers/src/flexcan/flexcan_driver.o
 .debug_macro   0x00010ad0       0x57 ./SDK/platform/drivers/src/flexcan/flexcan_driver.o
 .debug_macro   0x00010b27      0x186 ./SDK/platform/drivers/src/flexcan/flexcan_driver.o
 .debug_macro   0x00010cad      0x165 ./SDK/platform/drivers/src/flexcan/flexcan_hw_access.o
 .debug_macro   0x00010e12       0xb7 ./SDK/platform/drivers/src/flexcan/flexcan_irq.o
 .debug_macro   0x00010ec9       0xb7 ./SDK/platform/drivers/src/interrupt/interrupt_manager.o
 .debug_macro   0x00010f80      0x143 ./SDK/platform/drivers/src/lpi2c/lpi2c_driver.o
 .debug_macro   0x000110c3       0x88 ./SDK/platform/drivers/src/lpi2c/lpi2c_driver.o
 .debug_macro   0x0001114b       0xfe ./SDK/platform/drivers/src/lpi2c/lpi2c_hw_access.o
 .debug_macro   0x00011249       0x82 ./SDK/platform/drivers/src/lpi2c/lpi2c_hw_access.o
 .debug_macro   0x000112cb      0x100 ./SDK/platform/drivers/src/lpi2c/lpi2c_irq.o
 .debug_macro   0x000113cb       0xf7 ./SDK/platform/drivers/src/lpit/lpit_driver.o
 .debug_macro   0x000114c2       0xde ./SDK/platform/drivers/src/pins/pins_driver.o
 .debug_macro   0x000115a0       0xde ./SDK/platform/drivers/src/pins/pins_port_hw_access.o
 .debug_macro   0x0001167e       0xfb ./SDK/rtos/osif/osif_baremetal.o
 .debug_macro   0x00011779      0x2cd ./Sources/main.o

.debug_line     0x00000000     0xe5d1
 .debug_line    0x00000000      0x6a8 ./Generated_Code/adConv1.o
 .debug_line    0x000006a8      0x6a8 ./Generated_Code/canCom1.o
 .debug_line    0x00000d50      0x6aa ./Generated_Code/clockMan1.o
 .debug_line    0x000013fa      0x6a7 ./Generated_Code/lpi2c1.o
 .debug_line    0x00001aa1      0x6a6 ./Generated_Code/lpit1.o
 .debug_line    0x00002147      0x3e3 ./Generated_Code/pin_mux.o
 .debug_line    0x0000252a       0xca ./Project_Settings/Startup_Code/startup_S32K144.o
 .debug_line    0x000025f4      0x414 ./SDK/platform/devices/S32K144/startup/system_S32K144.o
 .debug_line    0x00002a08      0x3a3 ./SDK/platform/devices/startup.o
 .debug_line    0x00002dab      0xb79 ./SDK/platform/drivers/src/adc/adc_driver.o
 .debug_line    0x00003924     0x149b ./SDK/platform/drivers/src/clock/S32K1xx/clock_S32K1xx.o
 .debug_line    0x00004dbf     0x1066 ./SDK/platform/drivers/src/csec/csec_driver.o
 .debug_line    0x00005e25      0x5c6 ./SDK/platform/drivers/src/csec/csec_hw_access.o
 .debug_line    0x000063eb     0x1077 ./SDK/platform/drivers/src/edma/edma_driver.o
 .debug_line    0x00007462      0x606 ./SDK/platform/drivers/src/edma/edma_hw_access.o
 .debug_line    0x00007a68      0x56d ./SDK/platform/drivers/src/edma/edma_irq.o
 .debug_line    0x00007fd5     0x11a7 ./SDK/platform/drivers/src/flexcan/flexcan_driver.o
 .debug_line    0x0000917c      0xa74 ./SDK/platform/drivers/src/flexcan/flexcan_hw_access.o
 .debug_line    0x00009bf0      0x495 ./SDK/platform/drivers/src/flexcan/flexcan_irq.o
 .debug_line    0x0000a085      0x584 ./SDK/platform/drivers/src/interrupt/interrupt_manager.o
 .debug_line    0x0000a609     0x12fc ./SDK/platform/drivers/src/lpi2c/lpi2c_driver.o
 .debug_line    0x0000b905      0x4c3 ./SDK/platform/drivers/src/lpi2c/lpi2c_hw_access.o
 .debug_line    0x0000bdc8      0x4b5 ./SDK/platform/drivers/src/lpi2c/lpi2c_irq.o
 .debug_line    0x0000c27d      0x920 ./SDK/platform/drivers/src/lpit/lpit_driver.o
 .debug_line    0x0000cb9d      0x6df ./SDK/platform/drivers/src/pins/pins_driver.o
 .debug_line    0x0000d27c      0x59e ./SDK/platform/drivers/src/pins/pins_port_hw_access.o
 .debug_line    0x0000d81a      0x638 ./SDK/rtos/osif/osif_baremetal.o
 .debug_line    0x0000de52      0x77f ./Sources/main.o

.debug_str      0x00000000    0x7a66c
 .debug_str     0x00000000    0x6fae9 ./Generated_Code/adConv1.o
                              0x700bd (size before relaxing)
 .debug_str     0x0006fae9       0x1c ./Generated_Code/canCom1.o
                              0x700bd (size before relaxing)
 .debug_str     0x0006fb05      0x4b6 ./Generated_Code/clockMan1.o
                              0x70557 (size before relaxing)
 .debug_str     0x0006ffbb       0x1b ./Generated_Code/lpi2c1.o
                              0x700bc (size before relaxing)
 .debug_str     0x0006ffd6       0x1a ./Generated_Code/lpit1.o
                              0x700bb (size before relaxing)
 .debug_str     0x0006fff0       0x1c ./Generated_Code/pin_mux.o
                              0x68ca5 (size before relaxing)
 .debug_str     0x0007000c       0x7a ./Project_Settings/Startup_Code/startup_S32K144.o
                                 0xa7 (size before relaxing)
 .debug_str     0x00070086      0x1fc ./SDK/platform/devices/S32K144/startup/system_S32K144.o
                              0x68839 (size before relaxing)
 .debug_str     0x00070282      0x397 ./SDK/platform/devices/startup.o
                              0x689ab (size before relaxing)
 .debug_str     0x00070619     0x10b6 ./SDK/platform/drivers/src/adc/adc_driver.o
                              0x6ae18 (size before relaxing)
 .debug_str     0x000716cf     0x1d37 ./SDK/platform/drivers/src/clock/S32K1xx/clock_S32K1xx.o
                              0x6c9d4 (size before relaxing)
 .debug_str     0x00073406      0xaa0 ./SDK/platform/drivers/src/csec/csec_driver.o
                              0x6d861 (size before relaxing)
 .debug_str     0x00073ea6       0x88 ./SDK/platform/drivers/src/csec/csec_hw_access.o
                              0x6c28c (size before relaxing)
 .debug_str     0x00073f2e     0x11be ./SDK/platform/drivers/src/edma/edma_driver.o
                              0x6b742 (size before relaxing)
 .debug_str     0x000750ec       0x76 ./SDK/platform/drivers/src/edma/edma_hw_access.o
                              0x68f0a (size before relaxing)
 .debug_str     0x00075162      0x192 ./SDK/platform/drivers/src/edma/edma_irq.o
                              0x68c15 (size before relaxing)
 .debug_str     0x000752f4     0x1e09 ./SDK/platform/drivers/src/flexcan/flexcan_driver.o
                              0x6c904 (size before relaxing)
 .debug_str     0x000770fd      0x4db ./SDK/platform/drivers/src/flexcan/flexcan_hw_access.o
                              0x6ad7f (size before relaxing)
 .debug_str     0x000775d8      0x1ac ./SDK/platform/drivers/src/flexcan/flexcan_irq.o
                              0x6873b (size before relaxing)
 .debug_str     0x00077784      0x18e ./SDK/platform/drivers/src/interrupt/interrupt_manager.o
                              0x68e2a (size before relaxing)
 .debug_str     0x00077912     0x1a5f ./SDK/platform/drivers/src/lpi2c/lpi2c_driver.o
                              0x6c0e6 (size before relaxing)
 .debug_str     0x00079371       0x9f ./SDK/platform/drivers/src/lpi2c/lpi2c_hw_access.o
                              0x68e60 (size before relaxing)
 .debug_str     0x00079410       0x9e ./SDK/platform/drivers/src/lpi2c/lpi2c_irq.o
                              0x68a05 (size before relaxing)
 .debug_str     0x000794ae      0x686 ./SDK/platform/drivers/src/lpit/lpit_driver.o
                              0x6a61f (size before relaxing)
 .debug_str     0x00079b34      0x638 ./SDK/platform/drivers/src/pins/pins_driver.o
                              0x69b07 (size before relaxing)
 .debug_str     0x0007a16c      0x1c2 ./SDK/platform/drivers/src/pins/pins_port_hw_access.o
                              0x68fef (size before relaxing)
 .debug_str     0x0007a32e      0x19d ./SDK/rtos/osif/osif_baremetal.o
                              0x69959 (size before relaxing)
 .debug_str     0x0007a4cb      0x1a1 ./Sources/main.o
                              0x70b89 (size before relaxing)

.comment        0x00000000       0xa0
 .comment       0x00000000       0xa0 ./Generated_Code/adConv1.o
                                 0xa1 (size before relaxing)
 .comment       0x000000a0       0xa1 ./Generated_Code/canCom1.o
 .comment       0x000000a0       0xa1 ./Generated_Code/clockMan1.o
 .comment       0x000000a0       0xa1 ./Generated_Code/lpi2c1.o
 .comment       0x000000a0       0xa1 ./Generated_Code/lpit1.o
 .comment       0x000000a0       0xa1 ./Generated_Code/pin_mux.o
 .comment       0x000000a0       0xa1 ./SDK/platform/devices/S32K144/startup/system_S32K144.o
 .comment       0x000000a0       0xa1 ./SDK/platform/devices/startup.o
 .comment       0x000000a0       0xa1 ./SDK/platform/drivers/src/adc/adc_driver.o
 .comment       0x000000a0       0xa1 ./SDK/platform/drivers/src/clock/S32K1xx/clock_S32K1xx.o
 .comment       0x000000a0       0xa1 ./SDK/platform/drivers/src/csec/csec_driver.o
 .comment       0x000000a0       0xa1 ./SDK/platform/drivers/src/csec/csec_hw_access.o
 .comment       0x000000a0       0xa1 ./SDK/platform/drivers/src/edma/edma_driver.o
 .comment       0x000000a0       0xa1 ./SDK/platform/drivers/src/edma/edma_hw_access.o
 .comment       0x000000a0       0xa1 ./SDK/platform/drivers/src/edma/edma_irq.o
 .comment       0x000000a0       0xa1 ./SDK/platform/drivers/src/flexcan/flexcan_driver.o
 .comment       0x000000a0       0xa1 ./SDK/platform/drivers/src/flexcan/flexcan_hw_access.o
 .comment       0x000000a0       0xa1 ./SDK/platform/drivers/src/flexcan/flexcan_irq.o
 .comment       0x000000a0       0xa1 ./SDK/platform/drivers/src/interrupt/interrupt_manager.o
 .comment       0x000000a0       0xa1 ./SDK/platform/drivers/src/lpi2c/lpi2c_driver.o
 .comment       0x000000a0       0xa1 ./SDK/platform/drivers/src/lpi2c/lpi2c_hw_access.o
 .comment       0x000000a0       0xa1 ./SDK/platform/drivers/src/lpi2c/lpi2c_irq.o
 .comment       0x000000a0       0xa1 ./SDK/platform/drivers/src/lpit/lpit_driver.o
 .comment       0x000000a0       0xa1 ./SDK/platform/drivers/src/pins/pins_driver.o
 .comment       0x000000a0       0xa1 ./SDK/platform/drivers/src/pins/pins_port_hw_access.o
 .comment       0x000000a0       0xa1 ./SDK/rtos/osif/osif_baremetal.o
 .comment       0x000000a0       0xa1 ./Sources/main.o

.debug_loc      0x00000000    0x1982c
 .debug_loc     0x00000000       0xeb ./SDK/platform/devices/S32K144/startup/system_S32K144.o
 .debug_loc     0x000000eb       0xec ./SDK/platform/devices/startup.o
 .debug_loc     0x000001d7     0x1a7f ./SDK/platform/drivers/src/adc/adc_driver.o
 .debug_loc     0x00001c56     0x4e23 ./SDK/platform/drivers/src/clock/S32K1xx/clock_S32K1xx.o
 .debug_loc     0x00006a79     0x297b ./SDK/platform/drivers/src/csec/csec_driver.o
 .debug_loc     0x000093f4      0x56c ./SDK/platform/drivers/src/csec/csec_hw_access.o
 .debug_loc     0x00009960     0x3263 ./SDK/platform/drivers/src/edma/edma_driver.o
 .debug_loc     0x0000cbc3      0x7b9 ./SDK/platform/drivers/src/edma/edma_hw_access.o
 .debug_loc     0x0000d37c       0x50 ./SDK/platform/drivers/src/edma/edma_irq.o
 .debug_loc     0x0000d3cc     0x379d ./SDK/platform/drivers/src/flexcan/flexcan_driver.o
 .debug_loc     0x00010b69     0x1c70 ./SDK/platform/drivers/src/flexcan/flexcan_hw_access.o
 .debug_loc     0x000127d9      0x63c ./SDK/platform/drivers/src/interrupt/interrupt_manager.o
 .debug_loc     0x00012e15     0x3f50 ./SDK/platform/drivers/src/lpi2c/lpi2c_driver.o
 .debug_loc     0x00016d65       0x94 ./SDK/platform/drivers/src/lpi2c/lpi2c_hw_access.o
 .debug_loc     0x00016df9     0x1342 ./SDK/platform/drivers/src/lpit/lpit_driver.o
 .debug_loc     0x0001813b      0x7c7 ./SDK/platform/drivers/src/pins/pins_driver.o
 .debug_loc     0x00018902      0x639 ./SDK/platform/drivers/src/pins/pins_port_hw_access.o
 .debug_loc     0x00018f3b      0x353 ./SDK/rtos/osif/osif_baremetal.o
 .debug_loc     0x0001928e      0x59e ./Sources/main.o

.debug_ranges   0x00000000     0x1610
 .debug_ranges  0x00000000       0x20 ./SDK/platform/devices/S32K144/startup/system_S32K144.o
 .debug_ranges  0x00000020       0x10 ./SDK/platform/devices/startup.o
 .debug_ranges  0x00000030      0x180 ./SDK/platform/drivers/src/adc/adc_driver.o
 .debug_ranges  0x000001b0      0x358 ./SDK/platform/drivers/src/clock/S32K1xx/clock_S32K1xx.o
 .debug_ranges  0x00000508      0x2d0 ./SDK/platform/drivers/src/csec/csec_driver.o
 .debug_ranges  0x000007d8       0x88 ./SDK/platform/drivers/src/csec/csec_hw_access.o
 .debug_ranges  0x00000860      0x190 ./SDK/platform/drivers/src/edma/edma_driver.o
 .debug_ranges  0x000009f0       0x90 ./SDK/platform/drivers/src/edma/edma_hw_access.o
 .debug_ranges  0x00000a80       0x90 ./SDK/platform/drivers/src/edma/edma_irq.o
 .debug_ranges  0x00000b10      0x2a0 ./SDK/platform/drivers/src/flexcan/flexcan_driver.o
 .debug_ranges  0x00000db0      0x108 ./SDK/platform/drivers/src/flexcan/flexcan_hw_access.o
 .debug_ranges  0x00000eb8       0x70 ./SDK/platform/drivers/src/flexcan/flexcan_irq.o
 .debug_ranges  0x00000f28       0x98 ./SDK/platform/drivers/src/interrupt/interrupt_manager.o
 .debug_ranges  0x00000fc0      0x338 ./SDK/platform/drivers/src/lpi2c/lpi2c_driver.o
 .debug_ranges  0x000012f8       0x10 ./SDK/platform/drivers/src/lpi2c/lpi2c_hw_access.o
 .debug_ranges  0x00001308       0x18 ./SDK/platform/drivers/src/lpi2c/lpi2c_irq.o
 .debug_ranges  0x00001320      0x108 ./SDK/platform/drivers/src/lpit/lpit_driver.o
 .debug_ranges  0x00001428       0xd0 ./SDK/platform/drivers/src/pins/pins_driver.o
 .debug_ranges  0x000014f8       0x48 ./SDK/platform/drivers/src/pins/pins_port_hw_access.o
 .debug_ranges  0x00001540       0x98 ./SDK/rtos/osif/osif_baremetal.o
 .debug_ranges  0x000015d8       0x38 ./Sources/main.o

.debug_frame    0x00000000     0x2750
 .debug_frame   0x00000000       0x40 ./SDK/platform/devices/S32K144/startup/system_S32K144.o
 .debug_frame   0x00000040       0x2c ./SDK/platform/devices/startup.o
 .debug_frame   0x0000006c      0x258 ./SDK/platform/drivers/src/adc/adc_driver.o
 .debug_frame   0x000002c4      0x384 ./SDK/platform/drivers/src/clock/S32K1xx/clock_S32K1xx.o
 .debug_frame   0x00000648      0x508 ./SDK/platform/drivers/src/csec/csec_driver.o
 .debug_frame   0x00000b50       0xc0 ./SDK/platform/drivers/src/csec/csec_hw_access.o
 .debug_frame   0x00000c10      0x398 ./SDK/platform/drivers/src/edma/edma_driver.o
 .debug_frame   0x00000fa8      0x140 ./SDK/platform/drivers/src/edma/edma_hw_access.o
 .debug_frame   0x000010e8      0x1ac ./SDK/platform/drivers/src/edma/edma_irq.o
 .debug_frame   0x00001294      0x558 ./SDK/platform/drivers/src/flexcan/flexcan_driver.o
 .debug_frame   0x000017ec      0x26c ./SDK/platform/drivers/src/flexcan/flexcan_hw_access.o
 .debug_frame   0x00001a58      0x148 ./SDK/platform/drivers/src/flexcan/flexcan_irq.o
 .debug_frame   0x00001ba0       0xd8 ./SDK/platform/drivers/src/interrupt/interrupt_manager.o
 .debug_frame   0x00001c78      0x44c ./SDK/platform/drivers/src/lpi2c/lpi2c_driver.o
 .debug_frame   0x000020c4       0x20 ./SDK/platform/drivers/src/lpi2c/lpi2c_hw_access.o
 .debug_frame   0x000020e4       0x40 ./SDK/platform/drivers/src/lpi2c/lpi2c_irq.o
 .debug_frame   0x00002124      0x1a8 ./SDK/platform/drivers/src/lpit/lpit_driver.o
 .debug_frame   0x000022cc      0x1e4 ./SDK/platform/drivers/src/pins/pins_driver.o
 .debug_frame   0x000024b0       0xa0 ./SDK/platform/drivers/src/pins/pins_port_hw_access.o
 .debug_frame   0x00002550       0xf4 ./SDK/rtos/osif/osif_baremetal.o
 .debug_frame   0x00002644       0xac ./Sources/main.o
 .debug_frame   0x000026f0       0x2c d:/s32/s32_2_2/s32ds/build_tools/gcc_v6.3/gcc-6.3-arm32-eabi/bin/../lib/gcc/arm-none-eabi/6.3.1/thumb/v7e-m/fpv4-sp/hard\libgcc.a(_aeabi_uldivmod.o)
 .debug_frame   0x0000271c       0x34 d:/s32/s32_2_2/s32ds/build_tools/gcc_v6.3/gcc-6.3-arm32-eabi/bin/../lib/gcc/arm-none-eabi/6.3.1/thumb/v7e-m/fpv4-sp/hard\libgcc.a(_udivmoddi4.o)
